###############################################################################
#
# IAR ELF Linker V8.32.1.169/W32 for ARM                  28/Oct/2025  14:37:11
# Copyright 2007-2018 IAR Systems AB.
#
#    Output file  =  
#        F:\none\Study\Electron\Embedded-System-Design\pingmudemo11\pingmudemo\EWARM\pingmudemo\Exe\pingmudemo.out
#    Map file     =  
#        F:\none\Study\Electron\Embedded-System-Design\pingmudemo11\pingmudemo\EWARM\pingmudemo\List\pingmudemo.map
#    Command line =  
#        -f C:\Users\86136\AppData\Local\Temp\EW5A.tmp
#        (F:\none\Study\Electron\Embedded-System-Design\pingmudemo11\pingmudemo\EWARM\pingmudemo\Obj\adc.o
#        F:\none\Study\Electron\Embedded-System-Design\pingmudemo11\pingmudemo\EWARM\pingmudemo\Obj\bsp_driver_sd.o
#        F:\none\Study\Electron\Embedded-System-Design\pingmudemo11\pingmudemo\EWARM\pingmudemo\Obj\chinese.o
#        F:\none\Study\Electron\Embedded-System-Design\pingmudemo11\pingmudemo\EWARM\pingmudemo\Obj\crc.o
#        F:\none\Study\Electron\Embedded-System-Design\pingmudemo11\pingmudemo\EWARM\pingmudemo\Obj\diskio.o
#        F:\none\Study\Electron\Embedded-System-Design\pingmudemo11\pingmudemo\EWARM\pingmudemo\Obj\dma.o
#        F:\none\Study\Electron\Embedded-System-Design\pingmudemo11\pingmudemo\EWARM\pingmudemo\Obj\fatfs.o
#        F:\none\Study\Electron\Embedded-System-Design\pingmudemo11\pingmudemo\EWARM\pingmudemo\Obj\fatfs_platform.o
#        F:\none\Study\Electron\Embedded-System-Design\pingmudemo11\pingmudemo\EWARM\pingmudemo\Obj\ff.o
#        F:\none\Study\Electron\Embedded-System-Design\pingmudemo11\pingmudemo\EWARM\pingmudemo\Obj\ff_gen_drv.o
#        F:\none\Study\Electron\Embedded-System-Design\pingmudemo11\pingmudemo\EWARM\pingmudemo\Obj\gpio.o
#        F:\none\Study\Electron\Embedded-System-Design\pingmudemo11\pingmudemo\EWARM\pingmudemo\Obj\GUI_App.o
#        F:\none\Study\Electron\Embedded-System-Design\pingmudemo11\pingmudemo\EWARM\pingmudemo\Obj\GUI_X.o
#        F:\none\Study\Electron\Embedded-System-Design\pingmudemo11\pingmudemo\EWARM\pingmudemo\Obj\GUIConf.o
#        F:\none\Study\Electron\Embedded-System-Design\pingmudemo11\pingmudemo\EWARM\pingmudemo\Obj\HW_Init.o
#        F:\none\Study\Electron\Embedded-System-Design\pingmudemo11\pingmudemo\EWARM\pingmudemo\Obj\i2c.o
#        F:\none\Study\Electron\Embedded-System-Design\pingmudemo11\pingmudemo\Drivers\CMSIS\Lib\IAR\iar_cortexM7ls_math.a
#        F:\none\Study\Electron\Embedded-System-Design\pingmudemo11\pingmudemo\EWARM\pingmudemo\Obj\main.o
#        F:\none\Study\Electron\Embedded-System-Design\pingmudemo11\pingmudemo\EWARM\pingmudemo\Obj\rtc.o
#        F:\none\Study\Electron\Embedded-System-Design\pingmudemo11\pingmudemo\EWARM\pingmudemo\Obj\sai.o
#        F:\none\Study\Electron\Embedded-System-Design\pingmudemo11\pingmudemo\EWARM\pingmudemo\Obj\sd_diskio.o
#        F:\none\Study\Electron\Embedded-System-Design\pingmudemo11\pingmudemo\EWARM\pingmudemo\Obj\sdmmc.o
#        F:\none\Study\Electron\Embedded-System-Design\pingmudemo11\pingmudemo\EWARM\pingmudemo\Obj\startup_stm32f746xx.o
#        F:\none\Study\Electron\Embedded-System-Design\pingmudemo11\pingmudemo\Middlewares\ST\STemWin\Lib\STemWin_CM7_wc32_ot_ARGB.a
#        F:\none\Study\Electron\Embedded-System-Design\pingmudemo11\pingmudemo\EWARM\pingmudemo\Obj\STemwin_wrapper.o
#        F:\none\Study\Electron\Embedded-System-Design\pingmudemo11\pingmudemo\EWARM\pingmudemo\Obj\stm32746g_discovery.o
#        F:\none\Study\Electron\Embedded-System-Design\pingmudemo11\pingmudemo\EWARM\pingmudemo\Obj\stm32746g_discovery_audio.o
#        F:\none\Study\Electron\Embedded-System-Design\pingmudemo11\pingmudemo\EWARM\pingmudemo\Obj\stm32f7xx_hal.o
#        F:\none\Study\Electron\Embedded-System-Design\pingmudemo11\pingmudemo\EWARM\pingmudemo\Obj\stm32f7xx_hal_adc.o
#        F:\none\Study\Electron\Embedded-System-Design\pingmudemo11\pingmudemo\EWARM\pingmudemo\Obj\stm32f7xx_hal_adc_ex.o
#        F:\none\Study\Electron\Embedded-System-Design\pingmudemo11\pingmudemo\EWARM\pingmudemo\Obj\stm32f7xx_hal_cortex.o
#        F:\none\Study\Electron\Embedded-System-Design\pingmudemo11\pingmudemo\EWARM\pingmudemo\Obj\stm32f7xx_hal_crc.o
#        F:\none\Study\Electron\Embedded-System-Design\pingmudemo11\pingmudemo\EWARM\pingmudemo\Obj\stm32f7xx_hal_crc_ex.o
#        F:\none\Study\Electron\Embedded-System-Design\pingmudemo11\pingmudemo\EWARM\pingmudemo\Obj\stm32f7xx_hal_dma.o
#        F:\none\Study\Electron\Embedded-System-Design\pingmudemo11\pingmudemo\EWARM\pingmudemo\Obj\stm32f7xx_hal_dma_ex.o
#        F:\none\Study\Electron\Embedded-System-Design\pingmudemo11\pingmudemo\EWARM\pingmudemo\Obj\stm32f7xx_hal_dsi.o
#        F:\none\Study\Electron\Embedded-System-Design\pingmudemo11\pingmudemo\EWARM\pingmudemo\Obj\stm32f7xx_hal_exti.o
#        F:\none\Study\Electron\Embedded-System-Design\pingmudemo11\pingmudemo\EWARM\pingmudemo\Obj\stm32f7xx_hal_flash.o
#        F:\none\Study\Electron\Embedded-System-Design\pingmudemo11\pingmudemo\EWARM\pingmudemo\Obj\stm32f7xx_hal_flash_ex.o
#        F:\none\Study\Electron\Embedded-System-Design\pingmudemo11\pingmudemo\EWARM\pingmudemo\Obj\stm32f7xx_hal_gpio.o
#        F:\none\Study\Electron\Embedded-System-Design\pingmudemo11\pingmudemo\EWARM\pingmudemo\Obj\stm32f7xx_hal_i2c.o
#        F:\none\Study\Electron\Embedded-System-Design\pingmudemo11\pingmudemo\EWARM\pingmudemo\Obj\stm32f7xx_hal_i2c_ex.o
#        F:\none\Study\Electron\Embedded-System-Design\pingmudemo11\pingmudemo\EWARM\pingmudemo\Obj\stm32f7xx_hal_ltdc.o
#        F:\none\Study\Electron\Embedded-System-Design\pingmudemo11\pingmudemo\EWARM\pingmudemo\Obj\stm32f7xx_hal_ltdc_ex.o
#        F:\none\Study\Electron\Embedded-System-Design\pingmudemo11\pingmudemo\EWARM\pingmudemo\Obj\stm32f7xx_hal_msp.o
#        F:\none\Study\Electron\Embedded-System-Design\pingmudemo11\pingmudemo\EWARM\pingmudemo\Obj\stm32f7xx_hal_pcd.o
#        F:\none\Study\Electron\Embedded-System-Design\pingmudemo11\pingmudemo\EWARM\pingmudemo\Obj\stm32f7xx_hal_pcd_ex.o
#        F:\none\Study\Electron\Embedded-System-Design\pingmudemo11\pingmudemo\EWARM\pingmudemo\Obj\stm32f7xx_hal_pwr.o
#        F:\none\Study\Electron\Embedded-System-Design\pingmudemo11\pingmudemo\EWARM\pingmudemo\Obj\stm32f7xx_hal_pwr_ex.o
#        F:\none\Study\Electron\Embedded-System-Design\pingmudemo11\pingmudemo\EWARM\pingmudemo\Obj\stm32f7xx_hal_rcc.o
#        F:\none\Study\Electron\Embedded-System-Design\pingmudemo11\pingmudemo\EWARM\pingmudemo\Obj\stm32f7xx_hal_rcc_ex.o
#        F:\none\Study\Electron\Embedded-System-Design\pingmudemo11\pingmudemo\EWARM\pingmudemo\Obj\stm32f7xx_hal_rtc.o
#        F:\none\Study\Electron\Embedded-System-Design\pingmudemo11\pingmudemo\EWARM\pingmudemo\Obj\stm32f7xx_hal_rtc_ex.o
#        F:\none\Study\Electron\Embedded-System-Design\pingmudemo11\pingmudemo\EWARM\pingmudemo\Obj\stm32f7xx_hal_sai.o
#        F:\none\Study\Electron\Embedded-System-Design\pingmudemo11\pingmudemo\EWARM\pingmudemo\Obj\stm32f7xx_hal_sai_ex.o
#        F:\none\Study\Electron\Embedded-System-Design\pingmudemo11\pingmudemo\EWARM\pingmudemo\Obj\stm32f7xx_hal_sd.o
#        F:\none\Study\Electron\Embedded-System-Design\pingmudemo11\pingmudemo\EWARM\pingmudemo\Obj\stm32f7xx_hal_sdram.o
#        F:\none\Study\Electron\Embedded-System-Design\pingmudemo11\pingmudemo\EWARM\pingmudemo\Obj\stm32f7xx_hal_tim.o
#        F:\none\Study\Electron\Embedded-System-Design\pingmudemo11\pingmudemo\EWARM\pingmudemo\Obj\stm32f7xx_hal_tim_ex.o
#        F:\none\Study\Electron\Embedded-System-Design\pingmudemo11\pingmudemo\EWARM\pingmudemo\Obj\stm32f7xx_hal_uart.o
#        F:\none\Study\Electron\Embedded-System-Design\pingmudemo11\pingmudemo\EWARM\pingmudemo\Obj\stm32f7xx_hal_uart_ex.o
#        F:\none\Study\Electron\Embedded-System-Design\pingmudemo11\pingmudemo\EWARM\pingmudemo\Obj\stm32f7xx_it.o
#        F:\none\Study\Electron\Embedded-System-Design\pingmudemo11\pingmudemo\EWARM\pingmudemo\Obj\stm32f7xx_ll_fmc.o
#        F:\none\Study\Electron\Embedded-System-Design\pingmudemo11\pingmudemo\EWARM\pingmudemo\Obj\stm32f7xx_ll_sdmmc.o
#        F:\none\Study\Electron\Embedded-System-Design\pingmudemo11\pingmudemo\EWARM\pingmudemo\Obj\stm32f7xx_ll_usb.o
#        F:\none\Study\Electron\Embedded-System-Design\pingmudemo11\pingmudemo\EWARM\pingmudemo\Obj\sys.o
#        F:\none\Study\Electron\Embedded-System-Design\pingmudemo11\pingmudemo\EWARM\pingmudemo\Obj\syscall.o
#        F:\none\Study\Electron\Embedded-System-Design\pingmudemo11\pingmudemo\EWARM\pingmudemo\Obj\system_stm32f7xx.o
#        F:\none\Study\Electron\Embedded-System-Design\pingmudemo11\pingmudemo\EWARM\pingmudemo\Obj\tim.o
#        F:\none\Study\Electron\Embedded-System-Design\pingmudemo11\pingmudemo\EWARM\pingmudemo\Obj\usart.o
#        F:\none\Study\Electron\Embedded-System-Design\pingmudemo11\pingmudemo\EWARM\pingmudemo\Obj\usb_device.o
#        F:\none\Study\Electron\Embedded-System-Design\pingmudemo11\pingmudemo\EWARM\pingmudemo\Obj\usbd_conf.o
#        F:\none\Study\Electron\Embedded-System-Design\pingmudemo11\pingmudemo\EWARM\pingmudemo\Obj\usbd_core.o
#        F:\none\Study\Electron\Embedded-System-Design\pingmudemo11\pingmudemo\EWARM\pingmudemo\Obj\usbd_ctlreq.o
#        F:\none\Study\Electron\Embedded-System-Design\pingmudemo11\pingmudemo\EWARM\pingmudemo\Obj\usbd_desc.o
#        F:\none\Study\Electron\Embedded-System-Design\pingmudemo11\pingmudemo\EWARM\pingmudemo\Obj\usbd_ioreq.o
#        F:\none\Study\Electron\Embedded-System-Design\pingmudemo11\pingmudemo\EWARM\pingmudemo\Obj\usbd_msc.o
#        F:\none\Study\Electron\Embedded-System-Design\pingmudemo11\pingmudemo\EWARM\pingmudemo\Obj\usbd_msc_bot.o
#        F:\none\Study\Electron\Embedded-System-Design\pingmudemo11\pingmudemo\EWARM\pingmudemo\Obj\usbd_msc_data.o
#        F:\none\Study\Electron\Embedded-System-Design\pingmudemo11\pingmudemo\EWARM\pingmudemo\Obj\usbd_msc_scsi.o
#        F:\none\Study\Electron\Embedded-System-Design\pingmudemo11\pingmudemo\EWARM\pingmudemo\Obj\usbd_storage_if.o
#        F:\none\Study\Electron\Embedded-System-Design\pingmudemo11\pingmudemo\EWARM\pingmudemo\Obj\WindowDLG.o
#        F:\none\Study\Electron\Embedded-System-Design\pingmudemo11\pingmudemo\EWARM\pingmudemo\Obj\wm8994.o
#        --redirect _Printf=_PrintfFull --redirect _Scanf=_ScanfFull
#        --no_out_extension -o
#        F:\none\Study\Electron\Embedded-System-Design\pingmudemo11\pingmudemo\EWARM\pingmudemo\Exe\pingmudemo.out
#        --map
#        F:\none\Study\Electron\Embedded-System-Design\pingmudemo11\pingmudemo\EWARM\pingmudemo\List\pingmudemo.map
#        --config
#        F:\none\Study\Electron\Embedded-System-Design\pingmudemo11\pingmudemo\EWARM/stm32f746xx_flash.icf
#        --semihosting --entry __iar_program_start --vfe --text_out locale)
#
###############################################################################

*******************************************************************************
*** RUNTIME MODEL ATTRIBUTES
***

CppFlavor       = *
__Heap_Handler  = DLMalloc
__SystemLibrary = DLib
__dlib_version  = 6


*******************************************************************************
*** HEAP SELECTION
***

The advanced heap was selected because the application calls memory
allocation functions outside of system library functions, and there
are calls to deallocation functions in the application.


*******************************************************************************
*** PLACEMENT SUMMARY
***

"A0":  place at 0x800'0000 { ro section .intvec };
"P1":  place in [from 0x800'0000 to 0x80f'ffff] { ro };
define block CSTACK with size = 8K, alignment = 8 { };
define block HEAP with size = 32K, alignment = 8 { };
"P2":  place in [from 0x2000'0000 to 0x2004'ffff] {
          rw, block CSTACK, block HEAP };
initialize by copy { rw };

  Section                 Kind         Address     Size  Object
  -------                 ----         -------     ----  ------
"A0":                                             0x1c8
  .intvec                 ro code   0x800'0000    0x1c8  startup_stm32f746xx.o [1]
                                  - 0x800'01c8    0x1c8

"P1":                                           0x4b53f
  .rodata                 const     0x800'01c8  0x13458  arm_common_tables.o [4]
  .text                   ro code   0x801'3620   0x2b28  WindowDLG.o [1]
  .text                   ro code   0x801'6148    0x190  rtc.o [1]
  .text                   ro code   0x801'62d8     0x40  sprintf.o [3]
  .text.TEXT_SetFont      ro code   0x801'6318     0x2c  TEXT.o [2]
  .text.TEXT_SetText      ro code   0x801'6344     0x5c  TEXT.o [2]
  .text.WM_GetDialogItem  ro code   0x801'63a0      0x8  WM_Lib.o [2]
  .text.BUTTON_SetFont    ro code   0x801'63a8     0x28  BUTTON.o [2]
  .text.BUTTON_SetText    ro code   0x801'63d0     0x5c  BUTTON.o [2]
  .text.DROPDOWN_SetFont  ro code   0x801'642c     0xc0  DROPDOWN.o [2]
  .text.DROPDOWN_SetAutoScroll
                          ro code   0x801'64ec     0x54  DROPDOWN.o [2]
  .text.DROPDOWN_AddString
                          ro code   0x801'6540     0x3c  DROPDOWN.o [2]
  .text.CHECKBOX_SetFont  ro code   0x801'657c     0x2c  CHECKBOX.o [2]
  .text.CHECKBOX_SetText  ro code   0x801'65a8     0x50  CHECKBOX.o [2]
  .text.DROPDOWN_SetSel   ro code   0x801'65f8     0x54  DROPDOWN.o [2]
  .text.CHECKBOX_SetState
                          ro code   0x801'664c     0x40  CHECKBOX.o [2]
  .text.WM_GetId          ro code   0x801'668c     0x20  WM_Lib.o [2]
  .text.WM_DeleteWindow   ro code   0x801'66ac      0x8  WM.o [2]
  .text.WM_DefaultProc    ro code   0x801'66b4     0x60  WM.o [2]
  .text                   ro code   0x801'6714    0x886  stm32f7xx_hal_tim.o [1]
  .text                   ro code   0x801'6f9a     0x7a  lz77_init_single.o [6]
  .text.GRAPH_SetGridVis  ro code   0x801'7014     0x38  GRAPH.o [2]
  .text.GRAPH_SetGridDistX
                          ro code   0x801'704c     0x34  GRAPH.o [2]
  .text.GRAPH_SetGridDistY
                          ro code   0x801'7080     0x34  GRAPH.o [2]
  .text.GRAPH_SetColor    ro code   0x801'70b4     0x40  GRAPH.o [2]
  .text.BUTTON_SetTextColor
                          ro code   0x801'70f4     0x30  BUTTON.o [2]
  .text.WM_CreateTimer    ro code   0x801'7124     0x70  WM_Timer.o [2]
  .text.WM_ShowWindow     ro code   0x801'7194     0x30  WM_Lib.o [2]
  .text.WM_HideWindow     ro code   0x801'71c4     0x38  WM_Hide.o [2]
  .text.WM_InvalidateWindow
                          ro code   0x801'71fc     0xac  WM.o [2]
  .text.GRAPH_SetVSizeX   ro code   0x801'72a8     0x44  GRAPH.o [2]
  .text.BUTTON_SetBkColor
                          ro code   0x801'72ec     0x30  BUTTON.o [2]
  .text.TEXT_SetTextColor
                          ro code   0x801'731c     0x2c  TEXT.o [2]
  .text.TEXT_SetTextAlign
                          ro code   0x801'7348     0x2c  TEXT.o [2]
  .text.SLIDER_SetRange   ro code   0x801'7374     0x40  SLIDER.o [2]
  .text.SLIDER_SetValue   ro code   0x801'73b4     0x4c  SLIDER.o [2]
  .text.SLIDER_SetNumTicks
                          ro code   0x801'7400     0x2c  SLIDER.o [2]
  .text.LISTBOX_SetFont   ro code   0x801'742c     0xb8  LISTBOX.o [2]
  .text.LISTBOX_AddString
                          ro code   0x801'74e4    0x148  LISTBOX.o [2]
  .text.LISTBOX_SetAutoScrollV
                          ro code   0x801'762c     0x60  LISTBOX.o [2]
  .text                   ro code   0x801'768c      0xc  stm32f7xx_hal.o [1]
  .text.WM_RestartTimer   ro code   0x801'7698     0x30  WM_Timer.o [2]
  .text.SLIDER_GetValue   ro code   0x801'76c8     0x28  SLIDER.o [2]
  .text.LISTBOX_GetSel    ro code   0x801'76f0     0x28  LISTBOX.o [2]
  .text                   ro code   0x801'7718   0x1494  ff.o [1]
  .text                   ro code   0x801'8bac     0x54  usb_device.o [1]
  .text                   ro code   0x801'8c00     0x28  printf.o [3]
  .text.IMAGE_SetBitmap   ro code   0x801'8c28     0x48  IMAGE_Bitmap.o [2]
  .text                   ro code   0x801'8c70    0x1d0  stm32746g_discovery_audio.o [1]
  .text.GUI_SetBkColor    ro code   0x801'8e40      0x4  GUI_Common.o [2]
  .text.GUI_Clear         ro code   0x801'8e44     0x70  GUI_Core.o [2]
  .text.WM_GetTimerId     ro code   0x801'8eb4     0x28  WM_Timer.o [2]
  .text.WM_GetDesktopWindow
                          ro code   0x801'8edc     0x18  WM_Lib.o [2]
  .text.GUI_CreateDialogBox
                          ro code   0x801'8ef4     0xc0  DIALOG.o [2]
  .text.DROPDOWN_GetSel   ro code   0x801'8fb4     0x28  DROPDOWN.o [2]
  .text.CHECKBOX_GetState
                          ro code   0x801'8fdc     0x28  CHECKBOX.o [2]
  .text.GRAPH_DATA_YT_Create
                          ro code   0x801'9004     0x94  GRAPH_DATA_YT.o [2]
  .text.GRAPH_AttachData  ro code   0x801'9098     0x48  GRAPH.o [2]
  .text.GRAPH_SetVSizeY   ro code   0x801'90e0     0x44  GRAPH.o [2]
  .text.GRAPH_DATA_YT_Clear
                          ro code   0x801'9124     0x28  GRAPH_DATA_YT.o [2]
  .text.GRAPH_DATA_YT_AddValue
                          ro code   0x801'914c     0x38  GRAPH_DATA_YT.o [2]
  .text                   ro code   0x801'9184    0x140  arm_rfft_fast_init_f32.o [4]
  .text                   ro code   0x801'92c4    0x204  main.o [1]
  .text                   ro code   0x801'94c8      0x6  ABImemclr4.o [6]
  .text                   ro code   0x801'94ce     0x3a  zero_init3.o [6]
  .text                   ro code   0x801'9508      0x6  ABImemclr.o [6]
  .text                   ro code   0x801'950e     0x1e  xencoding_8859_1.o [3]
  .text                   ro code   0x801'952c    0x706  arm_cfft_f32.o [4]
  .text                   ro code   0x801'9c32     0x1a  xsnprout.o [3]
  .text                   ro code   0x801'9c4c    0x160  arm_cmplx_mag_f32.o [4]
  .text.GRAPH_SCALE_Create
                          ro code   0x801'9dac     0x5c  GRAPH_SCALE.o [2]
  .text.GRAPH_AttachScale
                          ro code   0x801'9e08     0x48  GRAPH.o [2]
  .text.WM_GetWindowSizeX
                          ro code   0x801'9e50     0x2c  WM_GetWindowSize.o [2]
  .text.WM_GetWindowSizeY
                          ro code   0x801'9e7c     0x2c  WM_GetWindowSize.o [2]
  .text.TEXT_CreateEx     ro code   0x801'9ea8     0x90  TEXT.o [2]
  .text                   ro code   0x801'9f38    0x6fa  stm32f7xx_hal_uart.o [1]
  .text                   ro code   0x801'a632      0xa  xsprout.o [3]
  .text.WM_GetClientRect  ro code   0x801'a63c     0x1c  WM_Lib.o [2]
  .text.GUI_SetColor      ro code   0x801'a658      0x4  GUI_Common.o [2]
  .text.GUI_FillRect      ro code   0x801'a65c     0x48  GUI_DrawLib.o [2]
  .text.GUI_DrawCircle    ro code   0x801'a6a4     0x54  GUI_Circ.o [2]
  .text.GUI_DrawLine      ro code   0x801'a6f8    0x2dc  GUI_DrawLine.o [2]
  .text                   ro code   0x801'a9d4     0x48  FltToDbl.o [5]
  .text                   ro code   0x801'aa1c    0x1a2  DblMul.o [5]
  .text                   ro code   0x801'abc0     0x3a  DblToS32.o [5]
  .text.GUI_FillCircle    ro code   0x801'abfc     0x3c  GUI_Circ.o [2]
  .text.GUI_SetFont       ro code   0x801'ac38     0x14  GUI_Common.o [2]
  .text.GUI_DispStringAt  ro code   0x801'ac4c     0x14  GUI_DispString.o [2]
  .text                   ro code   0x801'ac60     0x1e  math_wrappers64.o [5]
  .text.WM_GetParent      ro code   0x801'ac80     0x14  WM_Lib.o [2]
  .text.TEXT_SetBkColor   ro code   0x801'ac94     0x40  TEXT.o [2]
  .text                   ro code   0x801'acd4    0x3e4  pow32.o [5]
  .text                   ro code   0x801'b0b8     0x68  memcmp.o [6]
  .text                   ro code   0x801'b120     0x1a  U32ToDbl.o [5]
  .text                   ro code   0x801'b13c    0x246  DblDiv.o [5]
  .text                   ro code   0x801'b384     0x28  DblToU32.o [5]
  .text                   ro code   0x801'b3ac    0x17a  DblAdd.o [5]
  .text                   ro code   0x801'b528     0x2e  DblCmpGe.o [5]
  .text                   ro code   0x801'b558     0x28  stm32f7xx_hal.o [1]
  .text                   ro code   0x801'b580     0x44  snprintf.o [3]
  .text                   ro code   0x801'b5c4     0x1a  strrchr.o [3]
  .text                   ro code   0x801'b5de     0x46  strcasecmp.o [3]
  .text                   ro code   0x801'b624     0x1e  strncpy_small.o [6]
  .text                   ro code   0x801'b642    0x2d4  usbd_core.o [1]
  .text.GUI_Delay         ro code   0x801'b918     0x30  GUI_Time.o [2]
  .text                   ro code   0x801'b948    0x356  stm32f7xx_hal_rtc.o [1]
  .text                   ro code   0x801'bca0    0xf46  xprintffull.o [3]
  .text.GUI_ALLOC_LockH   ro code   0x801'cbe8     0x28  GUI_Alloc.o [2]
  .text.GUI_ALLOC_UnlockH
                          ro code   0x801'cc10     0x34  GUI_Alloc.o [2]
  .text.GUI__SetText      ro code   0x801'cc44     0xd8  GUI__Private.o [2]
  .text.__GetDialogItem   ro code   0x801'cd1c     0xb0  WM_Lib.o [2]
  .text.GUI_GetYDistOfFont
                          ro code   0x801'cdcc      0x4  GUI_Common.o [2]
  .text.WM__GetWindowSizeX
                          ro code   0x801'cdd0     0x10  WM_GetWindowSize.o [2]
  .text.WM_SetSize        ro code   0x801'cde0     0x58  WM_Lib.o [2]
  .text.DROPDOWN_Expand.part.2
                          ro code   0x801'ce38    0x1f8  DROPDOWN.o [2]
  .text                   ro code   0x801'd030     0x36  strlen.o [6]
  .text.GUI_ARRAY_AddItem
                          ro code   0x801'd068     0x9c  GUI_ARRAY.o [2]
  .text.GUI_ARRAY_GetNumItems
                          ro code   0x801'd104     0x28  GUI_ARRAY.o [2]
  .text.WM_NotifyParent   ro code   0x801'd12c     0x28  WM_Lib.o [2]
  .text.WM_SendMessage    ro code   0x801'd154      0x8  WM.o [2]
  .text.WM_DeleteWindow.part.3
                          ro code   0x801'd15c    0x230  WM.o [2]
  .text.WM__GetClientRectEx
                          ro code   0x801'd38c     0x28  WM__Private.o [2]
  .text.WM_InvalidateRect.part.2
                          ro code   0x801'd3b4     0xd4  WM.o [2]
  .text.WM_SendToParent   ro code   0x801'd488     0x24  WM_Lib.o [2]
  .text                   ro code   0x801'd4ac    0x1ec  tim.o [1]
  .text                   ro code   0x801'd698      0x2  stm32f7xx_hal_tim.o [1]
  .text                   ro code   0x801'd69a      0x2  stm32f7xx_hal_tim.o [1]
  .text                   ro code   0x801'd69c      0x2  stm32f7xx_hal_tim.o [1]
  .text                   ro code   0x801'd69e      0x2  stm32f7xx_hal_tim.o [1]
  .text                   ro code   0x801'd6a0      0x2  stm32f7xx_hal_tim_ex.o [1]
  .text                   ro code   0x801'd6a2      0x2  stm32f7xx_hal_tim_ex.o [1]
  .text                   ro code   0x801'd6a4      0x2  stm32f7xx_hal_tim.o [1]
  .text                   ro code   0x801'd6a6      0x2  stm32f7xx_hal_tim_ex.o [1]
  .text                   ro code   0x801'd6a8      0x2  stm32f7xx_hal_tim.o [1]
  .text.GUI_ALLOC_AllocZero
                          ro code   0x801'd6ac     0x70  GUI_Alloc.o [2]
  .text.GUI_GetTime       ro code   0x801'd71c      0x4  GUI_Time.o [2]
  .text.GUI_TIMER_Create  ro code   0x801'd720     0x98  GUI_Timer.o [2]
  .text.GUI_ALLOC_Free    ro code   0x801'd7b8     0x34  GUI_Alloc.o [2]
  .text.GUI_TIMER_SetPeriod
                          ro code   0x801'd7ec     0x20  GUI_Timer.o [2]
  .text.WM_InvalidateWindowAndDescs.part.14
                          ro code   0x801'd80c     0xac  WM_Lib.o [2]
  .text.WM__InvalidateRectEx
                          ro code   0x801'd8b8     0xc4  WM.o [2]
  .text.GUI__IntersectRect
                          ro code   0x801'd97c     0x3c  GUI__Private.o [2]
  .text.WM__InvalidateDrawAndDescs
                          ro code   0x801'd9b8    0x2a4  WM.o [2]
  .text._Invalidate1Abs   ro code   0x801'dc5c     0xe4  WM.o [2]
  .text.WM__InvalidateRect
                          ro code   0x801'dd40     0xd8  WM.o [2]
  .text._ManageScrollbars
                          ro code   0x801'de18     0xc8  GRAPH.o [2]
  .text.GUI_ARRAY_GetpItemLocked
                          ro code   0x801'dee0     0x54  GUI_ARRAY.o [2]
  .text._ManageAutoScroll
                          ro code   0x801'df34    0x170  LISTBOX.o [2]
  .text._CalcScrollParas  ro code   0x801'e0a4    0x154  LISTBOX.o [2]
  .text.WM_GetInsideRectExScrollbar
                          ro code   0x801'e1f8     0xd8  WM_Lib.o [2]
  .text.WM_InvalidateRect
                          ro code   0x801'e2d0      0x8  WM.o [2]
  .text                   ro code   0x801'e2d8     0x8c  strcpy_fast.o [6]
  .text.GUI_GetStringDistX
                          ro code   0x801'e364     0x14  GUI_DispString.o [2]
  .text._GetItemPosY      ro code   0x801'e378     0xe8  LISTBOX.o [2]
  .text._GetItemSizeY     ro code   0x801'e460     0xa8  LISTBOX.o [2]
  .text.WM_SetScrollbarV  ro code   0x801'e508     0x54  WM_SetScrollbar.o [2]
  .text.GUI_TIMER_Restart
                          ro code   0x801'e55c     0x7c  GUI_Timer.o [2]
  .text                   ro code   0x801'e5d8     0x7c  diskio.o [1]
  .text                   ro code   0x801'e654     0x1c  fatfs.o [1]
  .text                   ro code   0x801'e670    0x20a  usbd_msc.o [1]
  .text.IMAGE__FreeAttached
                          ro code   0x801'e87c     0x40  IMAGE.o [2]
  .text.IMAGE__SetWindowSize
                          ro code   0x801'e8bc     0x34  IMAGE.o [2]
  .text                   ro code   0x801'e8f0    0x5b4  stm32f7xx_hal_sai.o [1]
  .text                   ro code   0x801'eea4      0x2  stm32746g_discovery_audio.o [1]
  .text                   ro code   0x801'eea6      0x2  stm32746g_discovery_audio.o [1]
  .text                   ro code   0x801'eea8     0x56  stm32746g_discovery_audio.o [1]
  .text                   ro code   0x801'ef00    0x154  stm32746g_discovery_audio.o [1]
  .text                   ro code   0x801'f054    0x10c  stm32746g_discovery_audio.o [1]
  .text                   ro code   0x801'f160      0x2  stm32746g_discovery_audio.o [1]
  .text.LCD_SetBkColor    ro code   0x801'f164      0xc  LCD.o [2]
  .text.GUI_GotoXY        ro code   0x801'f170     0x10  GUI_Common.o [2]
  .text.LCD_SetDrawMode   ro code   0x801'f180      0xc  LCD.o [2]
  .text.WM__InitIVRSearch
                          ro code   0x801'f18c    0x198  WM.o [2]
  .text.LCD_FillRect      ro code   0x801'f324     0x60  LCD.o [2]
  .text.WM__GetNextIVR    ro code   0x801'f384    0x254  WM.o [2]
  .text.WM_GetClientWindow
                          ro code   0x801'f5d8     0x1c  WM_Lib.o [2]
  .text.WIDGET_OrState    ro code   0x801'f5f4     0x30  WIDGET.o [2]
  .text.WM_SendMessageNoPara
                          ro code   0x801'f624      0x4  WM_Lib.o [2]
  .text.WM_GetFocusedWindow
                          ro code   0x801'f628     0x14  WM_Lib.o [2]
  .text.WM_SetFocusOnNextChild
                          ro code   0x801'f63c     0x88  WM_SetFocusOnNextChild.o [2]
  .text.GUI_ALLOC_h2p     ro code   0x801'f6c4     0x14  GUI_Alloc.o [2]
  .text.GRAPH__AddValue   ro code   0x801'f6d8     0xb8  GRAPH.o [2]
  .text                   ro code   0x801'f790    0x590  stm32f7xx_hal_i2c.o [1]
  .text.GUI_TOUCH_StoreState
                          ro code   0x801'fd20     0x28  GUI_TOUCH_StoreState.o [2]
  .text                   ro code   0x801'fd48     0x16  stm32f7xx_hal.o [1]
  .text                   ro code   0x801'fd60    0x13e  gpio.o [1]
  .text                   ro code   0x801'fea0     0x54  crc.o [1]
  .text                   ro code   0x801'fef4     0xfc  i2c.o [1]
  .text                   ro code   0x801'fff0     0x70  dma.o [1]
  .text                   ro code   0x802'0060    0x128  adc.o [1]
  .text                   ro code   0x802'0188    0x298  sai.o [1]
  .text                   ro code   0x802'0420    0x178  sdmmc.o [1]
  .text                   ro code   0x802'0598     0xa0  usart.o [1]
  .text                   ro code   0x802'0638    0x206  STemwin_wrapper.o [1]
  .text                   ro code   0x802'0840     0x2c  GUI_App.o [1]
  .text                   ro code   0x802'086c     0x18  ABImemcpy_small.o [6]
  .text                   ro code   0x802'0884     0x10  stm32f7xx_hal_pwr.o [1]
  .text                   ro code   0x802'0894    0x4bc  stm32f7xx_hal_rcc.o [1]
  .text                   ro code   0x802'0d50     0x74  stm32f7xx_hal_pwr_ex.o [1]
  .text                   ro code   0x802'0dc4    0x660  stm32f7xx_hal_rcc_ex.o [1]
  .text                   ro code   0x802'1424     0x32  ABImemset48.o [6]
  .text                   ro code   0x802'1458     0x12  ABImemset_small.o [6]
  .text                   ro code   0x802'146c    0x5ae  arm_cfft_radix8_f32.o [4]
  .text                   ro code   0x802'1a1c     0xc0  arm_bitreversal2.o [4]
  .text.WM_GetActiveWindow
                          ro code   0x802'1adc      0xc  WM.o [2]
  .text.WM_CreateWindowAsChild
                          ro code   0x802'1ae8    0x1c4  WM.o [2]
  .text.WIDGET__Init      ro code   0x802'1cac     0x10  WIDGET.o [2]
  .text                   ro code   0x802'1cbc      0x2  stm32f7xx_hal_uart.o [1]
  .text.LCD_SetColor      ro code   0x802'1cc0      0xc  LCD.o [2]
  .text.GL_DrawCircle     ro code   0x802'1ccc    0x1cc  GUI_Circ.o [2]
  .text.GL_FillPolygon    ro code   0x802'1e98    0x5ec  GUI_FillPolygon.o [2]
  .text.GL_DrawPoint      ro code   0x802'2484     0x20  GUI_DrawLib.o [2]
  .text.GL_DrawLine1Ex    ro code   0x802'24a4    0x408  GUI_DrawLine.o [2]
  .text.GL_FillCircle     ro code   0x802'28ac     0xe4  GUI_Circ.o [2]
  .text.GUI_DispString.part.0
                          ro code   0x802'2990    0x12c  GUI_DispString.o [2]
  .text                   ro code   0x802'2abc    0x444  cos_sin64.o [5]
  .text.WM_SetHasTrans    ro code   0x802'2f00     0x4c  WM_SetTrans.o [2]
  .text.WM_ClrHasTrans    ro code   0x802'2f4c     0x44  WM_SetTrans.o [2]
  .text                   ro code   0x802'2f90     0x48  frexpf.o [5]
  .text                   ro code   0x802'2fd8    0x27c  iar_Exp32.o [5]
  .text                   ro code   0x802'3254     0xe2  DblSub.o [5]
  .text                   ro code   0x802'3336     0x14  tolower.o [3]
  .text                   ro code   0x802'334c    0x2f2  usbd_conf.o [1]
  .text                   ro code   0x802'3640    0x458  usbd_ctlreq.o [1]
  .text                   ro code   0x802'3a98     0x50  usbd_ioreq.o [1]
  .text                   ro code   0x802'3ae8     0x1e  GUI_X.o [1]
  .text.GUI_Exec          ro code   0x802'3b08     0x5c  GUI_Common.o [2]
  .text                   ro code   0x802'3b64     0x90  xlocale_c.o [3]
  .text                   ro code   0x802'3bf4     0x16  strchr.o [6]
  .text                   ro code   0x802'3c0c     0x40  xfail_s.o [3]
  .text                   ro code   0x802'3c4c     0x58  memchr.o [6]
  .text                   ro code   0x802'3ca4      0xa  xmbcurmax.o [3]
  .text                   ro code   0x802'3cb0    0x106  I64DivMod_small.o [6]
  .text                   ro code   0x802'3db8     0x70  frexp.o [5]
  .text                   ro code   0x802'3e28     0x2e  DblCmpLe.o [5]
  .text                   ro code   0x802'3e58    0x13a  ldexp.o [5]
  .text                   ro code   0x802'3f94     0x22  S32ToDbl.o [5]
  .text.GUI_ALLOC_GetSize
                          ro code   0x802'3fb8     0x18  GUI_Alloc.o [2]
  .text.GUI_ALLOC_AllocNoInit
                          ro code   0x802'3fd0      0x8  GUI_Alloc.o [2]
  .text.GUI_ALLOC_FreePtr
                          ro code   0x802'3fd8     0x38  GUI_Alloc.o [2]
  .text._GetDialogItem    ro code   0x802'4010     0x50  WM_Lib.o [2]
  .text.WM_ResizeWindow.part.11
                          ro code   0x802'4060     0xf8  WM_Lib.o [2]
  .text.GUI_MoveRect      ro code   0x802'4158     0x24  GUI_Common.o [2]
  .text.LISTBOX_CreateAsChild
                          ro code   0x802'417c    0x204  LISTBOX.o [2]
  .text.GUI_ARRAY_GethItem
                          ro code   0x802'4380     0x48  GUI_ARRAY.o [2]
  .text.LISTBOX_AddStringH
                          ro code   0x802'43c8    0x170  LISTBOX.o [2]
  .text.LISTBOX_SetBkColor
                          ro code   0x802'4538     0x3c  LISTBOX.o [2]
  .text.LISTBOX_SetTextColor
                          ro code   0x802'4574     0x4c  LISTBOX.o [2]
  .text.LISTBOX_SetScrollbarColor
                          ro code   0x802'45c0     0x7c  LISTBOX.o [2]
  .text.LISTBOX_SetItemSpacing
                          ro code   0x802'463c     0xbc  LISTBOX.o [2]
  .text.LISTBOX_SetTextAlign
                          ro code   0x802'46f8     0x2c  LISTBOX.o [2]
  .text.WM_SetFocus       ro code   0x802'4724     0xa4  WM_Lib.o [2]
  .text.LISTBOX_SetOwner  ro code   0x802'47c8     0x34  LISTBOX.o [2]
  .text.LISTBOX_SetSel    ro code   0x802'47fc      0x8  LISTBOX.o [2]
  .text.LISTBOX_SetScrollbarWidth
                          ro code   0x802'4804     0x60  LISTBOX.o [2]
  .text.LISTBOX_SetItemDisabled
                          ro code   0x802'4864     0xc0  LISTBOX.o [2]
  .text.GUI_ALLOC_Realloc
                          ro code   0x802'4924     0xe0  GUI_Alloc.o [2]
  .text.GUI_ALLOC_AllocInit
                          ro code   0x802'4a04     0x94  GUI_Alloc.o [2]
  .text.WM__SendMessage   ro code   0x802'4a98     0x3c  WM__Private.o [2]
  .text.WM__DeleteAssocTimer
                          ro code   0x802'4ad4     0x70  WM_Timer.o [2]
  .text.LCD_SetClipRectMax
                          ro code   0x802'4b44     0x1c  LCD.o [2]
  .text.GUI_MEMDEV_Delete
                          ro code   0x802'4b60     0x4c  GUIDEV.o [2]
  .text.GUI_SelectLayer   ro code   0x802'4bac     0x34  GUI_SelectLayer.o [2]
  .text.WM__GetClientRectWin
                          ro code   0x802'4be0     0x1c  WM.o [2]
  .text                   ro code   0x802'4bfc     0x5c  stm32f7xx_hal_tim_ex.o [1]
  .text                   ro code   0x802'4c58     0xe8  stm32f7xx_hal_cortex.o [1]
  .text                   ro code   0x802'4d40    0x30c  stm32f7xx_hal_gpio.o [1]
  .text._Alloc            ro code   0x802'504c    0x374  GUI_Alloc.o [2]
  .text._Link             ro code   0x802'53c0     0x9c  GUI_Timer.o [2]
  .text.GUI__RegisterExit
                          ro code   0x802'545c     0x28  GUI_Core.o [2]
  .text._AddFreeMemory    ro code   0x802'5484    0x35c  GUI_Alloc.o [2]
  .text.GUI__IntersectRects
                          ro code   0x802'57e0     0x58  GUI__Private.o [2]
  .text.WM_GetFirstChild  ro code   0x802'5838     0x14  WM_Lib.o [2]
  .text.WM_InvalidateWindowAndDescsEx
                          ro code   0x802'584c    0x364  WM.o [2]
  .text.GUI_SignalEvent   ro code   0x802'5bb0     0x10  GUI_WaitEvent.o [2]
  .text.GUI_MergeRect     ro code   0x802'5bc0     0x5c  GUI_Common.o [2]
  .text.WM_SetScrollbarH  ro code   0x802'5c1c     0x54  WM_SetScrollbar.o [2]
  .text.WM_CheckScrollBounds
                          ro code   0x802'5c70     0x20  WM_Lib.o [2]
  .text.WIDGET__SetScrollState
                          ro code   0x802'5c90     0x28  WIDGET.o [2]
  .text.SCROLLBAR_SetWidth
                          ro code   0x802'5cb8     0x28  SCROLLBAR.o [2]
  .text.SCROLLBAR_SetColor
                          ro code   0x802'5ce0     0x40  SCROLLBAR.o [2]
  .text._GetContentsSizeX
                          ro code   0x802'5d20     0xd0  LISTBOX.o [2]
  .text._UpdateScrollPos  ro code   0x802'5df0    0x10c  LISTBOX.o [2]
  .text.GUI__GetNumChars  ro code   0x802'5efc     0x34  GUI_UC.o [2]
  .text.GUI__GetLineDistX
                          ro code   0x802'5f30     0x80  GUI_CharLine.o [2]
  .text.SCROLLBAR_CreateAttached
                          ro code   0x802'5fb0    0x11c  SCROLLBAR.o [2]
  .text.WM__DeleteSecure  ro code   0x802'60cc     0x1c  WM.o [2]
  .text                   ro code   0x802'60e8     0x44  ff_gen_drv.o [1]
  .text                   ro code   0x802'612c   0x14e0  dlmalloc.o [3]
  .text                   ro code   0x802'760c    0x21e  usbd_msc_bot.o [1]
  .text                   ro code   0x802'782a      0x4  heaptramp0.o [3]
  .text.GUI_TIMER_Delete  ro code   0x802'7830     0xc8  GUI_Timer.o [2]
  .text                   ro code   0x802'78f8    0x46c  stm32f7xx_hal_dma.o [1]
  .text.WM__ActivateClipRect
                          ro code   0x802'7d64    0x128  WM.o [2]
  .text._Findx0.constprop.10
                          ro code   0x802'7e8c     0x8c  WM.o [2]
  .text.GUI_RectsIntersect
                          ro code   0x802'7f18     0x3c  GUI_Common.o [2]
  .text._Findx1           ro code   0x802'7f54     0x90  WM.o [2]
  .text._Findy1.constprop.11
                          ro code   0x802'7fe4     0xa8  WM.o [2]
  .text.WM__SendMessageNoPara
                          ro code   0x802'808c     0x28  WM__Private.o [2]
  .text.WM__GetFocusedChild
                          ro code   0x802'80b4     0x4c  WM__Private.o [2]
  .text.WM_IsFocusable    ro code   0x802'8100     0x38  WM_Lib.o [2]
  .text.WM__GetTopLevelLayer
                          ro code   0x802'8138     0x34  WM.o [2]
  .text                   ro code   0x802'816c      0xc  memmove.o [6]
  .text.GUI_TOUCH_StoreStateEx
                          ro code   0x802'8178     0x54  GUI_TOUCH.o [2]
  .text                   ro code   0x802'81cc     0x40  stm32f7xx_hal.o [1]
  .text                   ro code   0x802'820c     0x30  stm32f7xx_hal_msp.o [1]
  .text                   ro code   0x802'823c     0x78  stm32f7xx_hal_crc.o [1]
  .text                   ro code   0x802'82b4     0x7e  stm32f7xx_hal_i2c_ex.o [1]
  .text                   ro code   0x802'8334    0x3d0  stm32f7xx_hal_adc.o [1]
  .text.LCD_GetSwapXYEx   ro code   0x802'8704     0x20  LCD_GetEx.o [2]
  .text.LCD_SetSizeEx     ro code   0x802'8724     0x34  LCD_Set.o [2]
  .text.LCD_SetVSizeEx    ro code   0x802'8758     0x34  LCD_Set.o [2]
  .text.LCD_GetBitsPerPixelEx
                          ro code   0x802'878c     0x20  LCD_GetEx.o [2]
  .text.LCD_SetVRAMAddrEx
                          ro code   0x802'87ac     0x30  LCD_Set.o [2]
  .text.GUI_DEVICE_CreateAndLink
                          ro code   0x802'87dc    0x130  GUI_Device.o [2]
  .text                   ro code   0x802'890c    0x3fc  stm32f7xx_hal_ltdc.o [1]
  .text.GUI_GetLayerPosEx
                          ro code   0x802'8d08     0x14  GUI_SelectLayer.o [2]
  .text                   ro code   0x802'8d1c    0x34c  HW_Init.o [1]
  .text.GUI_Init          ro code   0x802'9068    0x188  GUI_Core.o [2]
  .text.GUI_UC_SetEncodeUTF8
                          ro code   0x802'91f0     0x10  GUI_UC_EncodeUTF8.o [2]
  .text.WM__InsertWindowIntoList
                          ro code   0x802'9200     0xd4  WM.o [2]
  .text.WM_BringToBottom  ro code   0x802'92d4     0x8c  WM_Lib.o [2]
  .text.LCD_DrawVLine     ro code   0x802'9360     0x50  LCD.o [2]
  .text.GUI_GetFontDistY  ro code   0x802'93b0     0x10  GUI_Char.o [2]
  .text.GUI_GetYAdjust    ro code   0x802'93c0     0x30  GUI_Char.o [2]
  .text.GUI__GetLineNumChars
                          ro code   0x802'93f0     0x50  GUI_CharLine.o [2]
  .text.GUI__DispLine     ro code   0x802'9440     0xc4  GUI_CharLine.o [2]
  .text.GUI_UC__NumChars2NumBytes
                          ro code   0x802'9504     0x28  GUI_UC.o [2]
  .text.WM_ValidateWindow
                          ro code   0x802'952c     0x34  WM_Lib.o [2]
  .text                   ro code   0x802'9560     0xc4  ldexpf.o [5]
  .text                   ro code   0x802'9624    0x91c  stm32f7xx_hal_pcd.o [1]
  .text                   ro code   0x802'9f40     0x70  stm32f7xx_hal_pcd_ex.o [1]
  .text.WM_Exec           ro code   0x802'9fb0    0x284  WM.o [2]
  .text                   ro code   0x802'a234      0x6  abort.o [3]
  .text                   ro code   0x802'a23c      0x2  I64DivZer.o [6]
  .text._GetDialogItem.part.5
                          ro code   0x802'a240    0x1f8  WM_Lib.o [2]
  .text.WM__UpdateChildPositions
                          ro code   0x802'a438    0x124  WM__Private.o [2]
  .text.WM__SendMsgNoData
                          ro code   0x802'a55c     0x18  WM.o [2]
  .text.GUI_ARRAY_Create  ro code   0x802'a574      0x8  GUI_ARRAY.o [2]
  .text.LISTBOX_InvalidateItem.part.4
                          ro code   0x802'a57c    0x120  LISTBOX.o [2]
  .text.WM__IsWindow      ro code   0x802'a69c     0x2c  WM.o [2]
  .text.LISTBOX_SetSel.part.6
                          ro code   0x802'a6c8    0x1b8  LISTBOX.o [2]
  .text.SCROLLBAR_GetDefaultWidth
                          ro code   0x802'a880      0xc  SCROLLBAR_Defaults.o [2]
  .text.GUI_TIMER__GetFirstTimer
                          ro code   0x802'a88c     0x30  GUI_Timer.o [2]
  .text.GUI_TIMER_GetFlag
                          ro code   0x802'a8bc     0x30  GUI_Timer.o [2]
  .text.GUI_TIMER__GetNextTimerLin
                          ro code   0x802'a8ec     0x40  GUI_Timer.o [2]
  .text.GUI_DEVICE_Delete
                          ro code   0x802'a92c      0x4  GUI_Device.o [2]
  .text.GUI_USAGE_DecUseCnt
                          ro code   0x802'a930     0x2c  GUIDEV_Usage.o [2]
  .text.GUI_SelectLCD     ro code   0x802'a95c     0x14  GUI_Common.o [2]
  .text.GUI_DEVICE__GetpDriver
                          ro code   0x802'a970     0x2c  GUI_Device.o [2]
  .text._RemoveHoles      ro code   0x802'a99c    0x1b0  GUI_Alloc.o [2]
  .text._EnlargeBlocks    ro code   0x802'ab4c     0xd8  GUI_Alloc.o [2]
  .text.WM_SetScrollState
                          ro code   0x802'ac24     0x20  WM_Lib.o [2]
  .text.WIDGET_SetWidth   ro code   0x802'ac44     0x38  WIDGET.o [2]
  .text.WM_GetScrollPartner
                          ro code   0x802'ac7c     0x48  WM_Lib.o [2]
  .text.GUI_UC__GetCharCodeInc
                          ro code   0x802'acc4     0x28  GUI_UC.o [2]
  .text.GUI_GetCharDistX  ro code   0x802'acec     0x10  GUI_Char.o [2]
  .text.GUI_GetCharDistXEx
                          ro code   0x802'acfc     0x10  GUI_Char.o [2]
  .text.WM_GetInsideRectEx
                          ro code   0x802'ad0c     0x1c  WM_Lib.o [2]
  .text                   ro code   0x802'ad28     0x2c  xgetmemchunk.o [3]
  .text                   ro code   0x802'ad54    0x548  usbd_msc_scsi.o [1]
  .text.LCD_SetClipRectEx
                          ro code   0x802'b29c     0x34  LCD_SetClipRectEx.o [2]
  .text._Findx0           ro code   0x802'b2d0     0xa4  WM.o [2]
  .text._Findy1           ro code   0x802'b374     0xd0  WM.o [2]
  .text                   ro code   0x802'b444     0x1e  ABImemmove_small.o [6]
  .text.GUI_PID_StoreState
                          ro code   0x802'b464    0x10c  GUI_PID.o [2]
  .text                   ro code   0x802'b570     0x4c  stm32f7xx_hal_crc_ex.o [1]
  .text                   ro code   0x802'b5bc      0x2  stm32f7xx_hal_adc.o [1]
  .text                   ro code   0x802'b5c0      0x2  stm32f7xx_hal_adc_ex.o [1]
  .text                   ro code   0x802'b5c2      0x2  stm32f7xx_hal_adc.o [1]
  .text                   ro code   0x802'b5c4      0x2  stm32f7xx_hal_adc.o [1]
  .text.GUI_ALLOC_GetFixedBlock
                          ro code   0x802'b5c8    0x238  GUI_Alloc.o [2]
  .text.LCD_GetPosEx      ro code   0x802'b800     0x34  LCD_Set.o [2]
  .text                   ro code   0x802'b834     0x9a  stm32f7xx_hal_sdram.o [1]
  .text.GUI__Config       ro code   0x802'b8d0     0x80  GUI_Core.o [2]
  .text._InitContext      ro code   0x802'b950     0x80  GUI_Core.o [2]
  .text.emWin_LCD_Init    ro code   0x802'b9d0    0x110  LCD.o [2]
  .text.LCD_GetXSizeDisplay
                          ro code   0x802'bae0      0xc  LCD_GetEx.o [2]
  .text.LCD_GetYSizeDisplay
                          ro code   0x802'baec      0xc  LCD_GetEx.o [2]
  .text.LCD_GetXSizeMax   ro code   0x802'baf8     0x34  LCD_GetEx.o [2]
  .text.LCD_GetYSizeMax   ro code   0x802'bb2c     0x34  LCD_GetEx.o [2]
  .text.LCD_SetDisplaySize
                          ro code   0x802'bb60      0xc  LCD_GetEx.o [2]
  .text.GUI_SetOrg        ro code   0x802'bb6c     0x34  GUI_Common.o [2]
  .text.WM_Init           ro code   0x802'bba0    0x150  WM.o [2]
  .text.WM__GetPrevSibling
                          ro code   0x802'bcf0     0x34  WM__Private.o [2]
  .text._DispLine         ro code   0x802'bd24     0x9c  GUI_CharLine.o [2]
  .text                   ro code   0x802'bdc0    0x8f6  stm32f7xx_ll_usb.o [1]
  .text._Exec1Input       ro code   0x802'c6b8     0x8c  WM.o [2]
  .text.GUI_SaveContext_W
                          ro code   0x802'c744     0x14  GUI_Common.o [2]
  .text.GUI_RestoreContext
                          ro code   0x802'c758     0x14  GUI_Common.o [2]
  .text.GUI_MEMDEV_Draw   ro code   0x802'c76c    0x170  GUIDEV_Banding.o [2]
  .text.WM__PaintWinAndOverlays
                          ro code   0x802'c8dc     0xa0  WM.o [2]
  .text.GUI__ManageCache  ro code   0x802'c97c     0xf4  GUI__ManageCache.o [2]
  .text                   ro code   0x802'ca70     0x14  exit.o [7]
  .text.WM_MoveWindow     ro code   0x802'ca84     0xac  WM_Move.o [2]
  .text.WM_ResizeWindow   ro code   0x802'cb30     0x18  WM_Lib.o [2]
  .text.GUI_ALLOC_FreeFixedBlock
                          ro code   0x802'cb48     0x14  GUI_Alloc.o [2]
  .text.LCD_SelectLCD     ro code   0x802'cb5c     0x44  LCD_SelectLCD.o [2]
  .text.LCD_UpdateColorIndices
                          ro code   0x802'cba0     0x24  LCD_UpdateColorIndices.o [2]
  .text.WM_Activate       ro code   0x802'cbc4     0x10  WM.o [2]
  .text.WM_SetYSize       ro code   0x802'cbd4     0x50  WM_Lib.o [2]
  .text.WM_SetXSize       ro code   0x802'cc24     0x50  WM_Lib.o [2]
  .text                   ro code   0x802'cc74    0x124  stm32f7xx_ll_fmc.o [1]
  .text.GUI_GetVersionString
                          ro code   0x802'cd98     0x18  GUI_Common.o [2]
  .text                   ro code   0x802'cdb0     0x10  GUIConf.o [1]
  .text.LCD_InitColors    ro code   0x802'cdc0     0x40  LCD_Color.o [2]
  .text.LCD_InitLUT       ro code   0x802'ce00     0x80  LCD_Color.o [2]
  .text.WM__AddCriticalHandle
                          ro code   0x802'ce80     0x10  WM__Private.o [2]
  .text.GUI_PollKeyMsg    ro code   0x802'ce90     0x30  GUI_OnKey.o [2]
  .text                   ro code   0x802'cec0      0xc  memcpy.o [6]
  .text.LCD_GetXSizeEx    ro code   0x802'cecc     0x20  LCD_GetEx.o [2]
  .text.LCD_GetYSizeEx    ro code   0x802'ceec     0x20  LCD_GetEx.o [2]
  .text.GUI_GetOrg        ro code   0x802'cf0c     0x1c  GUI_Common.o [2]
  .text.GUI_MEMDEV_CreateEx
                          ro code   0x802'cf28     0x84  GUIDEV.o [2]
  .text.GUI_MEMDEV_GetYSize
                          ro code   0x802'cfac     0x38  GUIDEV_GetYSize.o [2]
  .text.GUI_MEMDEV_Select
                          ro code   0x802'cfe4     0x54  GUIDEV.o [2]
  .text.GUI_MEMDEV_CopyToLCD
                          ro code   0x802'd038     0x10  GUIDEV.o [2]
  .text.GUI_MEMDEV_ReduceYSize
                          ro code   0x802'd048     0x34  GUIDEV_ReduceYSize.o [2]
  .text.GUI_MEMDEV_SetOrg
                          ro code   0x802'd07c     0x64  GUIDEV_SetOrg.o [2]
  .text.GUI_MEMDEV_Clear  ro code   0x802'd0e0     0x48  GUIDEV_Clear.o [2]
  .text.LCD_GetVXSizeEx   ro code   0x802'd128     0x20  LCD_GetEx.o [2]
  .text.LCD_GetVYSizeEx   ro code   0x802'd148     0x20  LCD_GetEx.o [2]
  .text._PaintTransChildren
                          ro code   0x802'd168     0xd8  WM.o [2]
  .text._Paint1Trans      ro code   0x802'd240     0xc0  WM.o [2]
  .text._MoveDescendents  ro code   0x802'd300    0x258  WM_Move.o [2]
  .text.WM__InvalidateParent
                          ro code   0x802'd558     0xe8  WM.o [2]
  .text.GUI_DEVICE_Unlink
                          ro code   0x802'd640     0x44  GUI_Device.o [2]
  .text.LCD_Color2Index   ro code   0x802'd684     0x1c  LCD.o [2]
  .text.LCD_SetColorIndex
                          ro code   0x802'd6a0     0x18  LCD.o [2]
  .text.LCD_SetBkColorIndex
                          ro code   0x802'd6b8     0x18  LCD.o [2]
  .text.GUI_ALLOC_AssignMemory
                          ro code   0x802'd6d0     0x10  GUI_Alloc.o [2]
  .text.LCD_GetNumLayers  ro code   0x802'd6e0     0x20  LCD_GetNumDisplays.o [2]
  .text.LCD_GetNumColorsEx
                          ro code   0x802'd700     0x20  LCD_GetEx.o [2]
  .text.LCD_Index2Color   ro code   0x802'd720     0x1c  LCD.o [2]
  .text.LCD_SetLUTEntryEx
                          ro code   0x802'd73c     0x34  LCD_Set.o [2]
  .text.WM_OnKey          ro code   0x802'd770     0x3c  WM_Lib.o [2]
  .text.GUI_MEMDEV__CreateFixed
                          ro code   0x802'd7ac    0x138  GUIDEV.o [2]
  .text.WM_Deactivate     ro code   0x802'd8e4     0x14  WM.o [2]
  .text.GUI_DEVICE_Link   ro code   0x802'd8f8     0x9c  GUI_Device.o [2]
  .text.GUI_MEMDEV_CopyToLCDAt.part.0
                          ro code   0x802'd994     0xfc  GUIDEV.o [2]
  .text.GUI_DEVICE_Create
                          ro code   0x802'da90     0x5c  GUI_Device.o [2]
  .text.LCD__GetBPPDevice
                          ro code   0x802'daec     0x68  LCD_GetEx.o [2]
  .text.GUI_ALLOC_RequestSize
                          ro code   0x802'db54    0x160  GUI_Alloc.o [2]
  .text.GUI_USAGE_BM_Create
                          ro code   0x802'dcb4     0x54  GUIDEV_UsageBM.o [2]
  .text.GUI_SetDrawMode   ro code   0x802'dd08      0x4  GUI_Common.o [2]
  .text.GUI_MEMDEV__WriteToActiveOpaque
                          ro code   0x802'dd0c    0x9c0  GUIDEV_WriteToActiveOpaque.o [2]
  .text.GUI_MEMDEV_GetBitsPerPixel
                          ro code   0x802'e6cc     0x34  GUIDEV.o [2]
  .text.GUI_GetBitsPerPixelEx
                          ro code   0x802'e700     0x14  LCD_GetEx.o [2]
  .text.GUI_GetpfIndex2ColorEx
                          ro code   0x802'e714     0x10  LCD_GetEx.o [2]
  .text.GUI_GetpfColor2IndexEx
                          ro code   0x802'e724     0x10  LCD_GetEx.o [2]
  .text.GUI_MEMDEV_GetDataPtr
                          ro code   0x802'e734     0x24  GUIDEV_GetDataPtr.o [2]
  .text.GUI__CompactPixelIndices
                          ro code   0x802'e758    0x1a8  GUI__CompactPixelIndices.o [2]
  .text.LCD_DrawBitmap    ro code   0x802'e900    0x30c  LCD.o [2]
  .text.LCD__DrawBitmap_1bpp
                          ro code   0x802'ec0c    0x21c  LCD.o [2]
  .rodata                 const     0x802'ee28   0x1ea8  F32B_ASCII.o [2]
  .rodata                 const     0x803'0cd0   0x1300  F24B_ASCII.o [2]
  .text                   ro code   0x803'1fd0    0xe56  stm32f7xx_hal_sd.o [1]
  .text                   ro code   0x803'2e28    0x540  stm32f7xx_ll_sdmmc.o [1]
  .text                   ro code   0x803'3368     0x9e  bsp_driver_sd.o [1]
  .text                   ro code   0x803'3406      0x2  stm32f7xx_hal_sd.o [1]
  .text                   ro code   0x803'3408    0x258  sd_diskio.o [1]
  .text                   ro code   0x803'3660     0x1c  fatfs_platform.o [1]
  .rodata                 const     0x803'367c    0xd0c  F8x16.o [2]
  .rodata                 const     0x803'4388    0xa88  F16B_ASCII.o [2]
  .text._DrawBitmap       ro code   0x803'4e10    0xa38  GUIDEV_16.o [2]
  .text.GUI_USAGE_AddRect
                          ro code   0x803'5848     0x24  GUIDEV_Usage.o [2]
  .text._DrawBitmap       ro code   0x803'586c    0x9c0  GUIDEV_32.o [2]
  .rodata                 const     0x803'622c    0x981  F13_1.o [2]
  .rodata                 const     0x803'6bb0    0x939  F13_ASCII.o [2]
  .text.LISTBOX_Callback  ro code   0x803'74ec    0x7fc  LISTBOX.o [2]
  .text.WIDGET_HandleActive
                          ro code   0x803'7ce8    0x1c4  WIDGET.o [2]
  .text.WM_SetUserClipRect
                          ro code   0x803'7eac     0x18  WM_Lib.o [2]
  .text.WM_IsWindow       ro code   0x803'7ec4      0x4  WM_Lib.o [2]
  .text.GUI_ARRAY_Delete  ro code   0x803'7ec8     0x60  GUI_ARRAY.o [2]
  .text.WM_GetHasTrans    ro code   0x803'7f28     0x14  WM_SetTrans.o [2]
  .text.WIDGET__EFFECT_DrawDown
                          ro code   0x803'7f3c     0xa0  WIDGET.o [2]
  .text._GetItemFromPos   ro code   0x803'7fdc    0x11c  LISTBOX.o [2]
  .text.GUI_ClearRectEx   ro code   0x803'80f8     0x6c  GUI_Core.o [2]
  .text.WM_GetScrollbarV  ro code   0x803'8164     0x50  WM_Lib.o [2]
  .text.WM_GetScrollbarH  ro code   0x803'81b4     0x50  WM_Lib.o [2]
  .text.WM_GetScrollState
                          ro code   0x803'8204     0x18  WM_Lib.o [2]
  .text.LISTBOX__InvalidateItem.part.2
                          ro code   0x803'821c     0x60  LISTBOX.o [2]
  .text.WM_SetScrollValue
                          ro code   0x803'827c     0x40  WM_Lib.o [2]
  .text._MoveSel          ro code   0x803'82bc    0x13c  LISTBOX.o [2]
  .text.GUI__ReduceRect   ro code   0x803'83f8     0x20  GUI__Private.o [2]
  .text.WM_BringToTop     ro code   0x803'8418     0x7c  WM_BringToTop.o [2]
  .text.WM__Screen2Client
                          ro code   0x803'8494     0x14  WM__Private.o [2]
  .text.WM__RemoveWindowFromList
                          ro code   0x803'84a8     0x44  WM.o [2]
  .text.WM_ForEachDesc    ro code   0x803'84ec      0x4  WM_Lib.o [2]
  .text.WM__ForEachDesc   ro code   0x803'84f0    0x15c  WM__Private.o [2]
  .text                   ro code   0x803'864c    0x7f6  wm8994.o [1]
  .text                   ro code   0x803'8e44    0x210  stm32746g_discovery.o [1]
  .rodata                 const     0x803'9054    0x73c  F6x8.o [2]
  .text._DrawBitmap       ro code   0x803'9790    0x724  GUIDRV_Lin_16.o [2]
  .text.SCROLLBAR_Callback
                          ro code   0x803'9eb4    0x660  SCROLLBAR.o [2]
  .text.WM_SetCapture     ro code   0x803'a514     0x44  WM_SetCapture.o [2]
  .text.WIDGET_AndState   ro code   0x803'a558     0x30  WIDGET.o [2]
  .text.WM_DeleteTimer    ro code   0x803'a588     0x2c  WM_Timer.o [2]
  .text.GUI__DivideRound32
                          ro code   0x803'a5b4     0x18  GUI__Private.o [2]
  .text.GUI_SPRITE_SetPosition
                          ro code   0x803'a5cc    0x630  GUI_SPRITE.o [2]
  .text._CreateBuffer.isra.4
                          ro code   0x803'abfc     0xb4  GUI_SPRITE.o [2]
  .text.GUI_GetBitmapPixelIndex
                          ro code   0x803'acb0     0xa8  GUI_Common.o [2]
  .text._SetBkIndexBuffered
                          ro code   0x803'ad58     0xd0  GUI_SPRITE.o [2]
  .text._ReleaseBuffer.isra.7
                          ro code   0x803'ae28     0x8c  GUI_SPRITE.o [2]
  .text.GUI_ALLOC_GetMaxSize
                          ro code   0x803'aeb4    0x134  GUI_Alloc.o [2]
  .text.GRAPH_Callback    ro code   0x803'afe8    0x5d8  GRAPH.o [2]
  .text.WIDGET__EFFECT_DrawDownRect
                          ro code   0x803'b5c0     0xa8  WIDGET.o [2]
  .text.SCROLLBAR_GetValue
                          ro code   0x803'b668     0x28  SCROLLBAR.o [2]
  .text.WM_GetOrgX        ro code   0x803'b690     0x18  WM_Lib.o [2]
  .text.WM_GetOrgY        ro code   0x803'b6a8     0x18  WM_Lib.o [2]
  .text.GUI_ClearRect     ro code   0x803'b6c0     0x64  GUI_Core.o [2]
  .text.GUI_DrawHLine     ro code   0x803'b724     0x4c  GUI_DrawLib.o [2]
  .text.GUI_GetLineStyle  ro code   0x803'b770      0xc  GUI_Common.o [2]
  .text.GUI_SetLineStyle  ro code   0x803'b77c     0x10  GUI_Common.o [2]
  .text.GUI_DrawVLine     ro code   0x803'b78c     0x48  GUI_DrawLib.o [2]
  .text.CHECKBOX_DrawSkinFlex
                          ro code   0x803'b7d4    0x57c  CHECKBOX_SkinFlex.o [2]
  .text.WM__IsEnabled     ro code   0x803'bd50     0x14  WM__Private.o [2]
  .text.GUI_DrawBitmap    ro code   0x803'bd64    0x100  GUI_DrawBitmap.o [2]
  .text.GUI_DrawRect      ro code   0x803'be64     0x84  GUI_2DLib.o [2]
  .text.GUI_DrawGradientV
                          ro code   0x803'bee8    0x1a0  GUI_DrawGradient.o [2]
  .text.GUI_GetYSizeOfFont
                          ro code   0x803'c088      0xc  GUI_Common.o [2]
  .text.GUI_DrawFocusRect
                          ro code   0x803'c094     0xb0  GUI_DrawLib.o [2]
  .text.GUI_SetTextMode   ro code   0x803'c144     0x14  GUI_Common.o [2]
  .text.GUI_DispStringInRect
                          ro code   0x803'c158     0x48  GUI_DispString.o [2]
  .text.CHECKBOX_GetBkColor
                          ro code   0x803'c1a0     0x30  CHECKBOX.o [2]
  .text.LCD_DrawHLine     ro code   0x803'c1d0     0x50  LCD.o [2]
  .text.GUI_GetColor      ro code   0x803'c220     0x10  GUI_Common.o [2]
  .text.LCD_DrawPixel     ro code   0x803'c230     0x64  LCD.o [2]
  .text.GUI__DispStringInRect
                          ro code   0x803'c294    0x18c  GUI_DispString.o [2]
  .text.LCD_GetColorIndex
                          ro code   0x803'c420     0x10  LCD_GetColorIndex.o [2]
  .text.GUI__HandleEOLine
                          ro code   0x803'c430     0x30  GUI__Private.o [2]
  .text.GUI_GetClientRect
                          ro code   0x803'c460      0x8  GUI_Common.o [2]
  .text.WM_HandlePID      ro code   0x803'c468    0x4ec  WM_Touch.o [2]
  .text.GUI_PID_IsEmpty   ro code   0x803'c954     0x14  GUI_PID.o [2]
  .text.GUI_PID_GetState  ro code   0x803'c968     0x58  GUI_PID.o [2]
  .text.GUI_CURSOR_SetPositionEx
                          ro code   0x803'c9c0     0x7c  GUI_Cursor.o [2]
  .text.WM__IsAncestor    ro code   0x803'ca3c     0x24  WM__Private.o [2]
  .text.WM__SendTouchMessage
                          ro code   0x803'ca60     0x78  WM_Touch.o [2]
  .text.WM_PID__SetPrevState
                          ro code   0x803'cad8     0x1c  WM_PID__GetPrevState.o [2]
  .text.WM__RemoveCriticalHandle
                          ro code   0x803'caf4     0x3c  WM__Private.o [2]
  .text.WM_Screen2hWin    ro code   0x803'cb30     0x84  WM_Screen2Win.o [2]
  .text.WM__SendMessageIfEnabled
                          ro code   0x803'cbb4     0x48  WM__Private.o [2]
  .text.WM_ReleaseCapture
                          ro code   0x803'cbfc     0x30  WM_SetCapture.o [2]
  .text.GUI_GetCursorLayer
                          ro code   0x803'cc2c     0x14  GUI_SelectLayer.o [2]
  .text.GUI_SetLayerPosEx
                          ro code   0x803'cc40      0x4  GUI_SelectLayer.o [2]
  .text.WM_GetDesktopWindowEx
                          ro code   0x803'cc44     0x14  WM_Lib.o [2]
  .text._Screen2hWin      ro code   0x803'cc58    0x3a4  WM_Screen2Win.o [2]
  .text.LCD_SetPosEx      ro code   0x803'cffc     0x34  LCD_Set.o [2]
  .rodata                 const     0x803'd030    0x468  chinese.o [1]
  .text.SLIDER_DrawSkinFlex
                          ro code   0x803'd498    0x404  SLIDER_SkinFlex.o [2]
  .text.SLIDER_GetFlag    ro code   0x803'd89c     0x2c  SLIDER.o [2]
  .text.GUI_DrawGradientH
                          ro code   0x803'd8c8    0x1a0  GUI_DrawGradient.o [2]
  .rodata                 const     0x803'da68    0x3a0  WindowDLG.o [1]
  .rodata                 const     0x803'de08    0x384  chinese.o [1]
  .rodata                 const     0x803'e18c    0x370  GUI__DivTbl.o [2]
  .text.GUI_DrawGraphEx   ro code   0x803'e4fc    0x2c4  GUI_DrawGraphEx.o [2]
  .text.LISTBOX_OwnerDraw
                          ro code   0x803'e7c0    0x2ac  LISTBOX.o [2]
  .text.WM_GetInsideRect  ro code   0x803'ea6c     0x24  WM_Lib.o [2]
  .text.DROPDOWN_Callback
                          ro code   0x803'ea90    0x284  DROPDOWN.o [2]
  .text.DROPDOWN_AddKey.part.5
                          ro code   0x803'ed14    0x170  DROPDOWN.o [2]
  .text.GUI__DrawTwinArc4
                          ro code   0x803'ee84    0x284  GUI__DrawTwinArc.o [2]
  .text.GUI__sqrt32       ro code   0x803'f108    0x13c  GUI__Private.o [2]
  .text.GUI__DoAlphaBlending
                          ro code   0x803'f244    0x27c  GUI__Alpha.o [2]
  .text.GUI_ReadRectEx    ro code   0x803'f4c0     0x60  LCD_ReadRect.o [2]
  .text.GUI__ExpandPixelIndicesEx
                          ro code   0x803'f520    0x188  GUI__ExpandPixelIndices.o [2]
  .text.LCD_GetVXSizeMax  ro code   0x803'f6a8     0x34  LCD_GetEx.o [2]
  .text.LCD_ReadRectEx    ro code   0x803'f6dc    0x220  LCD_ReadRect.o [2]
  .text._FillRect         ro code   0x803'f8fc    0x27c  GUIDRV_Lin_16.o [2]
  .text.DROPDOWN_DrawSkinFlex
                          ro code   0x803'fb78    0x26c  DROPDOWN_SkinFlex.o [2]
  .text.IMAGE_Callback    ro code   0x803'fde4    0x26c  IMAGE.o [2]
  .text.LCD_GetXSize      ro code   0x804'0050     0x2c  LCD_GetEx.o [2]
  .text.LCD_GetYSize      ro code   0x804'007c     0x2c  LCD_GetEx.o [2]
  .text.GUI_MEMDEV_CreateFixed
                          ro code   0x804'00a8     0x14  GUIDEV_CreateFixed.o [2]
  .text.GUI_MEMDEV_Write  ro code   0x804'00bc     0x5c  GUIDEV_Write.o [2]
  .text.GUI_MEMDEV_Create
                          ro code   0x804'0118     0x88  GUIDEV.o [2]
  .text.GUI_MEMDEV__WriteToActiveAt
                          ro code   0x804'01a0     0x3c  GUIDEV.o [2]
  .text.BUTTON_DrawSkinFlex
                          ro code   0x804'01dc    0x264  BUTTON_SkinFlex.o [2]
  .text.GUI_DRAW__Draw    ro code   0x804'0440     0x38  GUI_DRAW.o [2]
  .rodata                 const     0x804'0478    0x24c  WindowDLG.o [1]
  .text._Paint            ro code   0x804'06c4    0x238  SLIDER_Skin.o [2]
  .text.WM_GetClientRectEx
                          ro code   0x804'08fc      0x4  WM_Lib.o [2]
  .rodata                 const     0x804'0900    0x230  WindowDLG.o [1]
  .text.GUI_DispFloatMin  ro code   0x804'0b30    0x224  GUI_Valf.o [2]
  .text                   ro code   0x804'0d54     0x68  floor.o [5]
  .text                   ro code   0x804'0dbc     0x68  DblToFlt.o [5]
  .text.GUI_Long2Len      ro code   0x804'0e24     0x94  GUI_Common.o [2]
  .text.GUI_DispDecShift  ro code   0x804'0eb8     0x1c  GUI_Val.o [2]
  .text                   ro code   0x804'0ed4     0x66  ceil.o [5]
  .text.GUI_AddDecShift   ro code   0x804'0f3c     0xcc  GUI_Common.o [2]
  .text.GUI_DispString    ro code   0x804'1008      0x8  GUI_DispString.o [2]
  .text.SCROLLBAR_DrawSkinFlex
                          ro code   0x804'1010    0x20c  SCROLLBAR_SkinFlex.o [2]
  .text.WIDGET__RotateRect90
                          ro code   0x804'121c     0x2c  WIDGET.o [2]
  .text.WIDGET__DrawTriangle
                          ro code   0x804'1248     0x5c  WIDGET.o [2]
  .rodata                 const     0x804'12a4    0x200  WindowDLG.o [1]
  .rodata                 const     0x804'14a4    0x200  WindowDLG.o [1]
  .rodata                 const     0x804'16a4    0x200  WindowDLG.o [1]
  .rodata                 const     0x804'18a4    0x200  WindowDLG.o [1]
  .rodata                 const     0x804'1aa4    0x200  WindowDLG.o [1]
  .rodata                 const     0x804'1ca4    0x200  WindowDLG.o [1]
  .rodata                 const     0x804'1ea4    0x200  WindowDLG.o [1]
  .rodata                 const     0x804'20a4    0x200  WindowDLG.o [1]
  .rodata                 const     0x804'22a4    0x200  WindowDLG.o [1]
  .rodata                 const     0x804'24a4    0x200  WindowDLG.o [1]
  .rodata                 const     0x804'26a4    0x200  WindowDLG.o [1]
  .rodata                 const     0x804'28a4    0x200  WindowDLG.o [1]
  .rodata                 const     0x804'2aa4    0x200  WindowDLG.o [1]
  .rodata                 const     0x804'2ca4    0x200  WindowDLG.o [1]
  .rodata                 const     0x804'2ea4    0x200  WindowDLG.o [1]
  .rodata                 const     0x804'30a4    0x200  WindowDLG.o [1]
  .rodata                 const     0x804'32a4    0x200  WindowDLG.o [1]
  .rodata                 const     0x804'34a4    0x200  WindowDLG.o [1]
  .rodata                 const     0x804'36a4    0x200  WindowDLG.o [1]
  .rodata                 const     0x804'38a4    0x200  WindowDLG.o [1]
  .rodata                 const     0x804'3aa4    0x200  WindowDLG.o [1]
  .text.SLIDER_Callback   ro code   0x804'3ca4    0x1f4  SLIDER.o [2]
  .text.WIDGET__GetWindowSizeX
                          ro code   0x804'3e98     0x30  WIDGET.o [2]
  .text._OnPaint          ro code   0x804'3ec8    0x1e4  GRAPH_SCALE.o [2]
  .text.GUI_GetFontSizeY  ro code   0x804'40ac     0x14  GUI_Common.o [2]
  .text.GUI_SetTextAlign  ro code   0x804'40c0     0x14  GUI_Common.o [2]
  .rodata                 const     0x804'40d4    0x1c0  WindowDLG.o [1]
  .rodata                 const     0x804'4294    0x1a4  WindowDLG.o [1]
  .text._WriteToActiveAlpha
                          ro code   0x804'4438    0x198  GUIDEV_WriteToActiveAlpha.o [2]
  .text.GUI__AllocAlphaBuffer
                          ro code   0x804'45d0     0x9c  GUI__Alpha.o [2]
  .text.GUI__CompactPixelIndicesEx
                          ro code   0x804'466c    0x18c  GUI__CompactPixelIndices.o [2]
  .text.GUI_MEMDEV_Paint1Static
                          ro code   0x804'47f8    0x194  GUIDEV_StaticDevices.o [2]
  .text.GUI__AlphaPreserveTrans
                          ro code   0x804'498c     0x2c  GUI_SetAlpha.o [2]
  .text.WM_GetWindowOrgX  ro code   0x804'49b8     0x10  WM_Lib.o [2]
  .text.WM__Paint1        ro code   0x804'49c8     0xb8  WM.o [2]
  .text.LCD_AA_SetOrMask  ro code   0x804'4a80     0x10  LCD_AA.o [2]
  .text.GL_SetDefault     ro code   0x804'4a90     0x48  GUI_Common.o [2]
  .text.GUI_MEMDEV__WriteToActiveAlpha
                          ro code   0x804'4ad8    0x194  GUIDEV_WriteToActiveAlpha.o [2]
  .text.GUI_DispStringInRectWrap.part.1
                          ro code   0x804'4c6c    0x190  GUI_DispString.o [2]
  .text.GUI__WrapGetNumBytesToNextLine
                          ro code   0x804'4dfc     0xc4  GUI__Wrap.o [2]
  .text.GUI__WrapGetNumCharsDisp
                          ro code   0x804'4ec0     0x24  GUI__Wrap.o [2]
  .text.CHECKBOX_Callback
                          ro code   0x804'4ee4    0x188  CHECKBOX.o [2]
  .text.WM_HasCaptured    ro code   0x804'506c     0x1c  WM_Lib.o [2]
  .text.GUI_StoreKey      ro code   0x804'5088     0x10  GUI_OnKey.o [2]
  .text.GUIMONO_DispChar  ro code   0x804'5098    0x17c  GUI_CharM.o [2]
  .text._CalcPositions    ro code   0x804'5214    0x17c  SCROLLBAR_Skin.o [2]
  .text.SCROLLBAR__Rect2VRect
                          ro code   0x804'5390     0x38  SCROLLBAR.o [2]
  .text.WM_GetWindowRectEx
                          ro code   0x804'53c8     0x18  WM_Lib.o [2]
  .text._SetPos           ro code   0x804'53e0    0x178  GUIDRV_Lin_16.o [2]
  .text.GUI__memset       ro code   0x804'5558     0x80  GUI__Private.o [2]
  .text                   ro code   0x804'55d8     0x14  memset.o [6]
  .text._FillRect         ro code   0x804'55ec    0x174  GUIDEV_16.o [2]
  .text.GUI__memset16     ro code   0x804'5760     0x68  GUI__Private.o [2]
  .text.BUTTON_Callback   ro code   0x804'57c8    0x170  BUTTON.o [2]
  .text.GUI_ALLOC_FreePtrArray
                          ro code   0x804'5938     0x60  GUI_Alloc.o [2]
  .text.WINDOW_Callback   ro code   0x804'5998    0x144  WINDOW.o [2]
  .text.WM_SetFocusOnPrevChild
                          ro code   0x804'5adc     0x64  WM_SetFocusOnPrevChild.o [2]
  .text.WM_HasFocus       ro code   0x804'5b40     0x1c  WM_Lib.o [2]
  .text.WM__IsAncestorOrSelf
                          ro code   0x804'5b5c     0x34  WM__Private.o [2]
  .text.WM__GetLastSibling
                          ro code   0x804'5b90     0x1c  WM__Private.o [2]
  .text                   ro code   0x804'5bac    0x108  usbd_desc.o [1]
  .rodata                 const     0x804'5cb4    0x100  LCD_Mirror.o [2]
  .text.DROPDOWN_CreateIndirect
                          ro code   0x804'5db4    0x100  DROPDOWN.o [2]
  .text.CHECKBOX_CreateIndirect
                          ro code   0x804'5eb4     0xf8  CHECKBOX.o [2]
  .text._OnPaint          ro code   0x804'5fac     0xf8  GRAPH_DATA_YT.o [2]
  .text.GUIPROP_DispChar  ro code   0x804'60a4     0xf4  GUI_CharP.o [2]
  .text.GUI_GetBkColor    ro code   0x804'6198     0x10  GUI_Common.o [2]
  .text.LCD_GetBkColorIndex
                          ro code   0x804'61a8     0x10  LCD_GetColorIndex.o [2]
  .text._DrawFrame        ro code   0x804'61b8     0xf4  SCROLLBAR_SkinFlex.o [2]
  .text.GUI_DrawPixel     ro code   0x804'62ac     0x48  GUI_DrawLib.o [2]
  .text._GetWordWrap      ro code   0x804'62f4     0xf0  GUI__Wrap.o [2]
  .text._FillRect         ro code   0x804'63e4     0xec  GUIDEV_32.o [2]
  .text._DrawVLine        ro code   0x804'64d0     0xe8  GUIDEV_16.o [2]
  .text._GetDevFunc       ro code   0x804'65b8     0xe8  GUIDRV_Lin_16.o [2]
  .text._DrawVLine        ro code   0x804'66a0     0xe4  GUIDEV_32.o [2]
  .rodata                 const     0x804'6784     0xe0  WindowDLG.o [1]
  .text._PaintTiled       ro code   0x804'6864     0xd8  IMAGE.o [2]
  .text.WM__GetWindowSizeY
                          ro code   0x804'693c     0x10  WM_GetWindowSize.o [2]
  .text.GUI_MEMDEV_GetXPos
                          ro code   0x804'694c     0x38  GUIDEV_GetPos.o [2]
  .text.GUI_MEMDEV_GetYPos
                          ro code   0x804'6984     0x38  GUIDEV_GetPos.o [2]
  .text.GUI_MEMDEV_WriteAt
                          ro code   0x804'69bc     0x6c  GUIDEV_Write.o [2]
  .text.BUTTON_CreateIndirect
                          ro code   0x804'6a28     0xd4  BUTTON.o [2]
  .text._SetOrg           ro code   0x804'6afc     0xd0  GUIDRV_Lin_16.o [2]
  .text.LCD_GetMirrorXEx  ro code   0x804'6bcc     0x20  LCD_GetEx.o [2]
  .text.LCD_GetMirrorYEx  ro code   0x804'6bec     0x20  LCD_GetEx.o [2]
  .text.TEXT_Callback     ro code   0x804'6c0c     0xcc  TEXT.o [2]
  .text.GUI_DispStringInRectWrap
                          ro code   0x804'6cd8      0x8  GUI_DispString.o [2]
  .text.IMAGE_CreateIndirect
                          ro code   0x804'6ce0     0xc8  IMAGE.o [2]
  .text._ReadRect         ro code   0x804'6da8     0xc8  GUIDRV_Lin_16.o [2]
  .text.GUI_USAGE_BM_GetNextDirty
                          ro code   0x804'6e70     0xc0  GUIDEV_UsageBM.o [2]
  .text._OnTouchDefault   ro code   0x804'6f30     0xbc  BUTTON.o [2]
  .text._Paint            ro code   0x804'6fec     0xb8  SCROLLBAR_Skin.o [2]
  .text.WIDGET__GetClientRect
                          ro code   0x804'70a4     0x38  WIDGET.o [2]
  .rodata                 const     0x804'70dc     0xb4  main.o [1]
  .text._cbBackWin        ro code   0x804'7190     0xb0  WM.o [2]
  .text.LISTBOX_CreateIndirect
                          ro code   0x804'7240     0xac  LISTBOX.o [2]
  .rodata                 const     0x804'72ec     0xa8  WindowDLG.o [1]
  .text.SLIDER_CreateIndirect
                          ro code   0x804'7394     0xa8  SLIDER.o [2]
  .text.TEXT_CreateIndirect
                          ro code   0x804'743c     0xa8  TEXT.o [2]
  .text._Paint            ro code   0x804'74e4     0xa4  CHECKBOX_Skin.o [2]
  .text._OnExit           ro code   0x804'7588     0xa0  WM.o [2]
  .text                   ro code   0x804'7628     0x9c  stm32f7xx_it.o [1]
  .text                   ro code   0x804'76c4     0x10  stm32f7xx_hal.o [1]
  .text.GRAPH_CreateIndirect
                          ro code   0x804'76d4     0x94  GRAPH.o [2]
  .text.GUI__MixColorsBulk
                          ro code   0x804'7768     0x94  GUI__Alpha.o [2]
  .text._Paint            ro code   0x804'77fc     0x88  BUTTON_Skin.o [2]
  .text._CopyBuffer       ro code   0x804'7884     0x84  GUIDRV_Lin_16.o [2]
  .text._XorPixel         ro code   0x804'7908     0x84  GUIDEV_16.o [2]
  .text._XorPixel         ro code   0x804'798c     0x84  GUIDEV_32.o [2]
  .rodata                 const     0x804'7a10     0x80  ff.o [1]
  .text.GUI_TIMER_Exec    ro code   0x804'7a90     0x78  GUI_Timer.o [2]
  .text._SetPixelIndex    ro code   0x804'7b08     0x78  GUIDEV_16.o [2]
  .text._SetPixelIndex    ro code   0x804'7b80     0x78  GUIDEV_32.o [2]
  .rodata                 const     0x804'7bf8     0x74  GUIDEV_16.o [2]
  .rodata                 const     0x804'7c6c     0x74  GUIDEV_32.o [2]
  .text.GUI_USAGE_BM_AddHLine
                          ro code   0x804'7ce0     0x74  GUIDEV_UsageBM.o [2]
  .text.LCD_GetpPalConvTableBM
                          ro code   0x804'7d54     0x74  LCD_Color.o [2]
  .rodata                 const     0x804'7dc8     0x70  WindowDLG.o [1]
  .text._Index2ColorBulk  ro code   0x804'7e38     0x70  GUICC_M565.o [2]
  .text._Paint            ro code   0x804'7ea8     0x70  DROPDOWN_Skin.o [2]
  .text.DROPDOWN__GetpItemLocked
                          ro code   0x804'7f18     0x2c  DROPDOWN.o [2]
  .text._SetDevFunc       ro code   0x804'7f44     0x70  GUIDRV_Lin_16.o [2]
  .text._cbPaintMemDev    ro code   0x804'7fb4     0x70  WM.o [2]
  .text.WINDOW_CreateIndirect
                          ro code   0x804'8024     0x6c  WINDOW.o [2]
  .text._InvalidateNewItem
                          ro code   0x804'8090     0x6c  GRAPH_DATA_YT.o [2]
  .text.GRAPH__InvalidateGraph
                          ro code   0x804'80fc     0x64  GRAPH.o [2]
  .rodata                 const     0x804'8160     0x68  CHECKBOX_Image.o [2]
  .text                   ro code   0x804'81c8     0x60  system_stm32f7xx.o [1]
  .text._DrawBackgroundH  ro code   0x804'8228     0x60  SCROLLBAR_SkinFlex.o [2]
  .text._DrawBackgroundV  ro code   0x804'8288     0x60  SCROLLBAR_SkinFlex.o [2]
  .text._DrawGraspH       ro code   0x804'82e8     0x60  SCROLLBAR_SkinFlex.o [2]
  .text._DrawGraspV       ro code   0x804'8348     0x60  SCROLLBAR_SkinFlex.o [2]
  .text._Color2IndexBulk  ro code   0x804'83a8     0x5c  GUICC_M565.o [2]
  .text._SetSize          ro code   0x804'8404     0x5c  GUIDRV_Lin_16.o [2]
  .text                   ro code   0x804'8460     0x58  usbd_storage_if.o [1]
  .text.GUI__MixColors    ro code   0x804'84b8     0x58  GUI__Alpha.o [2]
  .rodata                 const     0x804'8510     0x54  rtc.o [1]
  .rodata                 const     0x804'8564     0x54  WindowDLG.o [1]
  .rodata                 const     0x804'85b8     0x54  WindowDLG.o [1]
  .text.GUI_CalcColorDist
                          ro code   0x804'860c     0x54  GUI_Common.o [2]
  .text._Color2Index_0    ro code   0x804'8660     0x54  GUICC_0.o [2]
  .text.LCD_GetNumColors  ro code   0x804'86b4     0x2c  LCD_GetEx.o [2]
  .text.LCD_GetPalette    ro code   0x804'86e0     0x20  LCD_GetEx.o [2]
  .text._Encode           ro code   0x804'8700     0x50  GUI_UC_EncodeUTF8.o [2]
  .rodata                 const     0x804'8750     0x4c  WindowDLG.o [1]
  .text.GUIPROP_GetCharDistX
                          ro code   0x804'879c     0x4c  GUI_CharP.o [2]
  .text._GetIndexMask_0   ro code   0x804'87e8     0x4c  GUICC_0.o [2]
  .text.LCD_AA_MixColors16
                          ro code   0x804'8834     0x48  LCD_AA.o [2]
  .text._GetCharCode      ro code   0x804'887c     0x48  GUI_UC_EncodeUTF8.o [2]
  .rodata                 const     0x804'88c4     0x46  GUI_DrawLine.o [2]
  .text._OnExit           ro code   0x804'890c     0x44  GUI_Core.o [2]
  .text._GetPixelIndex    ro code   0x804'8950     0x40  GUIDEV_16.o [2]
  .text._GetPixelIndex    ro code   0x804'8990     0x40  GUIDEV_32.o [2]
  .text._SetAlpha         ro code   0x804'89d0     0x40  GUIDRV_Lin_16.o [2]
  .text._SetVRAMAddr      ro code   0x804'8a10     0x40  GUIDRV_Lin_16.o [2]
  .text._SetVis           ro code   0x804'8a50     0x40  GUIDRV_Lin_16.o [2]
  .text._DrawDown         ro code   0x804'8a90     0x3c  WIDGET_Effect_Simple.o [2]
  .text._DrawUp           ro code   0x804'8acc     0x3c  WIDGET_Effect_Simple.o [2]
  .text._GetCharWrap      ro code   0x804'8b08     0x3c  GUI__Wrap.o [2]
  .text._GetDevProp       ro code   0x804'8b44     0x3c  GUIDRV_Lin_16.o [2]
  .text._ShowBuffer       ro code   0x804'8b80     0x3c  GUIDRV_Lin_16.o [2]
  .rodata                 const     0x804'8bbc     0x38  chinese.o [1]
  .rodata                 const     0x804'8bf4     0x38  chinese.o [1]
  .rodata                 const     0x804'8c2c     0x38  chinese.o [1]
  .rodata                 const     0x804'8c64     0x38  chinese.o [1]
  .rodata                 const     0x804'8c9c     0x38  chinese.o [1]
  .rodata                 const     0x804'8cd4     0x38  chinese.o [1]
  .rodata                 const     0x804'8d0c     0x38  chinese.o [1]
  .rodata                 const     0x804'8d44     0x38  chinese.o [1]
  .rodata                 const     0x804'8d7c     0x38  chinese.o [1]
  .rodata                 const     0x804'8db4     0x38  chinese.o [1]
  .rodata                 const     0x804'8dec     0x38  chinese.o [1]
  .rodata                 const     0x804'8e24     0x38  chinese.o [1]
  .rodata                 const     0x804'8e5c     0x38  chinese.o [1]
  .rodata                 const     0x804'8e94     0x38  chinese.o [1]
  .rodata                 const     0x804'8ecc     0x38  chinese.o [1]
  .rodata                 const     0x804'8f04     0x38  chinese.o [1]
  .rodata                 const     0x804'8f3c     0x38  chinese.o [1]
  .rodata                 const     0x804'8f74     0x38  chinese.o [1]
  .rodata                 const     0x804'8fac     0x38  chinese.o [1]
  .rodata                 const     0x804'8fe4     0x38  chinese.o [1]
  .rodata                 const     0x804'901c     0x38  chinese.o [1]
  .rodata                 const     0x804'9054     0x38  chinese.o [1]
  .rodata                 const     0x804'908c     0x38  chinese.o [1]
  .rodata                 const     0x804'90c4     0x38  chinese.o [1]
  .rodata                 const     0x804'90fc     0x38  chinese.o [1]
  .rodata                 const     0x804'9134     0x38  chinese.o [1]
  .rodata                 const     0x804'916c     0x38  chinese.o [1]
  .rodata                 const     0x804'91a4     0x38  chinese.o [1]
  .rodata                 const     0x804'91dc     0x38  chinese.o [1]
  .rodata                 const     0x804'9214     0x38  chinese.o [1]
  .rodata                 const     0x804'924c     0x38  chinese.o [1]
  .rodata                 const     0x804'9284     0x38  chinese.o [1]
  .rodata                 const     0x804'92bc     0x38  chinese.o [1]
  .rodata                 const     0x804'92f4     0x38  chinese.o [1]
  .rodata                 const     0x804'932c     0x38  chinese.o [1]
  .rodata                 const     0x804'9364     0x38  chinese.o [1]
  .rodata                 const     0x804'939c     0x38  chinese.o [1]
  .rodata                 const     0x804'93d4     0x38  chinese.o [1]
  .rodata                 const     0x804'940c     0x38  chinese.o [1]
  .rodata                 const     0x804'9444     0x38  chinese.o [1]
  .rodata                 const     0x804'947c     0x38  chinese.o [1]
  .rodata                 const     0x804'94b4     0x38  chinese.o [1]
  .rodata                 const     0x804'94ec     0x38  chinese.o [1]
  .rodata                 const     0x804'9524     0x38  chinese.o [1]
  .rodata                 const     0x804'955c     0x38  chinese.o [1]
  .rodata                 const     0x804'9594     0x38  chinese.o [1]
  .rodata                 const     0x804'95cc     0x38  chinese.o [1]
  .rodata                 const     0x804'9604     0x38  chinese.o [1]
  .rodata                 const     0x804'963c     0x38  chinese.o [1]
[...]
bmPic1                   0x801'4c1c    0x14  Data  Gb  WindowDLG.o [1]
bmPic10                  0x803'dd2c    0x14  Data  Gb  WindowDLG.o [1]
bmPic10_1                0x803'dde0    0x14  Data  Gb  WindowDLG.o [1]
bmPic11_1                0x803'ddf4    0x14  Data  Gb  WindowDLG.o [1]
bmPic1_1                 0x801'4c30    0x14  Data  Gb  WindowDLG.o [1]
bmPic2                   0x803'dc8c    0x14  Data  Gb  WindowDLG.o [1]
bmPic2_1                 0x803'dd40    0x14  Data  Gb  WindowDLG.o [1]
bmPic3                   0x803'dca0    0x14  Data  Gb  WindowDLG.o [1]
bmPic3_1                 0x803'dd54    0x14  Data  Gb  WindowDLG.o [1]
bmPic4                   0x803'dcb4    0x14  Data  Gb  WindowDLG.o [1]
bmPic4_1                 0x803'dd68    0x14  Data  Gb  WindowDLG.o [1]
bmPic5                   0x803'dcc8    0x14  Data  Gb  WindowDLG.o [1]
bmPic5_1                 0x803'dd7c    0x14  Data  Gb  WindowDLG.o [1]
bmPic6                   0x803'dcdc    0x14  Data  Gb  WindowDLG.o [1]
bmPic6_1                 0x803'dd90    0x14  Data  Gb  WindowDLG.o [1]
bmPic7                   0x803'dcf0    0x14  Data  Gb  WindowDLG.o [1]
bmPic7_1                 0x803'dda4    0x14  Data  Gb  WindowDLG.o [1]
bmPic8                   0x803'dd04    0x14  Data  Gb  WindowDLG.o [1]
bmPic8_1                 0x803'ddb8    0x14  Data  Gb  WindowDLG.o [1]
bmPic9                   0x803'dd18    0x14  Data  Gb  WindowDLG.o [1]
bmPic9_1                 0x803'ddcc    0x14  Data  Gb  WindowDLG.o [1]
ceil                     0x804'0ee5          Code  Gb  ceil.o [5]
ceill                    0x804'0ee5          Code  Gb  ceil.o [5]
check_fs                 0x801'8153    0x6c  Code  Lc  ff.o [1]
chk_lock                 0x801'7767    0x5c  Code  Lc  ff.o [1]
choose_chinese           0x801'4708     0x8  Data  Gb  WindowDLG.o [1]
circularSpectrumRadius  0x2000'01a8     0x4  Data  Lc  WindowDLG.o [1]
clear_lock               0x801'786d    0x1c  Code  Lc  ff.o [1]
clmt_clust               0x801'7c65    0x28  Code  Lc  ff.o [1]
clust2sect               0x801'798d    0x1a  Code  Lc  ff.o [1]
cos                      0x802'2ef9     0x4  Code  Gb  cos_sin64.o [5]
cosl                     0x802'2ef9     0x4  Code  Gb  cos_sin64.o [5]
create_chain             0x801'7bbd    0xa2  Code  Lc  ff.o [1]
create_name              0x801'7f7b    0xae  Code  Lc  ff.o [1]
current_note_index      0x2000'0ea8     0x4  Data  Lc  WindowDLG.o [1]
data_in                 0x2000'7a64  0x1000  Data  Gb  WindowDLG.o [1]
data_out                0x2000'8a64   0x800  Data  Gb  WindowDLG.o [1]
data_ready              0x2000'019b     0x1  Data  Gb  WindowDLG.o [1]
date_chinese             0x801'39dc     0x8  Data  Gb  WindowDLG.o [1]
dec_lock                 0x801'7837    0x36  Code  Lc  ff.o [1]
dir_next                 0x801'7d17    0xde  Code  Lc  ff.o [1]
dir_read                 0x801'7e47    0x5c  Code  Lc  ff.o [1]
dir_register             0x801'7ea3    0x72  Code  Lc  ff.o [1]
dir_sdi                  0x801'7c8d    0x8a  Code  Lc  ff.o [1]
disk                    0x2000'c054     0xc  Data  Gb  ff_gen_drv.o [1]
disk_initialize          0x801'e5eb    0x26  Code  Gb  diskio.o [1]
disk_ioctl               0x801'e639    0x16  Code  Gb  diskio.o [1]
disk_read                0x801'e611     0xc  Code  Gb  diskio.o [1]
disk_status              0x801'e5d9    0x12  Code  Gb  diskio.o [1]
disk_write               0x801'e61d     0xc  Code  Gb  diskio.o [1]
done_chinese             0x801'42b8     0x8  Data  Gb  WindowDLG.o [1]
emWin_LCD_Init           0x802'b9d1   0x110  Code  Gb  LCD.o [2]
enable_chinese           0x801'3a5c     0x8  Data  Gb  WindowDLG.o [1]
exit                     0x804'acdb     0x4  Code  Gb  exit.o [3]
extMem                  0x2000'1664  0x6400  Data  Lc  GUIConf.o [1]
f_close                  0x801'88a9    0x28  Code  Gb  ff.o [1]
f_closedir               0x801'8b3b    0x1e  Code  Gb  ff.o [1]
f_getc1                  0x801'5d57    0x2a  Code  Lc  WindowDLG.o [1]
f_lseek                  0x801'88d1   0x1d4  Code  Gb  ff.o [1]
f_mount                  0x801'8447    0x58  Code  Gb  ff.o [1]
f_open                   0x801'84a9   0x1fe  Code  Gb  ff.o [1]
f_opendir                0x801'8ab9    0x82  Code  Gb  ff.o [1]
f_read                   0x801'86bd   0x14c  Code  Gb  ff.o [1]
f_readdir                0x801'8b61    0x44  Code  Gb  ff.o [1]
f_sync                   0x801'881d    0x7c  Code  Gb  ff.o [1]
fftBufferIndex          0x2000'01a4     0x4  Data  Lc  WindowDLG.o [1]
fftInput                0x2000'a318   0x400  Data  Lc  WindowDLG.o [1]
fftInstance             0x2000'01cc    0x18  Data  Lc  WindowDLG.o [1]
fftOutput               0x2000'01e4   0x200  Data  Lc  WindowDLG.o [1]
fft_data_ready          0x2000'019c     0x1  Data  Gb  WindowDLG.o [1]
find_volume              0x801'81c5   0x24c  Code  Lc  ff.o [1]
floor                    0x804'0d65          Code  Gb  floor.o [5]
floorl                   0x804'0d65          Code  Gb  floor.o [5]
follow_path              0x801'803d    0xd2  Code  Lc  ff.o [1]
fputc                    0x801'53d9    0x16  Code  Gb  WindowDLG.o [1]
free                     0x802'782b     0x4  Code  Gb  heaptramp0.o [3]
freq_count              0x2000'019e     0x2  Data  Gb  WindowDLG.o [1]
freq_record             0x2000'9a64   0x4b0  Data  Gb  WindowDLG.o [1]
frequence_chinese        0x801'6140     0x8  Data  Gb  WindowDLG.o [1]
frequence_domain_chinese
                         0x801'3bcc     0x8  Data  Gb  WindowDLG.o [1]
frexpf                   0x802'2f91          Code  Gb  frexpf.o [5]
g_AlarmEnable           0x2000'10c0     0x4  Data  Lc  WindowDLG.o [1]
g_AlarmHour             0x2000'10b8     0x4  Data  Lc  WindowDLG.o [1]
g_AlarmMinute           0x2000'10bc     0x4  Data  Lc  WindowDLG.o [1]
g_AlarmTriggered        0x2000'10c4     0x4  Data  Lc  WindowDLG.o [1]
g_CurrentWindowFlag     0x2000'10b0     0x4  Data  Gb  WindowDLG.o [1]
g_hMainWindow           0x2000'10b4     0x4  Data  Lc  WindowDLG.o [1]
get_current_calendar     0x801'61f7    0x4a  Code  Gb  rtc.o [1]
get_fat                  0x801'79a7    0xae  Code  Lc  ff.o [1]
get_fattime              0x801'e66d     0x4  Code  Gb  fatfs.o [1]
get_fileinfo             0x801'7f15    0x66  Code  Lc  ff.o [1]
get_ldnumber             0x801'810f    0x44  Code  Lc  ff.o [1]
get_weekday_name         0x801'629f     0xe  Code  Gb  rtc.o [1]
get_weekday_name::weekdays
                        0x2000'0000    0x1c  Data  Lc  rtc.o [1]
graphVSizeX             0x2000'01ac     0x4  Data  Lc  WindowDLG.o [1]
hGraphFrequencyDomain   0x2000'01b8     0x4  Data  Gb  WindowDLG.o [1]
hGraphTimeDomain        0x2000'01b4     0x4  Data  Gb  WindowDLG.o [1]
hI2cAudioHandler        0x2000'bd08    0x4c  Data  Lc  stm32746g_discovery.o [1]
hPianoWin               0x2000'10ac     0x4  Data  Gb  WindowDLG.o [1]
hUsbDeviceFS            0x2000'a718   0x29c  Data  Gb  usb_device.o [1]
hadc3                   0x2000'bda0    0x48  Data  Gb  adc.o [1]
haudio_in_sai           0x2000'b990    0x84  Data  Gb  stm32746g_discovery_audio.o [1]
haudio_out_sai          0x2000'b90c    0x84  Data  Gb  stm32746g_discovery_audio.o [1]
hcrc                    0x2000'bf04    0x24  Data  Gb  crc.o [1]
hdma_adc3               0x2000'ba94    0x60  Data  Gb  adc.o [1]
hdma_sai2_a             0x2000'b4fc    0x60  Data  Gb  sai.o [1]
hdma_sai2_b             0x2000'b55c    0x60  Data  Gb  sai.o [1]
hdma_sdmmc1_rx          0x2000'b5bc    0x60  Data  Gb  sdmmc.o [1]
hdma_sdmmc1_tx          0x2000'b61c    0x60  Data  Gb  sdmmc.o [1]
hi2c3                   0x2000'bcbc    0x4c  Data  Gb  i2c.o [1]
hltdc                   0x2000'b73c    0xa8  Data  Gb  HW_Init.o [1]
hpcd_USB_OTG_FS         0x2000'9f14   0x404  Data  Gb  usbd_conf.o [1]
hrtc                    0x2000'bf48    0x20  Data  Gb  rtc.o [1]
hsai_BlockA2            0x2000'b3f4    0x84  Data  Gb  sai.o [1]
hsai_BlockB2            0x2000'b478    0x84  Data  Gb  sai.o [1]
hsd1                    0x2000'b888    0x84  Data  Gb  sdmmc.o [1]
hsdram1                 0x2000'bde8    0x34  Data  Gb  HW_Init.o [1]
htim12                  0x2000'be6c    0x40  Data  Gb  tim.o [1]
htim2                   0x2000'be2c    0x40  Data  Gb  tim.o [1]
huart1                  0x2000'ba14    0x80  Data  Gb  usart.o [1]
iWin.10679              0x2000'bed8     0x4  Data  Lc  WM.o [2]
idle_chinese             0x801'4298     0x4  Data  Gb  WindowDLG.o [1]
inc_lock                 0x801'77c3    0x74  Code  Lc  ff.o [1]
init_mparams             0x802'6147    0x32  Code  Lc  dlmalloc.o [3]
init_top                 0x802'6179    0x36  Code  Lc  dlmalloc.o [3]
inputEnabled            0x2000'1158     0x4  Data  Lc  wm8994.o [1]
is_playing              0x2000'0199     0x1  Data  Gb  WindowDLG.o [1]
is_recording            0x2000'0198     0x1  Data  Gb  WindowDLG.o [1]
layer_prop              0x2000'001c    0x38  Data  Lc  STemwin_wrapper.o [1]
ld_clust                 0x801'7dfb    0x26  Code  Lc  ff.o [1]
ld_dword                 0x801'771f    0x10  Code  Lc  ff.o [1]
ld_word                  0x801'7719     0x6  Code  Lc  ff.o [1]
ldexp                    0x802'3e59          Code  Gb  ldexp.o [5]
ldexpf                   0x802'9561          Code  Gb  ldexpf.o [5]
ldexpl                   0x802'3e59          Code  Gb  ldexp.o [5]
localeconv               0x802'3be9     0x4  Code  Gb  xlocale_c.o [3]
main                     0x801'9331    0x7a  Code  Gb  main.o [1]
mem_cpy                  0x801'774d    0x10  Code  Lc  ff.o [1]
mem_set                  0x801'775d     0xa  Code  Lc  ff.o [1]
memchr                   0x802'3c4d          Code  Gb  memchr.o [6]
memcmp                   0x801'b0b9          Code  Gb  memcmp.o [6]
memcpy                   0x802'cec1     0xc  Code  Gb  memcpy.o [6]
memmove                  0x802'816d     0xc  Code  Gb  memmove.o [6]
memset                   0x804'55d9    0x14  Code  Gb  memset.o [6]
midi_ppq                0x2000'10a6     0x2  Data  Gb  WindowDLG.o [1]
midi_state              0x2000'10a5     0x1  Data  Gb  WindowDLG.o [1]
midi_tempo              0x2000'10a8     0x4  Data  Gb  WindowDLG.o [1]
mode1_chinese            0x801'3ec8     0x8  Data  Gb  WindowDLG.o [1]
mode2_chinese            0x801'3ed0     0x8  Data  Gb  WindowDLG.o [1]
move_window              0x801'78d5    0x34  Code  Lc  ff.o [1]
mparams                 0x2000'bfd4    0x18  Data  Lc  dlmalloc.o [3]
my_rtc_init              0x801'6149    0x76  Code  Gb  rtc.o [1]
needRedraw              0x2000'01b0     0x4  Data  Lc  WindowDLG.o [1]
next_chinese             0x801'46d8     0xc  Data  Gb  WindowDLG.o [1]
note_start_time         0x2000'0eac     0x4  Data  Lc  WindowDLG.o [1]
obuf                    0x2000'bc6c    0x50  Data  Lc  xfiles.o [3]
outputEnabled           0x2000'1154     0x4  Data  Lc  wm8994.o [1]
p1_1                     0x804'26a4   0x200  Data  Gb  WindowDLG.o [1]
p1_10                    0x804'38a4   0x200  Data  Gb  WindowDLG.o [1]
p1_11                    0x804'3aa4   0x200  Data  Gb  WindowDLG.o [1]
p1_2                     0x804'28a4   0x200  Data  Gb  WindowDLG.o [1]
p1_3                     0x804'2aa4   0x200  Data  Gb  WindowDLG.o [1]
p1_4                     0x804'2ca4   0x200  Data  Gb  WindowDLG.o [1]
p1_5                     0x804'2ea4   0x200  Data  Gb  WindowDLG.o [1]
p1_6                     0x804'30a4   0x200  Data  Gb  WindowDLG.o [1]
p1_7                     0x804'32a4   0x200  Data  Gb  WindowDLG.o [1]
p1_8                     0x804'34a4   0x200  Data  Gb  WindowDLG.o [1]
p1_9                     0x804'36a4   0x200  Data  Gb  WindowDLG.o [1]
pause_chinese            0x801'46c4     0x8  Data  Gb  WindowDLG.o [1]
peak_chinese             0x801'57a0     0xc  Data  Gb  WindowDLG.o [1]
piano_chinese            0x801'4be0     0xc  Data  Gb  WindowDLG.o [1]
pic1                     0x804'12a4   0x200  Data  Gb  WindowDLG.o [1]
pic10                    0x804'24a4   0x200  Data  Gb  WindowDLG.o [1]
pic2                     0x804'14a4   0x200  Data  Gb  WindowDLG.o [1]
pic3                     0x804'16a4   0x200  Data  Gb  WindowDLG.o [1]
pic4                     0x804'18a4   0x200  Data  Gb  WindowDLG.o [1]
pic5                     0x804'1aa4   0x200  Data  Gb  WindowDLG.o [1]
pic6                     0x804'1ca4   0x200  Data  Gb  WindowDLG.o [1]
pic7                     0x804'1ea4   0x200  Data  Gb  WindowDLG.o [1]
pic8                     0x804'20a4   0x200  Data  Gb  WindowDLG.o [1]
pic9                     0x804'22a4   0x200  Data  Gb  WindowDLG.o [1]
play_chinese             0x801'46bc     0x8  Data  Gb  WindowDLG.o [1]
play_midi_chinese        0x801'46f8    0x10  Data  Gb  WindowDLG.o [1]
player_chinese           0x801'427c     0xc  Data  Gb  WindowDLG.o [1]
player_state            0x2000'10a4     0x1  Data  Lc  WindowDLG.o [1]
powerSpectrum           0x2000'03e4   0x100  Data  Lc  WindowDLG.o [1]
powf                     0x801'b0b5     0x4  Code  Gb  pow32.o [5]
prepend_alloc            0x802'61af   0x346  Code  Lc  dlmalloc.o [3]
previous_chinese         0x801'46cc     0xc  Data  Gb  WindowDLG.o [1]
printf                   0x801'8c01    0x28  Code  Gb  printf.o [3]
put_fat                  0x801'7a55    0xea  Code  Lc  ff.o [1]
putchar                  0x804'af11     0xc  Code  Gb  putchar.o [3]
range_down_chinese       0x801'3ee0     0x8  Data  Gb  WindowDLG.o [1]
range_up_chinese         0x801'3ed8     0x8  Data  Gb  WindowDLG.o [1]
record_done              0x801'42a8    0x10  Data  Gb  WindowDLG.o [1]
record_or_stop           0x801'4288    0x10  Data  Gb  WindowDLG.o [1]
recording_chinese        0x801'429c     0xc  Data  Gb  WindowDLG.o [1]
remove_chain             0x801'7b53    0x6a  Code  Lc  ff.o [1]
reset_chinese            0x801'48d0     0x8  Data  Gb  WindowDLG.o [1]
retSD                   0x2000'c09c     0x1  Data  Gb  fatfs.o [1]
rxBuffer                0x2000'bfec    0x14  Data  Gb  main.o [1]
scalbln                  0x802'3e59          Code  Gb  ldexp.o [5]
scalblnf                 0x802'9561          Code  Gb  ldexpf.o [5]
scalblnl                 0x802'3e59          Code  Gb  ldexp.o [5]
scalbn                   0x802'3e59          Code  Gb  ldexp.o [5]
scalbnf                  0x802'9561          Code  Gb  ldexpf.o [5]
scalbnl                  0x802'3e59          Code  Gb  ldexp.o [5]
scale                    0x801'c477    0x46  Code  Lc  xprintffull.o [3]
scratch                 0x2000'ae1c   0x200  Data  Lc  sd_diskio.o [1]
sec_hand                0x2000'c18c     0x4  Data  Lc  xfail_s.o [3]
segment_holding          0x802'612d    0x1a  Code  Lc  dlmalloc.o [3]
set_calendar             0x801'6241    0x5e  Code  Gb  rtc.o [1]
settings_chinese         0x801'4bd8     0x8  Data  Gb  WindowDLG.o [1]
sin                      0x802'2efd     0x4  Code  Gb  cos_sin64.o [5]
sinl                     0x802'2efd     0x4  Code  Gb  cos_sin64.o [5]
snprintf                 0x801'b581    0x44  Code  Gb  snprintf.o [3]
song                    0x2000'0ce4   0x1c0  Data  Lc  WindowDLG.o [1]
song_little_star_chinese
                         0x801'46e4    0x14  Data  Gb  WindowDLG.o [1]
spectrumDisplayMode     0x2000'019a     0x1  Data  Lc  WindowDLG.o [1]
sprintf                  0x801'62d9    0x40  Code  Gb  sprintf.o [3]
st_clust                 0x801'7e21    0x26  Code  Lc  ff.o [1]
st_dword                 0x801'773d    0x10  Code  Lc  ff.o [1]
st_word                  0x801'7735     0x8  Code  Lc  ff.o [1]
start_chinese            0x801'48c8     0x8  Data  Gb  WindowDLG.o [1]
stop_chinese             0x801'4c54     0x8  Data  Gb  WindowDLG.o [1]
stopwatch               0x2000'c060     0xc  Data  Lc  WindowDLG.o [1]
stopwatch_chinese        0x801'4bec     0x8  Data  Gb  WindowDLG.o [1]
strcasecmp               0x801'b5df    0x46  Code  Gb  strcasecmp.o [3]
strchr                   0x802'3bf5          Code  Gb  strchr.o [6]
strlen                   0x801'd031          Code  Gb  strlen.o [6]
strrchr                  0x801'b5c5    0x1a  Code  Gb  strrchr.o [3]
sync_fs                  0x801'7909    0x84  Code  Lc  ff.o [1]
sync_window              0x801'7889    0x4c  Code  Lc  ff.o [1]
sys_alloc                0x802'66ed   0x164  Code  Lc  dlmalloc.o [3]
sys_trim                 0x802'6851    0x64  Code  Lc  dlmalloc.o [3]
time_chinese             0x801'3a44     0x8  Data  Gb  WindowDLG.o [1]
time_domain_chinese      0x801'3bc4     0x8  Data  Gb  WindowDLG.o [1]
tmalloc_large            0x802'68c1   0x386  Code  Lc  dlmalloc.o [3]
tmalloc_small            0x802'6c47   0x200  Code  Lc  dlmalloc.o [3]
tolower                  0x802'3337    0x14  Code  Gb  tolower.o [3]
twiddleCoef_1024         0x800'2148  0x2000  Data  Gb  arm_common_tables.o [4]
twiddleCoef_128          0x800'0548   0x400  Data  Gb  arm_common_tables.o [4]
twiddleCoef_16           0x800'01c8    0x80  Data  Gb  arm_common_tables.o [4]
twiddleCoef_2048         0x800'4148  0x4000  Data  Gb  arm_common_tables.o [4]
twiddleCoef_256          0x800'0948   0x800  Data  Gb  arm_common_tables.o [4]
twiddleCoef_32           0x800'0248   0x100  Data  Gb  arm_common_tables.o [4]
twiddleCoef_512          0x800'1148  0x1000  Data  Gb  arm_common_tables.o [4]
twiddleCoef_64           0x800'0348   0x200  Data  Gb  arm_common_tables.o [4]
twiddleCoef_rfft_1024    0x800'c620  0x1000  Data  Gb  arm_common_tables.o [4]
twiddleCoef_rfft_128     0x800'b820   0x200  Data  Gb  arm_common_tables.o [4]
twiddleCoef_rfft_2048    0x800'd620  0x2000  Data  Gb  arm_common_tables.o [4]
twiddleCoef_rfft_256     0x800'ba20   0x400  Data  Gb  arm_common_tables.o [4]
twiddleCoef_rfft_32      0x800'b6a0    0x80  Data  Gb  arm_common_tables.o [4]
twiddleCoef_rfft_4096    0x800'f620  0x4000  Data  Gb  arm_common_tables.o [4]
twiddleCoef_rfft_512     0x800'be20   0x800  Data  Gb  arm_common_tables.o [4]
twiddleCoef_rfft_64      0x800'b720   0x100  Data  Gb  arm_common_tables.o [4]
uwTick                  0x2000'0068     0x4  Data  Gb  stm32f7xx_hal.o [1]
uwTickFreq              0x2000'0064     0x1  Data  Gb  stm32f7xx_hal.o [1]
uwTickPrio              0x2000'006c     0x4  Data  Gb  stm32f7xx_hal.o [1]
validate                 0x801'8411    0x36  Code  Lc  ff.o [1]
wm8994_DeInit            0x803'8b79     0x4  Code  Gb  wm8994.o [1]
wm8994_Init              0x803'864d   0x516  Code  Gb  wm8994.o [1]
wm8994_Pause             0x803'8b93    0x14  Code  Gb  wm8994.o [1]
wm8994_Play              0x803'8b91     0x2  Code  Gb  wm8994.o [1]
wm8994_ReadID            0x803'8b7d    0x14  Code  Gb  wm8994.o [1]
wm8994_Reset             0x803'8e1b    0x14  Code  Gb  wm8994.o [1]
wm8994_Resume            0x803'8bad     0x2  Code  Gb  wm8994.o [1]
wm8994_SetFrequency      0x803'8dbb    0x60  Code  Gb  wm8994.o [1]
wm8994_SetMute           0x803'8cdd    0x36  Code  Gb  wm8994.o [1]
wm8994_SetOutputMode     0x803'8d13    0xa2  Code  Gb  wm8994.o [1]
wm8994_SetVolume         0x803'8c0d    0xc4  Code  Gb  wm8994.o [1]
wm8994_Stop              0x803'8bb3    0x5a  Code  Gb  wm8994.o [1]
wm8994_drv              0x2000'1120    0x30  Data  Gb  wm8994.o [1]
xSizeDisplay.10990      0x2000'c084     0x4  Data  Lc  IMAGE.o [2]
ySizeDisplay.10991      0x2000'c088     0x4  Data  Lc  IMAGE.o [2]
zhongjunkai              0x801'4c08    0x14  Data  Gb  WindowDLG.o [1]
zhongzhihao              0x801'4bf4    0x14  Data  Gb  WindowDLG.o [1]


[1] = F:\none\Study\Electron\Embedded-System-Design\pingmudemo11\pingmudemo\EWARM\pingmudemo\Obj
[2] = STemWin_CM7_wc32_ot_ARGB.a
[3] = dl7M_tlf.a
[4] = iar_cortexM7ls_math.a
[5] = m7M_tls.a
[6] = rt7M_tl.a
[7] = shb_l.a

  177 968 bytes of readonly  code memory
  131 031 bytes of readonly  data memory
   90 527 bytes of readwrite data memory

Errors: none
Warnings: none
