###############################################################################
#
# IAR ELF Linker V8.32.1.169/W32 for ARM                  12/Oct/2025  22:12:10
# Copyright 2007-2018 IAR Systems AB.
#
#    Output file  =  
#        F:\none\Study\Electron\Embedded-System-Design\cubemx540_test\EWARM\cubemx540_test\Exe\cubemx540_test.out
#    Map file     =  
#        F:\none\Study\Electron\Embedded-System-Design\cubemx540_test\EWARM\cubemx540_test\List\cubemx540_test.map
#    Command line =  
#        -f C:\Users\86136\AppData\Local\Temp\EW3D0D.tmp
#        (F:\none\Study\Electron\Embedded-System-Design\cubemx540_test\EWARM\cubemx540_test\Obj\adc.o
#        F:\none\Study\Electron\Embedded-System-Design\cubemx540_test\EWARM\cubemx540_test\Obj\AlarmWindowDLG.o
#        F:\none\Study\Electron\Embedded-System-Design\cubemx540_test\EWARM\cubemx540_test\Obj\bsp_driver_sd.o
#        F:\none\Study\Electron\Embedded-System-Design\cubemx540_test\EWARM\cubemx540_test\Obj\cc936.o
#        F:\none\Study\Electron\Embedded-System-Design\cubemx540_test\EWARM\cubemx540_test\Obj\chinese_str.o
#        F:\none\Study\Electron\Embedded-System-Design\cubemx540_test\EWARM\cubemx540_test\Obj\crc.o
#        F:\none\Study\Electron\Embedded-System-Design\cubemx540_test\EWARM\cubemx540_test\Obj\diskio.o
#        F:\none\Study\Electron\Embedded-System-Design\cubemx540_test\EWARM\cubemx540_test\Obj\dma.o
#        F:\none\Study\Electron\Embedded-System-Design\cubemx540_test\EWARM\cubemx540_test\Obj\fatfs.o
#        F:\none\Study\Electron\Embedded-System-Design\cubemx540_test\EWARM\cubemx540_test\Obj\ff.o
#        F:\none\Study\Electron\Embedded-System-Design\cubemx540_test\EWARM\cubemx540_test\Obj\ff_gen_drv.o
#        F:\none\Study\Electron\Embedded-System-Design\cubemx540_test\EWARM\cubemx540_test\Obj\gpio.o
#        F:\none\Study\Electron\Embedded-System-Design\cubemx540_test\EWARM\cubemx540_test\Obj\GUI_App.o
#        F:\none\Study\Electron\Embedded-System-Design\cubemx540_test\EWARM\cubemx540_test\Obj\GUI_X.o
#        F:\none\Study\Electron\Embedded-System-Design\cubemx540_test\EWARM\cubemx540_test\Obj\GUIConf.o
#        F:\none\Study\Electron\Embedded-System-Design\cubemx540_test\EWARM\cubemx540_test\Obj\HW_Init.o
#        F:\none\Study\Electron\Embedded-System-Design\cubemx540_test\EWARM\cubemx540_test\Obj\i2c.o
#        F:\none\Study\Electron\Embedded-System-Design\cubemx540_test\EWARM\cubemx540_test\Obj\main.o
#        F:\none\Study\Electron\Embedded-System-Design\cubemx540_test\EWARM\cubemx540_test\Obj\rtc.o
#        F:\none\Study\Electron\Embedded-System-Design\cubemx540_test\EWARM\cubemx540_test\Obj\sd_diskio.o
#        F:\none\Study\Electron\Embedded-System-Design\cubemx540_test\EWARM\cubemx540_test\Obj\sdmmc.o
#        F:\none\Study\Electron\Embedded-System-Design\cubemx540_test\EWARM\cubemx540_test\Obj\SetAlarmWindowDLG.o
#        F:\none\Study\Electron\Embedded-System-Design\cubemx540_test\EWARM\cubemx540_test\Obj\SetTimeWindowDLG.o
#        F:\none\Study\Electron\Embedded-System-Design\cubemx540_test\EWARM\cubemx540_test\Obj\SettingsWindowDLG.o
#        F:\none\Study\Electron\Embedded-System-Design\cubemx540_test\EWARM\cubemx540_test\Obj\ShowWaveSignalWindowDLG.o
#        F:\none\Study\Electron\Embedded-System-Design\cubemx540_test\EWARM\cubemx540_test\Obj\startup_stm32f746xx.o
#        F:\none\Study\Electron\Embedded-System-Design\cubemx540_test\Middlewares\ST\STemWin\Lib\STemWin_CM7_wc32_ot_ARGB.a
#        F:\none\Study\Electron\Embedded-System-Design\cubemx540_test\EWARM\cubemx540_test\Obj\STemwin_wrapper.o
#        F:\none\Study\Electron\Embedded-System-Design\cubemx540_test\EWARM\cubemx540_test\Obj\stm32f7xx_hal.o
#        F:\none\Study\Electron\Embedded-System-Design\cubemx540_test\EWARM\cubemx540_test\Obj\stm32f7xx_hal_adc.o
#        F:\none\Study\Electron\Embedded-System-Design\cubemx540_test\EWARM\cubemx540_test\Obj\stm32f7xx_hal_adc_ex.o
#        F:\none\Study\Electron\Embedded-System-Design\cubemx540_test\EWARM\cubemx540_test\Obj\stm32f7xx_hal_cortex.o
#        F:\none\Study\Electron\Embedded-System-Design\cubemx540_test\EWARM\cubemx540_test\Obj\stm32f7xx_hal_crc.o
#        F:\none\Study\Electron\Embedded-System-Design\cubemx540_test\EWARM\cubemx540_test\Obj\stm32f7xx_hal_crc_ex.o
#        F:\none\Study\Electron\Embedded-System-Design\cubemx540_test\EWARM\cubemx540_test\Obj\stm32f7xx_hal_dma.o
#        F:\none\Study\Electron\Embedded-System-Design\cubemx540_test\EWARM\cubemx540_test\Obj\stm32f7xx_hal_dma_ex.o
#        F:\none\Study\Electron\Embedded-System-Design\cubemx540_test\EWARM\cubemx540_test\Obj\stm32f7xx_hal_dsi.o
#        F:\none\Study\Electron\Embedded-System-Design\cubemx540_test\EWARM\cubemx540_test\Obj\stm32f7xx_hal_exti.o
#        F:\none\Study\Electron\Embedded-System-Design\cubemx540_test\EWARM\cubemx540_test\Obj\stm32f7xx_hal_flash.o
#        F:\none\Study\Electron\Embedded-System-Design\cubemx540_test\EWARM\cubemx540_test\Obj\stm32f7xx_hal_flash_ex.o
#        F:\none\Study\Electron\Embedded-System-Design\cubemx540_test\EWARM\cubemx540_test\Obj\stm32f7xx_hal_gpio.o
#        F:\none\Study\Electron\Embedded-System-Design\cubemx540_test\EWARM\cubemx540_test\Obj\stm32f7xx_hal_i2c.o
#        F:\none\Study\Electron\Embedded-System-Design\cubemx540_test\EWARM\cubemx540_test\Obj\stm32f7xx_hal_i2c_ex.o
#        F:\none\Study\Electron\Embedded-System-Design\cubemx540_test\EWARM\cubemx540_test\Obj\stm32f7xx_hal_ltdc.o
#        F:\none\Study\Electron\Embedded-System-Design\cubemx540_test\EWARM\cubemx540_test\Obj\stm32f7xx_hal_ltdc_ex.o
#        F:\none\Study\Electron\Embedded-System-Design\cubemx540_test\EWARM\cubemx540_test\Obj\stm32f7xx_hal_msp.o
#        F:\none\Study\Electron\Embedded-System-Design\cubemx540_test\EWARM\cubemx540_test\Obj\stm32f7xx_hal_pwr.o
#        F:\none\Study\Electron\Embedded-System-Design\cubemx540_test\EWARM\cubemx540_test\Obj\stm32f7xx_hal_pwr_ex.o
#        F:\none\Study\Electron\Embedded-System-Design\cubemx540_test\EWARM\cubemx540_test\Obj\stm32f7xx_hal_rcc.o
#        F:\none\Study\Electron\Embedded-System-Design\cubemx540_test\EWARM\cubemx540_test\Obj\stm32f7xx_hal_rcc_ex.o
#        F:\none\Study\Electron\Embedded-System-Design\cubemx540_test\EWARM\cubemx540_test\Obj\stm32f7xx_hal_rtc.o
#        F:\none\Study\Electron\Embedded-System-Design\cubemx540_test\EWARM\cubemx540_test\Obj\stm32f7xx_hal_rtc_ex.o
#        F:\none\Study\Electron\Embedded-System-Design\cubemx540_test\EWARM\cubemx540_test\Obj\stm32f7xx_hal_sd.o
#        F:\none\Study\Electron\Embedded-System-Design\cubemx540_test\EWARM\cubemx540_test\Obj\stm32f7xx_hal_sdram.o
#        F:\none\Study\Electron\Embedded-System-Design\cubemx540_test\EWARM\cubemx540_test\Obj\stm32f7xx_hal_tim.o
#        F:\none\Study\Electron\Embedded-System-Design\cubemx540_test\EWARM\cubemx540_test\Obj\stm32f7xx_hal_tim_ex.o
#        F:\none\Study\Electron\Embedded-System-Design\cubemx540_test\EWARM\cubemx540_test\Obj\stm32f7xx_it.o
#        F:\none\Study\Electron\Embedded-System-Design\cubemx540_test\EWARM\cubemx540_test\Obj\stm32f7xx_ll_fmc.o
#        F:\none\Study\Electron\Embedded-System-Design\cubemx540_test\EWARM\cubemx540_test\Obj\stm32f7xx_ll_sdmmc.o
#        F:\none\Study\Electron\Embedded-System-Design\cubemx540_test\EWARM\cubemx540_test\Obj\sys.o
#        F:\none\Study\Electron\Embedded-System-Design\cubemx540_test\EWARM\cubemx540_test\Obj\syscall.o
#        F:\none\Study\Electron\Embedded-System-Design\cubemx540_test\EWARM\cubemx540_test\Obj\system_stm32f7xx.o
#        F:\none\Study\Electron\Embedded-System-Design\cubemx540_test\EWARM\cubemx540_test\Obj\WaveSignalWindowDLG.o
#        F:\none\Study\Electron\Embedded-System-Design\cubemx540_test\EWARM\cubemx540_test\Obj\WindowDLG.o
#        --redirect _Printf=_PrintfFull --redirect _Scanf=_ScanfFull
#        --no_out_extension -o
#        F:\none\Study\Electron\Embedded-System-Design\cubemx540_test\EWARM\cubemx540_test\Exe\cubemx540_test.out
#        --map
#        F:\none\Study\Electron\Embedded-System-Design\cubemx540_test\EWARM\cubemx540_test\List\cubemx540_test.map
#        --config
#        F:\none\Study\Electron\Embedded-System-Design\cubemx540_test\EWARM/stm32f746xx_flash.icf
#        --semihosting --entry __iar_program_start --vfe --text_out locale)
#
###############################################################################

*******************************************************************************
*** RUNTIME MODEL ATTRIBUTES
***

CppFlavor       = *
__SystemLibrary = DLib
__dlib_version  = 6


*******************************************************************************
*** HEAP SELECTION
***

The basic heap was selected because no calls to memory allocation
functions were found in the application outside of system library
functions, and there are calls to deallocation functions in the
application.


*******************************************************************************
*** PLACEMENT SUMMARY
***

"A0":  place at 0x800'0000 { ro section .intvec };
"P1":  place in [from 0x800'0000 to 0x80f'ffff] { ro };
define block CSTACK with size = 16K, alignment = 8 { };
define block HEAP with size = 32K, alignment = 8 { };
"P2":  place in [from 0x2000'0000 to 0x2004'ffff] {
          rw, block CSTACK, block HEAP };
initialize by copy { rw };

  Section                 Kind         Address     Size  Object
  -------                 ----         -------     ----  ------
"A0":                                             0x1c8
  .intvec                 ro code   0x800'0000    0x1c8  startup_stm32f746xx.o [1]
                                  - 0x800'01c8    0x1c8

"P1":                                           0x55bf6
  .rodata                 const     0x800'01c8  0x15484  cc936.o [1]
  .rodata                 const     0x801'564c  0x15484  cc936.o [1]
  .text                   ro code   0x802'aad0   0x1fe6  ff.o [1]
  .text                   ro code   0x802'cab6     0x7a  lz77_init_single.o [5]
  .text                   ro code   0x802'cb30     0xf0  diskio.o [1]
  .text                   ro code   0x802'cc20    0x154  cc936.o [1]
  .text                   ro code   0x802'cd74     0x20  fatfs.o [1]
  .text                   ro code   0x802'cd94     0x60  ff_gen_drv.o [1]
  .rodata                 const     0x802'cdf4   0x1e30  F32_1.o [2]
  .rodata                 const     0x802'ec24   0x1c48  F32_ASCII.o [2]
  .rodata                 const     0x803'086c   0x108c  F20_1.o [2]
  .rodata                 const     0x803'18f8    0xfd0  F20_ASCII.o [2]
  .text                   ro code   0x803'28c8    0xf8c  stm32f7xx_hal_sd.o [1]
  .text                   ro code   0x803'3854    0x1bc  sdmmc.o [1]
  .text                   ro code   0x803'3a10     0xa6  ABImemcpy.o [5]
  .text                   ro code   0x803'3ab6     0x3a  zero_init3.o [5]
  .text                   ro code   0x803'3af0    0x740  stm32f7xx_ll_sdmmc.o [1]
  .text                   ro code   0x803'4230     0x28  stm32f7xx_hal.o [1]
  .text                   ro code   0x803'4258      0xc  stm32f7xx_hal.o [1]
  .text                   ro code   0x803'4264      0x2  stm32f7xx_hal_sd.o [1]
  .text                   ro code   0x803'4266     0x1e  xencoding_8859_1.o [3]
  .text                   ro code   0x803'4284     0xf0  bsp_driver_sd.o [1]
  .text                   ro code   0x803'4374    0x550  stm32f7xx_hal_dma.o [1]
  .text                   ro code   0x803'48c4      0x6  ABImemclr4.o [5]
  .text                   ro code   0x803'48ca      0xa  xsprout.o [3]
  .text                   ro code   0x803'48d4    0x43c  stm32f7xx_hal_gpio.o [1]
  .text                   ro code   0x803'4d10    0x1c6  main.o [1]
  .rodata                 const     0x803'4ed6      0x1  WindowDLG.o [1]
  .text                   ro code   0x803'4ed8    0x158  stm32f7xx_hal_cortex.o [1]
  .text                   ro code   0x803'5030      0x2  bsp_driver_sd.o [1]
  .text                   ro code   0x803'5032      0x2  bsp_driver_sd.o [1]
  .text                   ro code   0x803'5034     0x32  ABImemset48.o [5]
  .text                   ro code   0x803'5068    0x558  stm32f7xx_hal_i2c.o [1]
  .text.GUI_TOUCH_StoreState
                          ro code   0x803'55c0     0x28  GUI_TOUCH_StoreState.o [2]
  .text                   ro code   0x803'55e8     0x16  stm32f7xx_hal.o [1]
  .text                   ro code   0x803'5600    0x130  gpio.o [1]
  .text                   ro code   0x803'5730     0x58  crc.o [1]
  .text                   ro code   0x803'5788     0xb4  rtc.o [1]
  .text                   ro code   0x803'583c     0xd0  i2c.o [1]
  .text                   ro code   0x803'590c     0x4c  dma.o [1]
  .text                   ro code   0x803'5958    0x13c  adc.o [1]
  .text                   ro code   0x803'5a94    0x298  STemwin_wrapper.o [1]
  .text                   ro code   0x803'5d2c     0x1a  GUI_App.o [1]
  .text                   ro code   0x803'5d48     0x10  stm32f7xx_hal_pwr.o [1]
  .text                   ro code   0x803'5d58    0x5d8  stm32f7xx_hal_rcc.o [1]
  .text                   ro code   0x803'6330     0x78  stm32f7xx_hal_pwr_ex.o [1]
  .text                   ro code   0x803'63a8    0x5b8  stm32f7xx_hal_rcc_ex.o [1]
  .text.GUI_TOUCH_StoreStateEx
                          ro code   0x803'6960     0x54  GUI_TOUCH.o [2]
  .text                   ro code   0x803'69b4     0x4c  stm32f7xx_hal.o [1]
  .text                   ro code   0x803'6a00     0x38  stm32f7xx_hal_msp.o [1]
  .text                   ro code   0x803'6a38     0x90  stm32f7xx_hal_crc.o [1]
  .text                   ro code   0x803'6ac8    0x422  stm32f7xx_hal_rtc.o [1]
  .text                   ro code   0x803'6eea     0xc6  stm32f7xx_hal_i2c_ex.o [1]
  .text                   ro code   0x803'6fb0    0x7b6  stm32f7xx_hal_adc.o [1]
  .text.GUI_DEVICE_CreateAndLink
                          ro code   0x803'7768    0x130  GUI_Device.o [2]
  .text.LCD_GetSwapXYEx   ro code   0x803'7898     0x20  LCD_GetEx.o [2]
  .text.LCD_SetSizeEx     ro code   0x803'78b8     0x34  LCD_Set.o [2]
  .text.LCD_SetVSizeEx    ro code   0x803'78ec     0x34  LCD_Set.o [2]
  .text.LCD_GetBitsPerPixelEx
                          ro code   0x803'7920     0x20  LCD_GetEx.o [2]
  .text.LCD_SetVRAMAddrEx
                          ro code   0x803'7940     0x30  LCD_Set.o [2]
  .text                   ro code   0x803'7970    0x6e4  stm32f7xx_hal_ltdc.o [1]
  .text.GUI_GetLayerPosEx
                          ro code   0x803'8054     0x14  GUI_SelectLayer.o [2]
  .text                   ro code   0x803'8068    0x378  HW_Init.o [1]
  .text.GUI_Init          ro code   0x803'83e0    0x188  GUI_Core.o [2]
  .text                   ro code   0x803'8568    0x2ec  WindowDLG.o [1]
  .text.GUI_UC_SetEncodeUTF8
                          ro code   0x803'8854     0x10  GUI_UC_EncodeUTF8.o [2]
  .text.GUI_Delay         ro code   0x803'8864     0x30  GUI_Time.o [2]
  .text                   ro code   0x803'8894    0x230  I64DivMod.o [5]
  .text                   ro code   0x803'8ac4     0x68  memcmp.o [5]
  .text.GUI_PID_StoreState
                          ro code   0x803'8b2c    0x10c  GUI_PID.o [2]
  .text                   ro code   0x803'8c38     0x74  stm32f7xx_hal_crc_ex.o [1]
  .text                   ro code   0x803'8cac     0xe0  ShowWaveSignalWindowDLG.o [1]
  .text                   ro code   0x803'8d8c      0x2  stm32f7xx_hal_adc_ex.o [1]
  .text                   ro code   0x803'8d8e      0x2  stm32f7xx_hal_adc.o [1]
  .text                   ro code   0x803'8d90      0x2  stm32f7xx_hal_adc.o [1]
  .text                   ro code   0x803'8d92      0x2  stm32f7xx_hal_adc.o [1]
  .text.GUI_ALLOC_GetFixedBlock
                          ro code   0x803'8d94    0x238  GUI_Alloc.o [2]
  .text.GUI_DEVICE__GetpDriver
                          ro code   0x803'8fcc     0x2c  GUI_Device.o [2]
  .text.LCD_GetPosEx      ro code   0x803'8ff8     0x34  LCD_Set.o [2]
  .text                   ro code   0x803'902c     0xaa  stm32f7xx_hal_sdram.o [1]
  .text.GUI__Config       ro code   0x803'90d8     0x80  GUI_Core.o [2]
  .text                   ro code   0x803'9158     0x1e  GUI_X.o [1]
  .text._InitContext      ro code   0x803'9178     0x80  GUI_Core.o [2]
  .text.emWin_LCD_Init    ro code   0x803'91f8    0x110  LCD.o [2]
  .text.LCD_GetXSizeDisplay
                          ro code   0x803'9308      0xc  LCD_GetEx.o [2]
  .text.LCD_GetYSizeDisplay
                          ro code   0x803'9314      0xc  LCD_GetEx.o [2]
  .text.LCD_GetXSizeMax   ro code   0x803'9320     0x34  LCD_GetEx.o [2]
  .text.LCD_GetYSizeMax   ro code   0x803'9354     0x34  LCD_GetEx.o [2]
  .text.LCD_SetDisplaySize
                          ro code   0x803'9388      0xc  LCD_GetEx.o [2]
  .text.GUI_SetOrg        ro code   0x803'9394     0x34  GUI_Common.o [2]
  .text.WM_Init           ro code   0x803'93c8    0x150  WM.o [2]
  .text.WM_GetDialogItem  ro code   0x803'9518      0x8  WM_Lib.o [2]
  .text                   ro code   0x803'9520     0x40  sprintf.o [3]
  .text.TEXT_SetText      ro code   0x803'9560     0x5c  TEXT.o [2]
  .text.GUI_XBF_CreateFont
                          ro code   0x803'95bc     0xb0  GUI_XBF.o [2]
  .text.TEXT_SetFont      ro code   0x803'966c     0x2c  TEXT.o [2]
  .text.TEXT_SetTextAlign
                          ro code   0x803'9698     0x2c  TEXT.o [2]
  .text.BUTTON_SetFont    ro code   0x803'96c4     0x28  BUTTON.o [2]
  .text.WM_CreateTimer    ro code   0x803'96ec     0x70  WM_Timer.o [2]
  .text.WM_GetId          ro code   0x803'975c     0x20  WM_Lib.o [2]
  .text.WM_DeleteWindow   ro code   0x803'977c      0x8  WM.o [2]
  .text                   ro code   0x803'9784    0x134  SettingsWindowDLG.o [1]
  .text.WM_RestartTimer   ro code   0x803'98b8     0x30  WM_Timer.o [2]
  .text                   ro code   0x803'98e8    0x37c  SetAlarmWindowDLG.o [1]
  .text                   ro code   0x803'9c64     0xa8  AlarmWindowDLG.o [1]
  .text.WM_DefaultProc    ro code   0x803'9d0c     0x60  WM.o [2]
  .text.WM_GetDesktopWindow
                          ro code   0x803'9d6c     0x18  WM_Lib.o [2]
  .text.GUI_CreateDialogBox
                          ro code   0x803'9d84     0xc0  DIALOG.o [2]
  .text.GUI_Exec          ro code   0x803'9e44     0x5c  GUI_Common.o [2]
  .text                   ro code   0x803'9ea0      0x2  I64DivZer.o [5]
  .text.GUI_SignalEvent   ro code   0x803'9ea4     0x10  GUI_WaitEvent.o [2]
  .text.GUI__RegisterExit
                          ro code   0x803'9eb4     0x28  GUI_Core.o [2]
  .text.GRAPH_SetGridVis  ro code   0x803'9edc     0x38  GRAPH.o [2]
  .text                   ro code   0x803'9f14    0x104  WaveSignalWindowDLG.o [1]
  .text._AddFreeMemory    ro code   0x803'a018    0x35c  GUI_Alloc.o [2]
  .text._EnlargeBlocks    ro code   0x803'a374     0xd8  GUI_Alloc.o [2]
  .text._RemoveHoles      ro code   0x803'a44c    0x1b0  GUI_Alloc.o [2]
  .text                   ro code   0x803'a5fc    0x15e  stm32f7xx_ll_fmc.o [1]
  .text.GUI_GetVersionString
                          ro code   0x803'a75c     0x18  GUI_Common.o [2]
  .text                   ro code   0x803'a774     0x14  GUIConf.o [1]
  .text.LCD_SetBkColor    ro code   0x803'a788      0xc  LCD.o [2]
  .text.LCD_SetColor      ro code   0x803'a794      0xc  LCD.o [2]
  .text.LCD_InitColors    ro code   0x803'a7a0     0x40  LCD_Color.o [2]
  .text.LCD_InitLUT       ro code   0x803'a7e0     0x80  LCD_Color.o [2]
  .text.GUI_SelectLayer   ro code   0x803'a860     0x34  GUI_SelectLayer.o [2]
  .text.WM_CreateWindowAsChild
                          ro code   0x803'a894    0x1c4  WM.o [2]
  .text.WM__AddCriticalHandle
                          ro code   0x803'aa58     0x10  WM__Private.o [2]
  .text.GUI_ALLOC_h2p     ro code   0x803'aa68     0x14  GUI_Alloc.o [2]
  .text.LCD_SetClipRectMax
                          ro code   0x803'aa7c     0x1c  LCD.o [2]
  .text.WM_InvalidateRect.part.2
                          ro code   0x803'aa98     0xd4  WM.o [2]
  .text.__GetDialogItem   ro code   0x803'ab6c     0xb0  WM_Lib.o [2]
  .text                   ro code   0x803'ac1c    0xf46  xprintffull.o [3]
  .text.GUI_ALLOC_LockH   ro code   0x803'bb64     0x28  GUI_Alloc.o [2]
  .text.GUI_ALLOC_UnlockH
                          ro code   0x803'bb8c     0x34  GUI_Alloc.o [2]
  .text.GUI__SetText      ro code   0x803'bbc0     0xd8  GUI__Private.o [2]
  .text.WM_InvalidateWindow
                          ro code   0x803'bc98     0xac  WM.o [2]
  .text.GUI__Read32       ro code   0x803'bd44      0xc  GUI__Private.o [2]
  .text.GUI__Read16       ro code   0x803'bd50      0xc  GUI__Private.o [2]
  .text.GUI_SetFont       ro code   0x803'bd5c     0x14  GUI_Common.o [2]
  .text.GUI_ALLOC_AllocZero
                          ro code   0x803'bd70     0x70  GUI_Alloc.o [2]
  .text.GUI_GetTime       ro code   0x803'bde0      0x4  GUI_Time.o [2]
  .text.GUI_TIMER_Create  ro code   0x803'bde4     0x98  GUI_Timer.o [2]
  .text.GUI_ALLOC_Free    ro code   0x803'be7c     0x34  GUI_Alloc.o [2]
  .text.GUI_TIMER_SetPeriod
                          ro code   0x803'beb0     0x20  GUI_Timer.o [2]
  .text.WM_SendMessage    ro code   0x803'bed0      0x8  WM.o [2]
  .text.WM_DeleteWindow.part.3
                          ro code   0x803'bed8    0x230  WM.o [2]
  .text                   ro code   0x803'c108    0x63c  SetTimeWindowDLG.o [1]
  .text.GUI_TIMER_Restart
                          ro code   0x803'c744     0x7c  GUI_Timer.o [2]
  .text.DROPDOWN_SetSel   ro code   0x803'c7c0     0x54  DROPDOWN.o [2]
  .text.CHECKBOX_SetText  ro code   0x803'c814     0x50  CHECKBOX.o [2]
  .text.CHECKBOX_SetFont  ro code   0x803'c864     0x2c  CHECKBOX.o [2]
  .text.DROPDOWN_SetAutoScroll
                          ro code   0x803'c890     0x54  DROPDOWN.o [2]
  .text.DROPDOWN_SetListHeight
                          ro code   0x803'c8e4     0x44  DROPDOWN.o [2]
  .text.DROPDOWN_AddString
                          ro code   0x803'c928     0x3c  DROPDOWN.o [2]
  .text.DROPDOWN_GetSel   ro code   0x803'c964     0x28  DROPDOWN.o [2]
  .text.CHECKBOX_GetState
                          ro code   0x803'c98c     0x28  CHECKBOX.o [2]
  .text.WM__GetClientRectEx
                          ro code   0x803'c9b4     0x28  WM__Private.o [2]
  .text.WM_SendToParent   ro code   0x803'c9dc     0x24  WM_Lib.o [2]
  .text.WM_GetClientWindow
                          ro code   0x803'ca00     0x1c  WM_Lib.o [2]
  .text.WIDGET_OrState    ro code   0x803'ca1c     0x30  WIDGET.o [2]
  .text.WM_ShowWindow     ro code   0x803'ca4c     0x30  WM_Lib.o [2]
  .text.WM_SendMessageNoPara
                          ro code   0x803'ca7c      0x4  WM_Lib.o [2]
  .text.WM_GetFocusedWindow
                          ro code   0x803'ca80     0x14  WM_Lib.o [2]
  .text.WM_SetFocusOnNextChild
                          ro code   0x803'ca94     0x88  WM_SetFocusOnNextChild.o [2]
  .text.WM_Exec           ro code   0x803'cb1c    0x284  WM.o [2]
  .text._Alloc            ro code   0x803'cda0    0x374  GUI_Alloc.o [2]
  .text                   ro code   0x803'd114      0xc  memmove.o [5]
  .text.GUI_ALLOC_AssignMemory
                          ro code   0x803'd120     0x10  GUI_Alloc.o [2]
  .text.LCD_GetNumLayers  ro code   0x803'd130     0x20  LCD_GetNumDisplays.o [2]
  .text.LCD_GetNumColorsEx
                          ro code   0x803'd150     0x20  LCD_GetEx.o [2]
  .text.LCD_Index2Color   ro code   0x803'd170     0x1c  LCD.o [2]
  .text.LCD_SetLUTEntryEx
                          ro code   0x803'd18c     0x34  LCD_Set.o [2]
  .text.GUI_SelectLCD     ro code   0x803'd1c0     0x14  GUI_Common.o [2]
  .text.WM__InsertWindowIntoList
                          ro code   0x803'd1d4     0xd4  WM.o [2]
  .text.WM__SendMessage   ro code   0x803'd2a8     0x3c  WM__Private.o [2]
  .text.WM_BringToBottom  ro code   0x803'd2e4     0x8c  WM_Lib.o [2]
  .text.GUI_MoveRect      ro code   0x803'd370     0x24  GUI_Common.o [2]
  .text.GUI__IntersectRect
                          ro code   0x803'd394     0x3c  GUI__Private.o [2]
  .text._Invalidate1Abs   ro code   0x803'd3d0     0xe4  WM.o [2]
  .text.WM__InvalidateDrawAndDescs
                          ro code   0x803'd4b4    0x2a4  WM.o [2]
  .text.WM__InvalidateRect
                          ro code   0x803'd758     0xd8  WM.o [2]
  .text._GetDialogItem    ro code   0x803'd830     0x50  WM_Lib.o [2]
  .text                   ro code   0x803'd880     0x78  xlocale_c.o [3]
  .text                   ro code   0x803'd8f8     0x16  strchr.o [5]
  .text                   ro code   0x803'd910     0x40  xfail_s.o [3]
  .text                   ro code   0x803'd950     0x36  strlen.o [5]
  .text                   ro code   0x803'd988     0x58  memchr.o [5]
  .text                   ro code   0x803'd9e0      0xa  xmbcurmax.o [3]
  .text                   ro code   0x803'd9ec    0x1a2  DblMul.o [4]
  .text                   ro code   0x803'db90     0x70  frexp.o [4]
  .text                   ro code   0x803'dc00     0x2e  DblCmpLe.o [4]
  .text                   ro code   0x803'dc30     0x2e  DblCmpGe.o [4]
  .text                   ro code   0x803'dc60    0x13a  ldexp.o [4]
  .text                   ro code   0x803'dd9c     0x3a  DblToS32.o [4]
  .text                   ro code   0x803'ddd8     0x22  S32ToDbl.o [4]
  .text                   ro code   0x803'ddfc     0xe2  DblSub.o [4]
  .text                   ro code   0x803'dee0    0x246  DblDiv.o [4]
  .text                   ro code   0x803'e128     0x28  DblToU32.o [4]
  .text                   ro code   0x803'e150     0x1a  U32ToDbl.o [4]
  .text.GUI_ALLOC_GetSize
                          ro code   0x803'e16c     0x18  GUI_Alloc.o [2]
  .text.GUI_ALLOC_AllocNoInit
                          ro code   0x803'e184      0x8  GUI_Alloc.o [2]
  .text                   ro code   0x803'e18c     0x8c  strcpy_fast.o [5]
  .text.GUI_ALLOC_FreePtr
                          ro code   0x803'e218     0x38  GUI_Alloc.o [2]
  .text._Link             ro code   0x803'e250     0x9c  GUI_Timer.o [2]
  .text.WM__DeleteAssocTimer
                          ro code   0x803'e2ec     0x70  WM_Timer.o [2]
  .text.WM_NotifyParent   ro code   0x803'e35c     0x28  WM_Lib.o [2]
  .text.GUI_MEMDEV_Delete
                          ro code   0x803'e384     0x4c  GUIDEV.o [2]
  .text.GUI_ARRAY_GetNumItems
                          ro code   0x803'e3d0     0x28  GUI_ARRAY.o [2]
  .text.LISTBOX_SetAutoScrollV
                          ro code   0x803'e3f8     0x60  LISTBOX.o [2]
  .text.WM_GetWindowSizeX
                          ro code   0x803'e458     0x2c  WM_GetWindowSize.o [2]
  .text.WM_SetSize        ro code   0x803'e484     0x58  WM_Lib.o [2]
  .text.GUI_ARRAY_AddItem
                          ro code   0x803'e4dc     0x9c  GUI_ARRAY.o [2]
  .text.WM__GetClientRectWin
                          ro code   0x803'e578     0x1c  WM.o [2]
  .text.WM_InvalidateWindowAndDescs.part.14
                          ro code   0x803'e594     0xac  WM_Lib.o [2]
  .text.WM__SendMessageNoPara
                          ro code   0x803'e640     0x28  WM__Private.o [2]
  .text.WM__GetFocusedChild
                          ro code   0x803'e668     0x4c  WM__Private.o [2]
  .text.WM_IsFocusable    ro code   0x803'e6b4     0x38  WM_Lib.o [2]
  .text.WM__GetTopLevelLayer
                          ro code   0x803'e6ec     0x34  WM.o [2]
  .text.WM_SetFocus       ro code   0x803'e720     0xa4  WM_Lib.o [2]
  .text._Exec1Input       ro code   0x803'e7c4     0x8c  WM.o [2]
  .text.GUI_SaveContext_W
                          ro code   0x803'e850     0x14  GUI_Common.o [2]
  .text.GUI_SetColor      ro code   0x803'e864      0x4  GUI_Common.o [2]
  .text.GUI_SetBkColor    ro code   0x803'e868      0x4  GUI_Common.o [2]
  .text.GUI_RestoreContext
                          ro code   0x803'e86c     0x14  GUI_Common.o [2]
  .text.GUI_MEMDEV_Draw   ro code   0x803'e880    0x170  GUIDEV_Banding.o [2]
  .text.WM__PaintWinAndOverlays
                          ro code   0x803'e9f0     0xa0  WM.o [2]
  .text.GUI__ManageCache  ro code   0x803'ea90     0xf4  GUI__ManageCache.o [2]
  .text                   ro code   0x803'eb84     0x96  ABImemmove.o [5]
  .text.LCD_SelectLCD     ro code   0x803'ec1c     0x44  LCD_SelectLCD.o [2]
  .text.LCD_UpdateColorIndices
                          ro code   0x803'ec60     0x24  LCD_UpdateColorIndices.o [2]
  .text.WM_Activate       ro code   0x803'ec84     0x10  WM.o [2]
  .text.WM__GetPrevSibling
                          ro code   0x803'ec94     0x34  WM__Private.o [2]
  .text.WM__InvalidateRectEx
                          ro code   0x803'ecc8     0xc4  WM.o [2]
  .text.GUI__IntersectRects
                          ro code   0x803'ed8c     0x58  GUI__Private.o [2]
  .text.GUI_MergeRect     ro code   0x803'ede4     0x5c  GUI_Common.o [2]
  .text.WM_GetFirstChild  ro code   0x803'ee40     0x14  WM_Lib.o [2]
  .text.WM_InvalidateWindowAndDescsEx
                          ro code   0x803'ee54    0x364  WM.o [2]
  .text._GetDialogItem.part.5
                          ro code   0x803'f1b8    0x1f8  WM_Lib.o [2]
  .text                   ro code   0x803'f3b0      0x6  abort.o [3]
  .text                   ro code   0x803'f3b8    0x16a  DblAdd.o [4]
  .text.GUI_TIMER__GetFirstTimer
                          ro code   0x803'f524     0x30  GUI_Timer.o [2]
  .text.GUI_TIMER_GetFlag
                          ro code   0x803'f554     0x30  GUI_Timer.o [2]
  .text.GUI_TIMER__GetNextTimerLin
                          ro code   0x803'f584     0x40  GUI_Timer.o [2]
  .text.GUI_TIMER_Delete  ro code   0x803'f5c4     0xc8  GUI_Timer.o [2]
  .text.GUI_DEVICE_Delete
                          ro code   0x803'f68c      0x4  GUI_Device.o [2]
  .text.GUI_USAGE_DecUseCnt
                          ro code   0x803'f690     0x2c  GUIDEV_Usage.o [2]
  .text._ManageAutoScroll
                          ro code   0x803'f6bc    0x170  LISTBOX.o [2]
  .text._CalcScrollParas  ro code   0x803'f82c    0x154  LISTBOX.o [2]
  .text.WM_SetScrollbarV  ro code   0x803'f980     0x54  WM_SetScrollbar.o [2]
  .text.WM_GetActiveWindow
                          ro code   0x803'f9d4      0xc  WM.o [2]
  .text.WM_ResizeWindow.part.11
                          ro code   0x803'f9e0     0xf8  WM_Lib.o [2]
  .text.GUI_ALLOC_Realloc
                          ro code   0x803'fad8     0xe0  GUI_Alloc.o [2]
  .text.GUI_ALLOC_AllocInit
                          ro code   0x803'fbb8     0x94  GUI_Alloc.o [2]
  .text.WM__IsWindow      ro code   0x803'fc4c     0x2c  WM.o [2]
  .text.GUI_PollKeyMsg    ro code   0x803'fc78     0x30  GUI_OnKey.o [2]
  .text                   ro code   0x803'fca8      0xc  memcpy.o [5]
  .text.LCD_GetXSizeEx    ro code   0x803'fcb4     0x20  LCD_GetEx.o [2]
  .text.LCD_GetYSizeEx    ro code   0x803'fcd4     0x20  LCD_GetEx.o [2]
  .text.GUI_GetOrg        ro code   0x803'fcf4     0x1c  GUI_Common.o [2]
  .text.GUI_MEMDEV_CreateEx
                          ro code   0x803'fd10     0x84  GUIDEV.o [2]
  .text.GUI_MEMDEV_GetYSize
                          ro code   0x803'fd94     0x38  GUIDEV_GetYSize.o [2]
  .text.GUI_MEMDEV_Select
                          ro code   0x803'fdcc     0x54  GUIDEV.o [2]
  .text.GUI_MEMDEV_CopyToLCD
                          ro code   0x803'fe20     0x10  GUIDEV.o [2]
  .text.GUI_MEMDEV_ReduceYSize
                          ro code   0x803'fe30     0x34  GUIDEV_ReduceYSize.o [2]
  .text.GUI_MEMDEV_SetOrg
                          ro code   0x803'fe64     0x64  GUIDEV_SetOrg.o [2]
  .text.GUI_MEMDEV_Clear  ro code   0x803'fec8     0x48  GUIDEV_Clear.o [2]
  .text.LCD_GetVXSizeEx   ro code   0x803'ff10     0x20  LCD_GetEx.o [2]
  .text.LCD_GetVYSizeEx   ro code   0x803'ff30     0x20  LCD_GetEx.o [2]
  .text._PaintTransChildren
                          ro code   0x803'ff50     0xd8  WM.o [2]
  .text._Paint1Trans      ro code   0x804'0028     0xc0  WM.o [2]
  .text.GUI_DEVICE_Unlink
                          ro code   0x804'00e8     0x44  GUI_Device.o [2]
  .text.LCD_Color2Index   ro code   0x804'012c     0x1c  LCD.o [2]
  .text.LCD_SetColorIndex
                          ro code   0x804'0148     0x18  LCD.o [2]
  .text.LCD_SetBkColorIndex
                          ro code   0x804'0160     0x18  LCD.o [2]
  .text.WM_GetParent      ro code   0x804'0178     0x14  WM_Lib.o [2]
  .text                   ro code   0x804'018c     0x14  exit.o [6]
  .text.GUI_ALLOC_FreeFixedBlock
                          ro code   0x804'01a0     0x14  GUI_Alloc.o [2]
  .text.SCROLLBAR_SetWidth
                          ro code   0x804'01b4     0x28  SCROLLBAR.o [2]
  .text.SCROLLBAR_SetColor
                          ro code   0x804'01dc     0x40  SCROLLBAR.o [2]
  .text._GetContentsSizeX
                          ro code   0x804'021c     0xd0  LISTBOX.o [2]
  .text.WM_GetInsideRectExScrollbar
                          ro code   0x804'02ec     0xd8  WM_Lib.o [2]
  .text.WM_SetScrollbarH  ro code   0x804'03c4     0x54  WM_SetScrollbar.o [2]
  .text._GetItemSizeY     ro code   0x804'0418     0xa8  LISTBOX.o [2]
  .text.GUI_ARRAY_GetpItemLocked
                          ro code   0x804'04c0     0x54  GUI_ARRAY.o [2]
  .text._UpdateScrollPos  ro code   0x804'0514    0x10c  LISTBOX.o [2]
  .text.SCROLLBAR_CreateAttached
                          ro code   0x804'0620    0x11c  SCROLLBAR.o [2]
  .text.WM_HideWindow     ro code   0x804'073c     0x38  WM_Hide.o [2]
  .text.WM__DeleteSecure  ro code   0x804'0774     0x1c  WM.o [2]
  .text.WM__UpdateChildPositions
                          ro code   0x804'0790    0x124  WM__Private.o [2]
  .text.WM__SendMsgNoData
                          ro code   0x804'08b4     0x18  WM.o [2]
  .text.WM_OnKey          ro code   0x804'08cc     0x3c  WM_Lib.o [2]
  .text.GUI_MEMDEV__CreateFixed
                          ro code   0x804'0908    0x138  GUIDEV.o [2]
  .text.WM_Deactivate     ro code   0x804'0a40     0x14  WM.o [2]
  .text.GUI_DEVICE_Link   ro code   0x804'0a54     0x9c  GUI_Device.o [2]
  .text.GUI_MEMDEV_CopyToLCDAt.part.0
                          ro code   0x804'0af0     0xfc  GUIDEV.o [2]
  .text.GUI_RectsIntersect
                          ro code   0x804'0bec     0x3c  GUI_Common.o [2]
  .text.WIDGET_SetWidth   ro code   0x804'0c28     0x38  WIDGET.o [2]
  .text.WM_GetScrollPartner
                          ro code   0x804'0c60     0x48  WM_Lib.o [2]
  .text._GetItemPosY      ro code   0x804'0ca8     0xe8  LISTBOX.o [2]
  .text.WM_CheckScrollBounds
                          ro code   0x804'0d90     0x20  WM_Lib.o [2]
  .text.WIDGET__SetScrollState
                          ro code   0x804'0db0     0x28  WIDGET.o [2]
  .text.WM_GetInsideRectEx
                          ro code   0x804'0dd8     0x1c  WM_Lib.o [2]
  .text.WIDGET__Init      ro code   0x804'0df4     0x10  WIDGET.o [2]
  .text.WM_MoveWindow     ro code   0x804'0e04     0xac  WM_Move.o [2]
  .text.WM_ResizeWindow   ro code   0x804'0eb0     0x18  WM_Lib.o [2]
  .text.GUI_DEVICE_Create
                          ro code   0x804'0ec8     0x5c  GUI_Device.o [2]
  .text.LCD__GetBPPDevice
                          ro code   0x804'0f24     0x68  LCD_GetEx.o [2]
  .text.GUI_ALLOC_RequestSize
                          ro code   0x804'0f8c    0x160  GUI_Alloc.o [2]
  .text.GUI_USAGE_BM_Create
                          ro code   0x804'10ec     0x54  GUIDEV_UsageBM.o [2]
  .text.GUI_SetDrawMode   ro code   0x804'1140      0x4  GUI_Common.o [2]
  .text.WM__InitIVRSearch
                          ro code   0x804'1144    0x198  WM.o [2]
  .text.GUI_MEMDEV__WriteToActiveOpaque
                          ro code   0x804'12dc    0x9c0  GUIDEV_WriteToActiveOpaque.o [2]
  .text.WM__GetNextIVR    ro code   0x804'1c9c    0x254  WM.o [2]
  .text.WM_SetYSize       ro code   0x804'1ef0     0x50  WM_Lib.o [2]
  .text.WM_SetXSize       ro code   0x804'1f40     0x50  WM_Lib.o [2]
  .text.WM_SetScrollState
                          ro code   0x804'1f90     0x20  WM_Lib.o [2]
  .text._MoveDescendents  ro code   0x804'1fb0    0x258  WM_Move.o [2]
  .text.WM__InvalidateParent
                          ro code   0x804'2208     0xe8  WM.o [2]
  .text.LCD_SetDrawMode   ro code   0x804'22f0      0xc  LCD.o [2]
  .text.WM__ActivateClipRect
                          ro code   0x804'22fc    0x128  WM.o [2]
  .text.GUI_MEMDEV_GetBitsPerPixel
                          ro code   0x804'2424     0x34  GUIDEV.o [2]
  .text.GUI_GetBitsPerPixelEx
                          ro code   0x804'2458     0x14  LCD_GetEx.o [2]
  .text.GUI_GetpfIndex2ColorEx
                          ro code   0x804'246c     0x10  LCD_GetEx.o [2]
  .text.GUI_GetpfColor2IndexEx
                          ro code   0x804'247c     0x10  LCD_GetEx.o [2]
  .text.GUI_MEMDEV_GetDataPtr
                          ro code   0x804'248c     0x24  GUIDEV_GetDataPtr.o [2]
  .text.GUI__CompactPixelIndices
                          ro code   0x804'24b0    0x1a8  GUI__CompactPixelIndices.o [2]
  .text.LCD_DrawBitmap    ro code   0x804'2658    0x30c  LCD.o [2]
  .text.LCD__DrawBitmap_1bpp
                          ro code   0x804'2964    0x21c  LCD.o [2]
  .text._Findx0.constprop.10
                          ro code   0x804'2b80     0x8c  WM.o [2]
  .text._Findx1           ro code   0x804'2c0c     0x90  WM.o [2]
  .text._Findy1.constprop.11
                          ro code   0x804'2c9c     0xa8  WM.o [2]
  .text.LCD_SetClipRectEx
                          ro code   0x804'2d44     0x34  LCD_SetClipRectEx.o [2]
  .text._Findx0           ro code   0x804'2d78     0xa4  WM.o [2]
  .text._Findy1           ro code   0x804'2e1c     0xd0  WM.o [2]
  .rodata                 const     0x804'2eec    0xb40  F16_1.o [2]
  .rodata                 const     0x804'3a2c    0xaa0  F16_ASCII.o [2]
  .text._DrawBitmap       ro code   0x804'44cc    0xa38  GUIDEV_16.o [2]
  .text.GUI_USAGE_AddRect
                          ro code   0x804'4f04     0x24  GUIDEV_Usage.o [2]
  .text._DrawBitmap       ro code   0x804'4f28    0x9c0  GUIDEV_32.o [2]
  .rodata                 const     0x804'58e8    0x981  F13_1.o [2]
  .rodata                 const     0x804'626c    0x939  F13_ASCII.o [2]
  .text.LISTBOX_Callback  ro code   0x804'6ba8    0x7fc  LISTBOX.o [2]
  .text.WIDGET_HandleActive
                          ro code   0x804'73a4    0x1c4  WIDGET.o [2]
  .text.WM_SetUserClipRect
                          ro code   0x804'7568     0x18  WM_Lib.o [2]
  .text.WM_IsWindow       ro code   0x804'7580      0x4  WM_Lib.o [2]
  .text.GUI_ARRAY_Delete  ro code   0x804'7584     0x60  GUI_ARRAY.o [2]
  .text.WM_GetHasTrans    ro code   0x804'75e4     0x14  WM_SetTrans.o [2]
  .text.WIDGET__EFFECT_DrawDown
                          ro code   0x804'75f8     0xa0  WIDGET.o [2]
  .text._GetItemFromPos   ro code   0x804'7698    0x11c  LISTBOX.o [2]
  .text.GUI_ClearRectEx   ro code   0x804'77b4     0x6c  GUI_Core.o [2]
  .text.WM_GetScrollbarV  ro code   0x804'7820     0x50  WM_Lib.o [2]
  .text.WM_GetScrollbarH  ro code   0x804'7870     0x50  WM_Lib.o [2]
  .text.WM_GetScrollState
                          ro code   0x804'78c0     0x18  WM_Lib.o [2]
  .text.WM_InvalidateRect
                          ro code   0x804'78d8      0x8  WM.o [2]
  .text.GUI_ARRAY_GethItem
                          ro code   0x804'78e0     0x48  GUI_ARRAY.o [2]
  .text.LISTBOX__InvalidateItem.part.2
                          ro code   0x804'7928     0x60  LISTBOX.o [2]
  .text.WM_SetScrollValue
                          ro code   0x804'7988     0x40  WM_Lib.o [2]
  .text._MoveSel          ro code   0x804'79c8    0x13c  LISTBOX.o [2]
  .text.LISTBOX_SetSel.part.6
                          ro code   0x804'7b04    0x1b8  LISTBOX.o [2]
  .text.GUI__ReduceRect   ro code   0x804'7cbc     0x20  GUI__Private.o [2]
  .text.WM_BringToTop     ro code   0x804'7cdc     0x7c  WM_BringToTop.o [2]
  .text.WM_GetClientRect  ro code   0x804'7d58     0x1c  WM_Lib.o [2]
  .text.WM__Screen2Client
                          ro code   0x804'7d74     0x14  WM__Private.o [2]
  .text.LCD_FillRect      ro code   0x804'7d88     0x60  LCD.o [2]
  .text.WM__RemoveWindowFromList
                          ro code   0x804'7de8     0x44  WM.o [2]
  .text.WM_ForEachDesc    ro code   0x804'7e2c      0x4  WM_Lib.o [2]
  .text.WM__ForEachDesc   ro code   0x804'7e30    0x15c  WM__Private.o [2]
  .rodata                 const     0x804'7f8c    0x73c  F6x8.o [2]
  .text._DrawBitmap       ro code   0x804'86c8    0x724  GUIDRV_Lin_16.o [2]
  .text.SCROLLBAR_Callback
                          ro code   0x804'8dec    0x660  SCROLLBAR.o [2]
  .text.WM_SetCapture     ro code   0x804'944c     0x44  WM_SetCapture.o [2]
  .text.WIDGET_AndState   ro code   0x804'9490     0x30  WIDGET.o [2]
  .text.WM_DeleteTimer    ro code   0x804'94c0     0x2c  WM_Timer.o [2]
  .text.GUI__DivideRound32
                          ro code   0x804'94ec     0x18  GUI__Private.o [2]
  .text.GUI_SPRITE_SetPosition
                          ro code   0x804'9504    0x630  GUI_SPRITE.o [2]
  .text._CreateBuffer.isra.4
                          ro code   0x804'9b34     0xb4  GUI_SPRITE.o [2]
  .text.GUI_GetBitmapPixelIndex
                          ro code   0x804'9be8     0xa8  GUI_Common.o [2]
  .text._SetBkIndexBuffered
                          ro code   0x804'9c90     0xd0  GUI_SPRITE.o [2]
  .text._ReleaseBuffer.isra.7
                          ro code   0x804'9d60     0x8c  GUI_SPRITE.o [2]
  .text.GUI_ALLOC_GetMaxSize
                          ro code   0x804'9dec    0x134  GUI_Alloc.o [2]
  .text.GL_FillPolygon    ro code   0x804'9f20    0x5ec  GUI_FillPolygon.o [2]
  .text.GRAPH_Callback    ro code   0x804'a50c    0x5d8  GRAPH.o [2]
  .text.WIDGET__EFFECT_DrawDownRect
                          ro code   0x804'aae4     0xa8  WIDGET.o [2]
  .text.GUI_Clear         ro code   0x804'ab8c     0x70  GUI_Core.o [2]
  .text.SCROLLBAR_GetValue
                          ro code   0x804'abfc     0x28  SCROLLBAR.o [2]
  .text._ManageScrollbars
                          ro code   0x804'ac24     0xc8  GRAPH.o [2]
  .text.WM_GetOrgX        ro code   0x804'acec     0x18  WM_Lib.o [2]
  .text.WM_GetOrgY        ro code   0x804'ad04     0x18  WM_Lib.o [2]
  .text.GUI_ClearRect     ro code   0x804'ad1c     0x64  GUI_Core.o [2]
  .text.GUI_DrawHLine     ro code   0x804'ad80     0x4c  GUI_DrawLib.o [2]
  .text.GUI_GetLineStyle  ro code   0x804'adcc      0xc  GUI_Common.o [2]
  .text.GUI_SetLineStyle  ro code   0x804'add8     0x10  GUI_Common.o [2]
  .text.GUI_DrawLine      ro code   0x804'ade8    0x2dc  GUI_DrawLine.o [2]
  .text.GUI_DrawVLine     ro code   0x804'b0c4     0x48  GUI_DrawLib.o [2]
  .text.GUI_GotoXY        ro code   0x804'b10c     0x10  GUI_Common.o [2]
  .text.GL_DrawPoint      ro code   0x804'b11c     0x20  GUI_DrawLib.o [2]
  .text.GL_DrawLine1Ex    ro code   0x804'b13c    0x408  GUI_DrawLine.o [2]
  .text.LCD_DrawVLine     ro code   0x804'b544     0x50  LCD.o [2]
  .text.GL_FillCircle     ro code   0x804'b594     0xe4  GUI_Circ.o [2]
  .text.CHECKBOX_DrawSkinFlex
                          ro code   0x804'b678    0x57c  CHECKBOX_SkinFlex.o [2]
  .text.WM__IsEnabled     ro code   0x804'bbf4     0x14  WM__Private.o [2]
  .text.WM_SetHasTrans    ro code   0x804'bc08     0x4c  WM_SetTrans.o [2]
  .text.GUI_DrawBitmap    ro code   0x804'bc54    0x100  GUI_DrawBitmap.o [2]
  .text.GUI_DrawRect      ro code   0x804'bd54     0x84  GUI_2DLib.o [2]
  .text.GUI_DrawGradientV
                          ro code   0x804'bdd8    0x1a0  GUI_DrawGradient.o [2]
  .text.GUI_GetStringDistX
                          ro code   0x804'bf78     0x14  GUI_DispString.o [2]
  .text.GUI_GetYSizeOfFont
                          ro code   0x804'bf8c      0xc  GUI_Common.o [2]
  .text.GUI_DrawFocusRect
                          ro code   0x804'bf98     0xb0  GUI_DrawLib.o [2]
  .text.GUI_SetTextMode   ro code   0x804'c048     0x14  GUI_Common.o [2]
  .text.GUI_DispStringInRect
                          ro code   0x804'c05c     0x48  GUI_DispString.o [2]
  .text.CHECKBOX_GetBkColor
                          ro code   0x804'c0a4     0x30  CHECKBOX.o [2]
  .text.WM_ValidateWindow
                          ro code   0x804'c0d4     0x34  WM_Lib.o [2]
  .text.LCD_DrawHLine     ro code   0x804'c108     0x50  LCD.o [2]
  .text.GUI_GetColor      ro code   0x804'c158     0x10  GUI_Common.o [2]
  .text.GUI__GetNumChars  ro code   0x804'c168     0x34  GUI_UC.o [2]
  .text.GUI__GetLineDistX
                          ro code   0x804'c19c     0x80  GUI_CharLine.o [2]
  .text.LCD_DrawPixel     ro code   0x804'c21c     0x64  LCD.o [2]
  .text.GUI__DispStringInRect
                          ro code   0x804'c280    0x18c  GUI_DispString.o [2]
  .text.LCD_GetColorIndex
                          ro code   0x804'c40c     0x10  LCD_GetColorIndex.o [2]
  .text.GUI_UC__GetCharCodeInc
                          ro code   0x804'c41c     0x28  GUI_UC.o [2]
  .text.GUI_GetCharDistX  ro code   0x804'c444     0x10  GUI_Char.o [2]
  .text.GUI_GetCharDistXEx
                          ro code   0x804'c454     0x10  GUI_Char.o [2]
  .text.GUI_GetFontDistY  ro code   0x804'c464     0x10  GUI_Char.o [2]
  .text.GUI__DispLine     ro code   0x804'c474     0xc4  GUI_CharLine.o [2]
  .text.GUI_UC__NumChars2NumBytes
                          ro code   0x804'c538     0x28  GUI_UC.o [2]
  .text.GUI__HandleEOLine
                          ro code   0x804'c560     0x30  GUI__Private.o [2]
  .text.GUI__GetLineNumChars
                          ro code   0x804'c590     0x50  GUI_CharLine.o [2]
  .text.GUI_GetClientRect
                          ro code   0x804'c5e0      0x8  GUI_Common.o [2]
  .text._DispLine         ro code   0x804'c5e8     0x9c  GUI_CharLine.o [2]
  .text.WM_HandlePID      ro code   0x804'c684    0x4ec  WM_Touch.o [2]
  .text.GUI_PID_IsEmpty   ro code   0x804'cb70     0x14  GUI_PID.o [2]
  .text.GUI_PID_GetState  ro code   0x804'cb84     0x58  GUI_PID.o [2]
  .text.GUI_CURSOR_SetPositionEx
                          ro code   0x804'cbdc     0x7c  GUI_Cursor.o [2]
  .text.WM__IsAncestor    ro code   0x804'cc58     0x24  WM__Private.o [2]
  .text.WM__SendTouchMessage
                          ro code   0x804'cc7c     0x78  WM_Touch.o [2]
  .text.WM_PID__SetPrevState
                          ro code   0x804'ccf4     0x1c  WM_PID__GetPrevState.o [2]
  .text.WM__RemoveCriticalHandle
                          ro code   0x804'cd10     0x3c  WM__Private.o [2]
  .text.WM_Screen2hWin    ro code   0x804'cd4c     0x84  WM_Screen2Win.o [2]
  .text.WM__SendMessageIfEnabled
                          ro code   0x804'cdd0     0x48  WM__Private.o [2]
  .text.WM_ReleaseCapture
                          ro code   0x804'ce18     0x30  WM_SetCapture.o [2]
  .text.GUI_GetCursorLayer
                          ro code   0x804'ce48     0x14  GUI_SelectLayer.o [2]
  .text.GUI_SetLayerPosEx
                          ro code   0x804'ce5c      0x4  GUI_SelectLayer.o [2]
  .text.WM_GetDesktopWindowEx
                          ro code   0x804'ce60     0x14  WM_Lib.o [2]
  .text._Screen2hWin      ro code   0x804'ce74    0x3a4  WM_Screen2Win.o [2]
  .text.LCD_SetPosEx      ro code   0x804'd218     0x34  LCD_Set.o [2]
  .rodata                 const     0x804'd24c    0x370  GUI__DivTbl.o [2]
  .text.LISTBOX_OwnerDraw
                          ro code   0x804'd5bc    0x2ac  LISTBOX.o [2]
  .text.WM_GetInsideRect  ro code   0x804'd868     0x24  WM_Lib.o [2]
  .text.GUI_GetYDistOfFont
                          ro code   0x804'd88c      0x4  GUI_Common.o [2]
  .text.DROPDOWN_Callback
                          ro code   0x804'd890    0x284  DROPDOWN.o [2]
  .text.LISTBOX_GetSel    ro code   0x804'db14     0x28  LISTBOX.o [2]
  .text.DROPDOWN_Expand.part.2
                          ro code   0x804'db3c    0x1f8  DROPDOWN.o [2]
  .text.DROPDOWN_AddKey.part.5
                          ro code   0x804'dd34    0x170  DROPDOWN.o [2]
  .text.LISTBOX_CreateAsChild
                          ro code   0x804'dea4    0x204  LISTBOX.o [2]
  .text.LISTBOX_AddStringH
                          ro code   0x804'e0a8    0x170  LISTBOX.o [2]
  .text.LISTBOX_SetBkColor
                          ro code   0x804'e218     0x3c  LISTBOX.o [2]
  .text.LISTBOX_SetTextColor
                          ro code   0x804'e254     0x4c  LISTBOX.o [2]
  .text.LISTBOX_SetScrollbarColor
                          ro code   0x804'e2a0     0x7c  LISTBOX.o [2]
  .text.LISTBOX_SetItemSpacing
                          ro code   0x804'e31c     0xbc  LISTBOX.o [2]
  .text.LISTBOX_SetFont   ro code   0x804'e3d8     0xb8  LISTBOX.o [2]
  .text.LISTBOX_SetTextAlign
                          ro code   0x804'e490     0x2c  LISTBOX.o [2]
  .text.LISTBOX_SetOwner  ro code   0x804'e4bc     0x34  LISTBOX.o [2]
  .text.LISTBOX_SetSel    ro code   0x804'e4f0      0x8  LISTBOX.o [2]
  .text.LISTBOX_SetScrollbarWidth
                          ro code   0x804'e4f8     0x60  LISTBOX.o [2]
  .text.LISTBOX_SetItemDisabled
                          ro code   0x804'e558     0xc0  LISTBOX.o [2]
  .text.GUI_ARRAY_Create  ro code   0x804'e618      0x8  GUI_ARRAY.o [2]
  .text.LISTBOX_InvalidateItem.part.4
                          ro code   0x804'e620    0x120  LISTBOX.o [2]
  .text.SCROLLBAR_GetDefaultWidth
                          ro code   0x804'e740      0xc  SCROLLBAR_Defaults.o [2]
  .text.GUI__DrawTwinArc4
                          ro code   0x804'e74c    0x284  GUI__DrawTwinArc.o [2]
  .text.GUI__sqrt32       ro code   0x804'e9d0    0x13c  GUI__Private.o [2]
  .text.GUI__DoAlphaBlending
                          ro code   0x804'eb0c    0x27c  GUI__Alpha.o [2]
  .text.GUI_ReadRectEx    ro code   0x804'ed88     0x60  LCD_ReadRect.o [2]
  .text.GUI__ExpandPixelIndicesEx
                          ro code   0x804'ede8    0x188  GUI__ExpandPixelIndices.o [2]
  .text.LCD_GetVXSizeMax  ro code   0x804'ef70     0x34  LCD_GetEx.o [2]
  .text.LCD_ReadRectEx    ro code   0x804'efa4    0x220  LCD_ReadRect.o [2]
  .text._FillRect         ro code   0x804'f1c4    0x27c  GUIDRV_Lin_16.o [2]
  .text.DROPDOWN_DrawSkinFlex
                          ro code   0x804'f440    0x26c  DROPDOWN_SkinFlex.o [2]
  .text.GUI_FillRect      ro code   0x804'f6ac     0x48  GUI_DrawLib.o [2]
  .text.BUTTON_DrawSkinFlex
                          ro code   0x804'f6f4    0x264  BUTTON_SkinFlex.o [2]
  .text.GUI_DRAW__Draw    ro code   0x804'f958     0x38  GUI_DRAW.o [2]
  .text.SCROLLBAR_DrawSkinFlex
                          ro code   0x804'f990    0x20c  SCROLLBAR_SkinFlex.o [2]
  .text.WIDGET__RotateRect90
                          ro code   0x804'fb9c     0x2c  WIDGET.o [2]
  .text.WIDGET__DrawTriangle
                          ro code   0x804'fbc8     0x5c  WIDGET.o [2]
  .rodata                 const     0x804'fc24    0x1f4  cc936.o [1]
  .text._DispChar         ro code   0x804'fe18    0x1d8  GUIAA_Char2Ext_XBF.o [2]
  .text.GUI_XBF__GetOffAndSize
                          ro code   0x804'fff0     0x44  GUI_XBF.o [2]
  .text.GUI_AA__DrawCharAA2
                          ro code   0x805'0034    0x1b8  GUIAA_Char2.o [2]
  .text.LCD_SetPixelAA4_Trans
                          ro code   0x805'01ec     0x98  LCD_AA.o [2]
  .text.LCD_AA_MixColors16
                          ro code   0x805'0284     0x48  LCD_AA.o [2]
  .text.LCD_GetpPalConvTableUncached
                          ro code   0x805'02cc     0x74  LCD_Color.o [2]
  .text.GL_DrawBitmap     ro code   0x805'0340     0xbc  GUI_DrawBitmap.o [2]
  .text.LCD_GetPixelColor
                          ro code   0x805'03fc     0x10  LCD_GetPixelColor.o [2]
  .text.LCD_GetPixelIndex
                          ro code   0x805'040c     0x60  LCD_GetP.o [2]
  .rodata                 const     0x805'046c    0x1a4  SetTimeWindowDLG.o [1]
  .text.GUI_DrawGradientH
                          ro code   0x805'0610    0x1a0  GUI_DrawGradient.o [2]
  .text._WriteToActiveAlpha
                          ro code   0x805'07b0    0x198  GUIDEV_WriteToActiveAlpha.o [2]
  .text.GUI__AllocAlphaBuffer
                          ro code   0x805'0948     0x9c  GUI__Alpha.o [2]
  .text.GUI__CompactPixelIndicesEx
                          ro code   0x805'09e4    0x18c  GUI__CompactPixelIndices.o [2]
  .text.GUI_MEMDEV_Paint1Static
                          ro code   0x805'0b70    0x194  GUIDEV_StaticDevices.o [2]
  .text.GUI__AlphaPreserveTrans
                          ro code   0x805'0d04     0x2c  GUI_SetAlpha.o [2]
  .text.WM_GetWindowOrgX  ro code   0x805'0d30     0x10  WM_Lib.o [2]
  .text.WM__Paint1        ro code   0x805'0d40     0xb8  WM.o [2]
  .text.GUI_MEMDEV_Write  ro code   0x805'0df8     0x5c  GUIDEV_Write.o [2]
  .text.LCD_GetXSize      ro code   0x805'0e54     0x2c  LCD_GetEx.o [2]
  .text.LCD_GetYSize      ro code   0x805'0e80     0x2c  LCD_GetEx.o [2]
  .text.LCD_AA_SetOrMask  ro code   0x805'0eac     0x10  LCD_AA.o [2]
  .text.GL_SetDefault     ro code   0x805'0ebc     0x48  GUI_Common.o [2]
  .text.GUI_MEMDEV__WriteToActiveAt
                          ro code   0x805'0f04     0x3c  GUIDEV.o [2]
  .text.GUI_MEMDEV__WriteToActiveAlpha
                          ro code   0x805'0f40    0x194  GUIDEV_WriteToActiveAlpha.o [2]
  .text.GUI_DispStringInRectWrap.part.1
                          ro code   0x805'10d4    0x190  GUI_DispString.o [2]
  .text.GUI__WrapGetNumBytesToNextLine
                          ro code   0x805'1264     0xc4  GUI__Wrap.o [2]
  .text.GUI__WrapGetNumCharsDisp
                          ro code   0x805'1328     0x24  GUI__Wrap.o [2]
  .text.CHECKBOX_Callback
                          ro code   0x805'134c    0x188  CHECKBOX.o [2]
  .text.WM_HasCaptured    ro code   0x805'14d4     0x1c  WM_Lib.o [2]
  .text.GUI_StoreKey      ro code   0x805'14f0     0x10  GUI_OnKey.o [2]
  .text.GUIMONO_DispChar  ro code   0x805'1500    0x17c  GUI_CharM.o [2]
  .text._CalcPositions    ro code   0x805'167c    0x17c  SCROLLBAR_Skin.o [2]
  .text.SCROLLBAR__Rect2VRect
                          ro code   0x805'17f8     0x38  SCROLLBAR.o [2]
  .text.WM_GetWindowRectEx
                          ro code   0x805'1830     0x18  WM_Lib.o [2]
  .text._SetPos           ro code   0x805'1848    0x178  GUIDRV_Lin_16.o [2]
  .text.GUI__memset       ro code   0x805'19c0     0x80  GUI__Private.o [2]
  .text                   ro code   0x805'1a40     0x14  memset.o [5]
  .text                   ro code   0x805'1a54     0x66  ABImemset.o [5]
  .text._FillRect         ro code   0x805'1abc    0x174  GUIDEV_16.o [2]
  .text.GUI__memset16     ro code   0x805'1c30     0x68  GUI__Private.o [2]
  .text.BUTTON_Callback   ro code   0x805'1c98    0x170  BUTTON.o [2]
  .text.GUI_ALLOC_FreePtrArray
                          ro code   0x805'1e08     0x60  GUI_Alloc.o [2]
  .text.WINDOW_Callback   ro code   0x805'1e68    0x144  WINDOW.o [2]
  .text.WM_SetFocusOnPrevChild
                          ro code   0x805'1fac     0x64  WM_SetFocusOnPrevChild.o [2]
  .text.WM_HasFocus       ro code   0x805'2010     0x1c  WM_Lib.o [2]
  .text.WM__IsAncestorOrSelf
                          ro code   0x805'202c     0x34  WM__Private.o [2]
  .text.WM__GetLastSibling
                          ro code   0x805'2060     0x1c  WM__Private.o [2]
  .text                   ro code   0x805'207c    0x120  sd_diskio.o [1]
  .rodata                 const     0x805'219c    0x118  SetAlarmWindowDLG.o [1]
  .text.GUI_XBF__ClearLine
                          ro code   0x805'22b4    0x10c  GUI_XBF.o [2]
  .text.GUI__GetOverlap   ro code   0x805'23c0     0x20  GUI_CharLine.o [2]
  .text.GUI_GetBkColor    ro code   0x805'23e0     0x10  GUI_Common.o [2]
  .text.LCD_GetBkColorIndex
                          ro code   0x805'23f0     0x10  LCD_GetColorIndex.o [2]
  .rodata                 const     0x805'2400    0x100  LCD_Mirror.o [2]
  .text.DROPDOWN_CreateIndirect
                          ro code   0x805'2500    0x100  DROPDOWN.o [2]
  .text.WM__GetWindowSizeX
                          ro code   0x805'2600     0x10  WM_GetWindowSize.o [2]
  .text.GUIPROP_EXT__ClearLine
                          ro code   0x805'2610     0xfc  GUI_EncExt.o [2]
  .text.GUIPROP_EXT__FindChar
                          ro code   0x805'270c     0x18  GUI_CharPExt.o [2]
  .text.CHECKBOX_CreateIndirect
                          ro code   0x805'2724     0xf8  CHECKBOX.o [2]
  .text.GUIPROP_DispChar  ro code   0x805'281c     0xf4  GUI_CharP.o [2]
  .text._DrawFrame        ro code   0x805'2910     0xf4  SCROLLBAR_SkinFlex.o [2]
  .text.GUI_DrawPixel     ro code   0x805'2a04     0x48  GUI_DrawLib.o [2]
  .text._GetWordWrap      ro code   0x805'2a4c     0xf0  GUI__Wrap.o [2]
  .text._FillRect         ro code   0x805'2b3c     0xec  GUIDEV_32.o [2]
  .text._DrawVLine        ro code   0x805'2c28     0xe8  GUIDEV_16.o [2]
  .text._GetDevFunc       ro code   0x805'2d10     0xe8  GUIDRV_Lin_16.o [2]
  .text._DrawVLine        ro code   0x805'2df8     0xe4  GUIDEV_32.o [2]
  .text.BUTTON_CreateIndirect
                          ro code   0x805'2edc     0xd4  BUTTON.o [2]
  .text._SetOrg           ro code   0x805'2fb0     0xd0  GUIDRV_Lin_16.o [2]
  .text.LCD_GetMirrorXEx  ro code   0x805'3080     0x20  LCD_GetEx.o [2]
  .text.LCD_GetMirrorYEx  ro code   0x805'30a0     0x20  LCD_GetEx.o [2]
  .text.TEXT_Callback     ro code   0x805'30c0     0xcc  TEXT.o [2]
  .text.GUI_DispStringInRectWrap
                          ro code   0x805'318c      0x8  GUI_DispString.o [2]
  .text._ReadRect         ro code   0x805'3194     0xc8  GUIDRV_Lin_16.o [2]
  .text.GUI_USAGE_BM_GetNextDirty
                          ro code   0x805'325c     0xc0  GUIDEV_UsageBM.o [2]
  .rodata                 const     0x805'331c     0xbc  cc936.o [1]
  .text._OnTouchDefault   ro code   0x805'33d8     0xbc  BUTTON.o [2]
  .text._Paint            ro code   0x805'3494     0xb8  SCROLLBAR_Skin.o [2]
  .text.WIDGET__GetClientRect
                          ro code   0x805'354c     0x38  WIDGET.o [2]
  .text._cbBackWin        ro code   0x805'3584     0xb0  WM.o [2]
  .text.TEXT_CreateIndirect
                          ro code   0x805'3634     0xa8  TEXT.o [2]
  .text._Paint            ro code   0x805'36dc     0xa4  CHECKBOX_Skin.o [2]
  .text.WM_GetWindowSizeY
                          ro code   0x805'3780     0x2c  WM_GetWindowSize.o [2]
  .text._OnExit           ro code   0x805'37ac     0xa0  WM.o [2]
  .text.GRAPH_CreateIndirect
                          ro code   0x805'384c     0x94  GRAPH.o [2]
  .text.GUI__MixColorsBulk
                          ro code   0x805'38e0     0x94  GUI__Alpha.o [2]
  .rodata                 const     0x805'3974     0x8c  SettingsWindowDLG.o [1]
  .rodata                 const     0x805'3a00     0x8c  WindowDLG.o [1]
  .text.GUI_XBF__GetCharDistX
                          ro code   0x805'3a8c     0x8c  GUI_XBF.o [2]
  .text._Paint            ro code   0x805'3b18     0x88  BUTTON_Skin.o [2]
  .text._CopyBuffer       ro code   0x805'3ba0     0x84  GUIDRV_Lin_16.o [2]
  .text._XorPixel         ro code   0x805'3c24     0x84  GUIDEV_16.o [2]
  .text._XorPixel         ro code   0x805'3ca8     0x84  GUIDEV_32.o [2]
  .text.GUI_TIMER_Exec    ro code   0x805'3d2c     0x78  GUI_Timer.o [2]
  .text._SetPixelIndex    ro code   0x805'3da4     0x78  GUIDEV_16.o [2]
  .text._SetPixelIndex    ro code   0x805'3e1c     0x78  GUIDEV_32.o [2]
  .rodata                 const     0x805'3e94     0x74  GUIDEV_16.o [2]
  .rodata                 const     0x805'3f08     0x74  GUIDEV_32.o [2]
  .text.GUI_USAGE_BM_AddHLine
                          ro code   0x805'3f7c     0x74  GUIDEV_UsageBM.o [2]
  .text.GUI_XBF__GetCharInfo
                          ro code   0x805'3ff0     0x74  GUI_XBF.o [2]
  .text.LCD_GetpPalConvTableBM
                          ro code   0x805'4064     0x74  LCD_Color.o [2]
  .rodata                 const     0x805'40d8     0x70  WaveSignalWindowDLG.o [1]
  .text._Index2ColorBulk  ro code   0x805'4148     0x70  GUICC_M565.o [2]
  .text._Paint            ro code   0x805'41b8     0x70  DROPDOWN_Skin.o [2]
  .text.WM_GetClientRectEx
                          ro code   0x805'4228      0x4  WM_Lib.o [2]
  .text.DROPDOWN__GetpItemLocked
                          ro code   0x805'422c     0x2c  DROPDOWN.o [2]
  .text._SetDevFunc       ro code   0x805'4258     0x70  GUIDRV_Lin_16.o [2]
  .text._cbPaintMemDev    ro code   0x805'42c8     0x70  WM.o [2]
  .text.WINDOW_CreateIndirect
                          ro code   0x805'4338     0x6c  WINDOW.o [2]
  .rodata                 const     0x805'43a4     0x68  CHECKBOX_Image.o [2]
  .text                   ro code   0x805'440c     0x64  stm32f7xx_it.o [1]
  .text                   ro code   0x805'4470     0x18  stm32f7xx_hal.o [1]
  .text                   ro code   0x805'4488     0x60  system_stm32f7xx.o [1]
  .text._DrawBackgroundH  ro code   0x805'44e8     0x60  SCROLLBAR_SkinFlex.o [2]
  .text._DrawBackgroundV  ro code   0x805'4548     0x60  SCROLLBAR_SkinFlex.o [2]
  .text._DrawGraspH       ro code   0x805'45a8     0x60  SCROLLBAR_SkinFlex.o [2]
  .text._DrawGraspV       ro code   0x805'4608     0x60  SCROLLBAR_SkinFlex.o [2]
  .text._Color2IndexBulk  ro code   0x805'4668     0x5c  GUICC_M565.o [2]
  .text._SetSize          ro code   0x805'46c4     0x5c  GUIDRV_Lin_16.o [2]
  .text.GUI__MixColors    ro code   0x805'4720     0x58  GUI__Alpha.o [2]
  .rodata                 const     0x805'4778     0x54  AlarmWindowDLG.o [1]
  .rodata                 const     0x805'47cc     0x54  ShowWaveSignalWindowDLG.o [1]
  .text.GUI_CalcColorDist
                          ro code   0x805'4820     0x54  GUI_Common.o [2]
  .text._Color2Index_0    ro code   0x805'4874     0x54  GUICC_0.o [2]
  .text.LCD_GetNumColors  ro code   0x805'48c8     0x2c  LCD_GetEx.o [2]
  .text.LCD_GetPalette    ro code   0x805'48f4     0x20  LCD_GetEx.o [2]
  .text.GUIPROP_EXT__DispLine
                          ro code   0x805'4914     0x50  GUI_EncExt.o [2]
  .text._Encode           ro code   0x805'4964     0x50  GUI_UC_EncodeUTF8.o [2]
  .text.GUIPROP_GetCharDistX
                          ro code   0x805'49b4     0x4c  GUI_CharP.o [2]
  .text._GetIndexMask_0   ro code   0x805'4a00     0x4c  GUICC_0.o [2]
  .text._GetCharCode      ro code   0x805'4a4c     0x48  GUI_UC_EncodeUTF8.o [2]
  .rodata                 const     0x805'4a94     0x46  GUI_DrawLine.o [2]
  .text.GUI_XBF__IsInFont
                          ro code   0x805'4adc     0x44  GUI_XBF.o [2]
  .text._OnExit           ro code   0x805'4b20     0x44  GUI_Core.o [2]
  .text._GetPixelIndex    ro code   0x805'4b64     0x40  GUIDEV_16.o [2]
  .text._GetPixelIndex    ro code   0x805'4ba4     0x40  GUIDEV_32.o [2]
  .text._SetAlpha         ro code   0x805'4be4     0x40  GUIDRV_Lin_16.o [2]
  .text._SetVRAMAddr      ro code   0x805'4c24     0x40  GUIDRV_Lin_16.o [2]
  .text._SetVis           ro code   0x805'4c64     0x40  GUIDRV_Lin_16.o [2]
  .text._DrawDown         ro code   0x805'4ca4     0x3c  WIDGET_Effect_Simple.o [2]
  .text._DrawUp           ro code   0x805'4ce0     0x3c  WIDGET_Effect_Simple.o [2]
  .text._GetCharWrap      ro code   0x805'4d1c     0x3c  GUI__Wrap.o [2]
  .text._GetDevProp       ro code   0x805'4d58     0x3c  GUIDRV_Lin_16.o [2]
  .text._ShowBuffer       ro code   0x805'4d94     0x3c  GUIDRV_Lin_16.o [2]
  .text.GUIMONO_IsInFont  ro code   0x805'4dd0     0x38  GUI_CharM.o [2]
  .text._Create           ro code   0x805'4e08     0x38  BUTTON_Skin.o [2]
  .text._Create           ro code   0x805'4e40     0x38  SCROLLBAR_Skin.o [2]
  .text._DrawDownRect     ro code   0x805'4e78     0x38  WIDGET_Effect_Simple.o [2]
  .text._DrawUpRect       ro code   0x805'4eb0     0x38  WIDGET_Effect_Simple.o [2]
  .text._GetRect          ro code   0x805'4ee8     0x38  GUIDEV_16.o [2]
  .text._GetRect          ro code   0x805'4f20     0x38  GUIDEV_32.o [2]
  .text._SetBkColor       ro code   0x805'4f58     0x38  LCD.o [2]
  .text._SetColor         ro code   0x805'4f90     0x38  LCD.o [2]
  .text._SetVSize         ro code   0x805'4fc8     0x38  GUIDRV_Lin_16.o [2]
  .rodata                 const     0x805'5000     0x34  GUIDRV_Lin_16.o [2]
  .text.LCD_Index2Color_M565
                          ro code   0x805'5034     0x34  GUICC_M565.o [2]
  .text._Create           ro code   0x805'5068     0x30  DROPDOWN_Skin.o [2]
  .text._GetPos           ro code   0x805'5098     0x30  GUIDRV_Lin_16.o [2]
  .text._Init             ro code   0x805'50c8     0x30  GUIDRV_Lin_16.o [2]
  .text._SetDrawMode      ro code   0x805'50f8     0x30  LCD.o [2]
  .text._XorPixel         ro code   0x805'5128     0x30  GUIDRV_Lin_16.o [2]
  .text._cbTimer          ro code   0x805'5158     0x30  WM_Timer.o [2]
  .text.GUI_USAGE_BM_AddPixel
                          ro code   0x805'5188     0x2c  GUIDEV_UsageBM.o [2]
  .text._Color2Index_M565
                          ro code   0x805'51b4     0x2c  GUICC_M565.o [2]
  .text._Create           ro code   0x805'51e0     0x2c  CHECKBOX_Skin.o [2]
  .text._DispLine         ro code   0x805'520c     0x2c  GUIAA_Char2Ext_XBF.o [2]
  .text.GUIPROP_EXT__SetfpClearLine
                          ro code   0x805'5238      0xc  GUI_EncExt.o [2]
  .text._SetVRAM_BufferPTR
                          ro code   0x805'5244     0x2c  GUIDRV_Lin_16.o [2]
  .text.CHECKBOX__GetButtonSize
                          ro code   0x805'5270     0x28  CHECKBOX.o [2]
  .text._OnExit           ro code   0x805'5298     0x28  GUI__Alpha.o [2]
  .text                   ro code   0x805'52c0     0x28  data_init.o [5]
  .rodata                 const     0x805'52e8     0x24  GUIAA_Char2Ext_XBF.o [2]
  .text._GetCharSize      ro code   0x805'530c     0x24  GUI_UC_EncodeUTF8.o [2]
  .text                   ro code   0x805'5330     0x22  fpinit_M.o [4]
  .iar.init_table         const     0x805'5354     0x20  - Linker created -
  .text._Index2Color_0    ro code   0x805'5374     0x20  GUICC_0.o [2]
  .text                   ro code   0x805'5394     0x1e  cmain.o [5]
  .text                   ro code   0x805'53b2      0x4  low_level_init.o [3]
  .text                   ro code   0x805'53b6      0x4  exit.o [3]
  .text                   ro code   0x805'53bc      0xa  cexit.o [5]
  .rodata                 const     0x805'53c8     0x1c  WIDGET_Effect_Simple.o [2]
  .text.GUIPROP_IsInFont  ro code   0x805'53e4     0x1c  GUI_CharP.o [2]
  .text._OnExit           ro code   0x805'5400     0x1c  LCD_Color.o [2]
  .rodata                 const     0x805'541c     0x18  ShowWaveSignalWindowDLG.o [1]
  .rodata                 const     0x805'5434     0x18  WindowDLG.o [1]
  .rodata                 const     0x805'544c     0x18  GUICC_M565.o [2]
  .rodata                 const     0x805'5464     0x18  GUICC_M8888I.o [2]
  .rodata                 const     0x805'547c     0x18  GUIDEV_UsageBM.o [2]
  .rodata                 const     0x805'5494     0x18  GUICC_0.o [2]
  .text.GUIMONO_GetCharDistX
                          ro code   0x805'54ac     0x18  GUI_CharM.o [2]
  .text.GUI_XBF__GetFontInfo
                          ro code   0x805'54c4     0x18  GUI_XBF.o [2]
  .text._CalcSizeOfChar   ro code   0x805'54dc     0x18  GUI_UC_EncodeUTF8.o [2]
  .text._GetDevProp       ro code   0x805'54f4     0x18  GUIDEV_16.o [2]
  .text._GetRect          ro code   0x805'550c     0x18  GUIDRV_Lin_16.o [2]
  .text._OnExit           ro code   0x805'5524     0x18  GUI_PID.o [2]
  .text._SetAlphaMode     ro code   0x805'553c     0x18  GUIDRV_Lin_16.o [2]
  .text._SetChroma        ro code   0x805'5554     0x18  GUIDRV_Lin_16.o [2]
  .text._SetChromaMode    ro code   0x805'556c     0x18  GUIDRV_Lin_16.o [2]
  .text._SetPixelIndex    ro code   0x805'5584     0x18  GUIDRV_Lin_16.o [2]
  .rodata                 const     0x805'559c     0x17  GUI_Core.o [2]
  .rodata                 const     0x805'55b4     0x14  sd_diskio.o [1]
  .rodata                 const     0x805'55c8     0x14  WaveSignalWindowDLG.o [1]
  .rodata                 const     0x805'55dc     0x14  WaveSignalWindowDLG.o [1]
  .text.GUI_USAGE_BM_Clear
                          ro code   0x805'55f0     0x14  GUIDEV_UsageBM.o [2]
  .text._Color2IndexBulk_M8888I
                          ro code   0x805'5604     0x14  GUICC_M8888I.o [2]
  .text._DrawVLine        ro code   0x805'5618     0x14  GUIDRV_Lin_16.o [2]
  .text._Index2ColorBulk_M8888I
                          ro code   0x805'562c     0x14  GUICC_M8888I.o [2]
  .rodata                 const     0x805'5640     0x10  AlarmWindowDLG.o [1]
  .rodata                 const     0x805'5650     0x10  ff.o [1]
  .rodata                 const     0x805'5660     0x10  SetAlarmWindowDLG.o [1]
  .rodata                 const     0x805'5670     0x10  SetAlarmWindowDLG.o [1]
  .rodata                 const     0x805'5680     0x10  SetTimeWindowDLG.o [1]
  .rodata                 const     0x805'5690     0x10  SetTimeWindowDLG.o [1]
  .rodata                 const     0x805'56a0     0x10  SettingsWindowDLG.o [1]
  .rodata                 const     0x805'56b0     0x10  system_stm32f7xx.o [1]
  .rodata                 const     0x805'56c0     0x10  WindowDLG.o [1]
  .rodata                 const     0x805'56d0     0x10  WindowDLG.o [1]
  .rodata                 const     0x805'56e0     0x10  GUI_UC_EncodeUTF8.o [2]
  .rodata                 const     0x805'56f0     0x10  BUTTON_SkinFlex.o [2]
  .rodata                 const     0x805'5700     0x10  GUI_UC_EncodeNone.o [2]
  .text                   ro code   0x805'5710     0x10  startup_stm32f746xx.o [1]
  .text._DrawHLine        ro code   0x805'5720     0x10  GUIDRV_Lin_16.o [2]
  .text._DrawHLine        ro code   0x805'5730     0x10  GUIDEV_16.o [2]
  .text._DrawHLine        ro code   0x805'5740     0x10  GUIDEV_32.o [2]
  .text._GetDevData       ro code   0x805'5750     0x10  GUIDRV_Lin_16.o [2]
  .text._GetDevData       ro code   0x805'5760     0x10  GUIDEV_16.o [2]
  .text._GetDevData       ro code   0x805'5770     0x10  GUIDEV_32.o [2]
  .text._GetDevFunc       ro code   0x805'5780     0x10  GUIDEV_16.o [2]
  .text._GetDevFunc       ro code   0x805'5790     0x10  GUIDEV_32.o [2]
  .text._GetPixelIndex    ro code   0x805'57a0     0x10  GUIDRV_Lin_16.o [2]
  .text._OnExit           ro code   0x805'57b0     0x10  GUI_Timer.o [2]
  .rodata                 const     0x805'57c0      0xc  AlarmWindowDLG.o [1]
  .rodata                 const     0x805'57cc      0xc  ff.o [1]
  .rodata                 const     0x805'57d8      0xc  SetAlarmWindowDLG.o [1]
  .rodata                 const     0x805'57e4      0xc  SettingsWindowDLG.o [1]
  .rodata                 const     0x805'57f0      0xc  SettingsWindowDLG.o [1]
  .rodata                 const     0x805'57fc      0xc  SettingsWindowDLG.o [1]
  .rodata                 const     0x805'5808      0xc  WaveSignalWindowDLG.o [1]
  .rodata                 const     0x805'5814      0xc  WindowDLG.o [1]
  .rodata                 const     0x805'5820      0xc  WindowDLG.o [1]
  .rodata                 const     0x805'582c      0xc  WindowDLG.o [1]
  .rodata                 const     0x805'5838      0xc  WindowDLG.o [1]
  .rodata                 const     0x805'5844      0xc  WindowDLG.o [1]
  .rodata                 const     0x805'5850      0xc  WindowDLG.o [1]
  .rodata                 const     0x805'585c      0xc  LCD.o [2]
  .rodata                 const     0x805'5868      0xc  GUI_EncExt.o [2]
  .text                   ro code   0x805'5874      0xc  cstartup_M.o [5]
  .text._GetDevProp       ro code   0x805'5880      0xc  GUIDEV_32.o [2]
  .text._Off              ro code   0x805'588c      0xc  GUIDRV_Lin_16.o [2]
  .text._On               ro code   0x805'5898      0xc  GUIDRV_Lin_16.o [2]
  .text._SetOrg           ro code   0x805'58a4      0xc  GUIDEV_16.o [2]
  .rodata                 const     0x805'58b0      0x8  AlarmWindowDLG.o [1]
  .rodata                 const     0x805'58b8      0x8  ff.o [1]
  .rodata                 const     0x805'58c0      0x8  SetAlarmWindowDLG.o [1]
  .rodata                 const     0x805'58c8      0x8  SetAlarmWindowDLG.o [1]
  .rodata                 const     0x805'58d0      0x8  SetAlarmWindowDLG.o [1]
  .rodata                 const     0x805'58d8      0x8  SetAlarmWindowDLG.o [1]
  .rodata                 const     0x805'58e0      0x8  SetAlarmWindowDLG.o [1]
  .rodata                 const     0x805'58e8      0x8  SetTimeWindowDLG.o [1]
  .rodata                 const     0x805'58f0      0x8  SetTimeWindowDLG.o [1]
  .rodata                 const     0x805'58f8      0x8  SetTimeWindowDLG.o [1]
  .rodata                 const     0x805'5900      0x8  SetTimeWindowDLG.o [1]
  .rodata                 const     0x805'5908      0x8  SetTimeWindowDLG.o [1]
  .rodata                 const     0x805'5910      0x8  SetTimeWindowDLG.o [1]
  .rodata                 const     0x805'5918      0x8  SetTimeWindowDLG.o [1]
  .rodata                 const     0x805'5920      0x8  SettingsWindowDLG.o [1]
  .rodata                 const     0x805'5928      0x8  ShowWaveSignalWindowDLG.o [1]
  .rodata                 const     0x805'5930      0x8  ShowWaveSignalWindowDLG.o [1]
  .rodata                 const     0x805'5938      0x8  stm32f7xx_hal_dma.o [1]
  .rodata                 const     0x805'5940      0x8  WaveSignalWindowDLG.o [1]
  .rodata                 const     0x805'5948      0x8  WindowDLG.o [1]
  .rodata                 const     0x805'5950      0x8  WindowDLG.o [1]
  .rodata                 const     0x805'5958      0x8  WindowDLG.o [1]
  .rodata                 const     0x805'5960      0x8  WindowDLG.o [1]
  .rodata                 const     0x805'5968      0x8  WindowDLG.o [1]
  .rodata                 const     0x805'5970      0x8  WindowDLG.o [1]
  .rodata                 const     0x805'5978      0x8  CHECKBOX_SkinFlex.o [2]
  .text.GUIMONO_GetFontInfo
                          ro code   0x805'5980      0x8  GUI_CharM.o [2]
  .text.GUIPROP_GetFontInfo
                          ro code   0x805'5988      0x8  GUI_CharP.o [2]
  .text.LCD_Index2Color_M888
                          ro code   0x805'5990      0x8  GUICC_M888_Index2Color.o [2]
  .text._Encode           ro code   0x805'5998      0x8  GUI_UC_EncodeNone.o [2]
  .text._GetIndexMask_M565
                          ro code   0x805'59a0      0x8  GUICC_M565.o [2]
  .text._GetIndexMask_M8888I
                          ro code   0x805'59a8      0x8  GUICC_M8888I.o [2]
  .text._SetOrg           ro code   0x805'59b0      0x8  GUIDEV_32.o [2]
  .rodata                 const     0x805'59b8      0x6  xlocale_c.o [3]
  .rodata                 const     0x805'59c0      0x4  rtc.o [1]
  .rodata                 const     0x805'59c4      0x4  GUIAA_Char2.o [2]
  .text                   ro code   0x805'59c8      0x4  startup_stm32f746xx.o [1]
  .text                   ro code   0x805'59cc      0x4  startup_stm32f746xx.o [1]
  .text                   ro code   0x805'59d0      0x4  startup_stm32f746xx.o [1]
  .text                   ro code   0x805'59d4      0x4  startup_stm32f746xx.o [1]
  .text                   ro code   0x805'59d8      0x4  startup_stm32f746xx.o [1]
  .text                   ro code   0x805'59dc      0x4  startup_stm32f746xx.o [1]
  .text                   ro code   0x805'59e0      0x4  startup_stm32f746xx.o [1]
  .text                   ro code   0x805'59e4      0x4  startup_stm32f746xx.o [1]
  .text                   ro code   0x805'59e8      0x4  startup_stm32f746xx.o [1]
  .text                   ro code   0x805'59ec      0x4  startup_stm32f746xx.o [1]
  .text                   ro code   0x805'59f0      0x4  startup_stm32f746xx.o [1]
  .text                   ro code   0x805'59f4      0x4  startup_stm32f746xx.o [1]
  .text                   ro code   0x805'59f8      0x4  startup_stm32f746xx.o [1]
  .text                   ro code   0x805'59fc      0x4  startup_stm32f746xx.o [1]
  .text                   ro code   0x805'5a00      0x4  startup_stm32f746xx.o [1]
  .text                   ro code   0x805'5a04      0x4  startup_stm32f746xx.o [1]
  .text                   ro code   0x805'5a08      0x4  startup_stm32f746xx.o [1]
  .text                   ro code   0x805'5a0c      0x4  startup_stm32f746xx.o [1]
  .text                   ro code   0x805'5a10      0x4  startup_stm32f746xx.o [1]
  .text                   ro code   0x805'5a14      0x4  startup_stm32f746xx.o [1]
  .text                   ro code   0x805'5a18      0x4  startup_stm32f746xx.o [1]
  .text                   ro code   0x805'5a1c      0x4  startup_stm32f746xx.o [1]
  .text                   ro code   0x805'5a20      0x4  startup_stm32f746xx.o [1]
  .text                   ro code   0x805'5a24      0x4  startup_stm32f746xx.o [1]
  .text                   ro code   0x805'5a28      0x4  startup_stm32f746xx.o [1]
  .text                   ro code   0x805'5a2c      0x4  startup_stm32f746xx.o [1]
  .text                   ro code   0x805'5a30      0x4  startup_stm32f746xx.o [1]
  .text                   ro code   0x805'5a34      0x4  startup_stm32f746xx.o [1]
  .text                   ro code   0x805'5a38      0x4  startup_stm32f746xx.o [1]
  .text                   ro code   0x805'5a3c      0x4  startup_stm32f746xx.o [1]
  .text                   ro code   0x805'5a40      0x4  startup_stm32f746xx.o [1]
  .text                   ro code   0x805'5a44      0x4  startup_stm32f746xx.o [1]
  .text                   ro code   0x805'5a48      0x4  startup_stm32f746xx.o [1]
  .text                   ro code   0x805'5a4c      0x4  startup_stm32f746xx.o [1]
  .text                   ro code   0x805'5a50      0x4  startup_stm32f746xx.o [1]
  .text                   ro code   0x805'5a54      0x4  startup_stm32f746xx.o [1]
  .text                   ro code   0x805'5a58      0x4  startup_stm32f746xx.o [1]
  .text                   ro code   0x805'5a5c      0x4  startup_stm32f746xx.o [1]
  .text                   ro code   0x805'5a60      0x4  startup_stm32f746xx.o [1]
  .text                   ro code   0x805'5a64      0x4  startup_stm32f746xx.o [1]
  .text                   ro code   0x805'5a68      0x4  startup_stm32f746xx.o [1]
  .text                   ro code   0x805'5a6c      0x4  startup_stm32f746xx.o [1]
  .text                   ro code   0x805'5a70      0x4  startup_stm32f746xx.o [1]
  .text                   ro code   0x805'5a74      0x4  startup_stm32f746xx.o [1]
  .text                   ro code   0x805'5a78      0x4  startup_stm32f746xx.o [1]
  .text                   ro code   0x805'5a7c      0x4  startup_stm32f746xx.o [1]
  .text                   ro code   0x805'5a80      0x4  startup_stm32f746xx.o [1]
  .text                   ro code   0x805'5a84      0x4  startup_stm32f746xx.o [1]
  .text                   ro code   0x805'5a88      0x4  startup_stm32f746xx.o [1]
  .text                   ro code   0x805'5a8c      0x4  startup_stm32f746xx.o [1]
  .text                   ro code   0x805'5a90      0x4  startup_stm32f746xx.o [1]
  .text                   ro code   0x805'5a94      0x4  startup_stm32f746xx.o [1]
[...]
acGUI_Font20_1_00EC      0x803'0e58     0x14  Data  Lc  F20_1.o [2]
acGUI_Font20_1_00ED      0x803'0e44     0x14  Data  Lc  F20_1.o [2]
acGUI_Font20_1_00EE      0x803'0e30     0x14  Data  Lc  F20_1.o [2]
acGUI_Font20_1_00EF      0x803'0e1c     0x14  Data  Lc  F20_1.o [2]
acGUI_Font20_1_00F0      0x803'0df4     0x28  Data  Lc  F20_1.o [2]
acGUI_Font20_1_00F1      0x803'0dcc     0x28  Data  Lc  F20_1.o [2]
acGUI_Font20_1_00F2      0x803'0da4     0x28  Data  Lc  F20_1.o [2]
acGUI_Font20_1_00F3      0x803'0d7c     0x28  Data  Lc  F20_1.o [2]
acGUI_Font20_1_00F4      0x803'0d54     0x28  Data  Lc  F20_1.o [2]
acGUI_Font20_1_00F5      0x803'0d2c     0x28  Data  Lc  F20_1.o [2]
acGUI_Font20_1_00F6      0x803'0d04     0x28  Data  Lc  F20_1.o [2]
acGUI_Font20_1_00F7      0x803'0cdc     0x28  Data  Lc  F20_1.o [2]
acGUI_Font20_1_00F8      0x803'0cb4     0x28  Data  Lc  F20_1.o [2]
acGUI_Font20_1_00F9      0x803'0c8c     0x28  Data  Lc  F20_1.o [2]
acGUI_Font20_1_00FA      0x803'0c64     0x28  Data  Lc  F20_1.o [2]
acGUI_Font20_1_00FB      0x803'0c3c     0x28  Data  Lc  F20_1.o [2]
acGUI_Font20_1_00FC      0x803'0c14     0x28  Data  Lc  F20_1.o [2]
acGUI_Font20_1_00FD      0x803'0bec     0x28  Data  Lc  F20_1.o [2]
acGUI_Font20_1_00FE      0x803'0bc4     0x28  Data  Lc  F20_1.o [2]
acGUI_Font20_1_00FF      0x803'0b9c     0x28  Data  Lc  F20_1.o [2]
acGUI_Font20_ASCII_0020
                         0x803'28b4     0x14  Data  Lc  F20_ASCII.o [2]
acGUI_Font20_ASCII_0021
                         0x803'28a0     0x14  Data  Lc  F20_ASCII.o [2]
acGUI_Font20_ASCII_0022
                         0x803'288c     0x14  Data  Lc  F20_ASCII.o [2]
acGUI_Font20_ASCII_0023
                         0x803'2864     0x28  Data  Lc  F20_ASCII.o [2]
acGUI_Font20_ASCII_0024
                         0x803'283c     0x28  Data  Lc  F20_ASCII.o [2]
acGUI_Font20_ASCII_0025
                         0x803'2814     0x28  Data  Lc  F20_ASCII.o [2]
acGUI_Font20_ASCII_0026
                         0x803'27ec     0x28  Data  Lc  F20_ASCII.o [2]
acGUI_Font20_ASCII_0027
                         0x803'27d8     0x14  Data  Lc  F20_ASCII.o [2]
acGUI_Font20_ASCII_0028
                         0x803'27c4     0x14  Data  Lc  F20_ASCII.o [2]
acGUI_Font20_ASCII_0029
                         0x803'27b0     0x14  Data  Lc  F20_ASCII.o [2]
acGUI_Font20_ASCII_002A
                         0x803'279c     0x14  Data  Lc  F20_ASCII.o [2]
acGUI_Font20_ASCII_002B
                         0x803'2774     0x28  Data  Lc  F20_ASCII.o [2]
acGUI_Font20_ASCII_002C
                         0x803'2760     0x14  Data  Lc  F20_ASCII.o [2]
acGUI_Font20_ASCII_002D
                         0x803'274c     0x14  Data  Lc  F20_ASCII.o [2]
acGUI_Font20_ASCII_002E
                         0x803'2738     0x14  Data  Lc  F20_ASCII.o [2]
acGUI_Font20_ASCII_002F
                         0x803'2724     0x14  Data  Lc  F20_ASCII.o [2]
acGUI_Font20_ASCII_0030
                         0x803'26fc     0x28  Data  Lc  F20_ASCII.o [2]
acGUI_Font20_ASCII_0031
                         0x803'26d4     0x28  Data  Lc  F20_ASCII.o [2]
acGUI_Font20_ASCII_0032
                         0x803'26ac     0x28  Data  Lc  F20_ASCII.o [2]
acGUI_Font20_ASCII_0033
                         0x803'2684     0x28  Data  Lc  F20_ASCII.o [2]
acGUI_Font20_ASCII_0034
                         0x803'265c     0x28  Data  Lc  F20_ASCII.o [2]
acGUI_Font20_ASCII_0035
                         0x803'2634     0x28  Data  Lc  F20_ASCII.o [2]
acGUI_Font20_ASCII_0036
                         0x803'260c     0x28  Data  Lc  F20_ASCII.o [2]
acGUI_Font20_ASCII_0037
                         0x803'25e4     0x28  Data  Lc  F20_ASCII.o [2]
acGUI_Font20_ASCII_0038
                         0x803'25bc     0x28  Data  Lc  F20_ASCII.o [2]
acGUI_Font20_ASCII_0039
                         0x803'2594     0x28  Data  Lc  F20_ASCII.o [2]
acGUI_Font20_ASCII_003A
                         0x803'2580     0x14  Data  Lc  F20_ASCII.o [2]
acGUI_Font20_ASCII_003B
                         0x803'256c     0x14  Data  Lc  F20_ASCII.o [2]
acGUI_Font20_ASCII_003C
                         0x803'2544     0x28  Data  Lc  F20_ASCII.o [2]
acGUI_Font20_ASCII_003D
                         0x803'251c     0x28  Data  Lc  F20_ASCII.o [2]
acGUI_Font20_ASCII_003E
                         0x803'24f4     0x28  Data  Lc  F20_ASCII.o [2]
acGUI_Font20_ASCII_003F
                         0x803'24cc     0x28  Data  Lc  F20_ASCII.o [2]
acGUI_Font20_ASCII_0040
                         0x803'2490     0x3c  Data  Lc  F20_ASCII.o [2]
acGUI_Font20_ASCII_0041
                         0x803'2468     0x28  Data  Lc  F20_ASCII.o [2]
acGUI_Font20_ASCII_0042
                         0x803'2440     0x28  Data  Lc  F20_ASCII.o [2]
acGUI_Font20_ASCII_0043
                         0x803'2418     0x28  Data  Lc  F20_ASCII.o [2]
acGUI_Font20_ASCII_0044
                         0x803'23f0     0x28  Data  Lc  F20_ASCII.o [2]
acGUI_Font20_ASCII_0045
                         0x803'23c8     0x28  Data  Lc  F20_ASCII.o [2]
acGUI_Font20_ASCII_0046
                         0x803'23a0     0x28  Data  Lc  F20_ASCII.o [2]
acGUI_Font20_ASCII_0047
                         0x803'2378     0x28  Data  Lc  F20_ASCII.o [2]
acGUI_Font20_ASCII_0048
                         0x803'2350     0x28  Data  Lc  F20_ASCII.o [2]
acGUI_Font20_ASCII_0049
                         0x803'233c     0x14  Data  Lc  F20_ASCII.o [2]
acGUI_Font20_ASCII_004A
                         0x803'2314     0x28  Data  Lc  F20_ASCII.o [2]
acGUI_Font20_ASCII_004B
                         0x803'22ec     0x28  Data  Lc  F20_ASCII.o [2]
acGUI_Font20_ASCII_004C
                         0x803'22c4     0x28  Data  Lc  F20_ASCII.o [2]
acGUI_Font20_ASCII_004D
                         0x803'229c     0x28  Data  Lc  F20_ASCII.o [2]
acGUI_Font20_ASCII_004E
                         0x803'2274     0x28  Data  Lc  F20_ASCII.o [2]
acGUI_Font20_ASCII_004F
                         0x803'224c     0x28  Data  Lc  F20_ASCII.o [2]
acGUI_Font20_ASCII_0050
                         0x803'2224     0x28  Data  Lc  F20_ASCII.o [2]
acGUI_Font20_ASCII_0051
                         0x803'21fc     0x28  Data  Lc  F20_ASCII.o [2]
acGUI_Font20_ASCII_0052
                         0x803'21d4     0x28  Data  Lc  F20_ASCII.o [2]
acGUI_Font20_ASCII_0053
                         0x803'21ac     0x28  Data  Lc  F20_ASCII.o [2]
acGUI_Font20_ASCII_0054
                         0x803'2184     0x28  Data  Lc  F20_ASCII.o [2]
acGUI_Font20_ASCII_0055
                         0x803'215c     0x28  Data  Lc  F20_ASCII.o [2]
acGUI_Font20_ASCII_0056
                         0x803'2134     0x28  Data  Lc  F20_ASCII.o [2]
acGUI_Font20_ASCII_0057
                         0x803'20f8     0x3c  Data  Lc  F20_ASCII.o [2]
acGUI_Font20_ASCII_0058
                         0x803'20d0     0x28  Data  Lc  F20_ASCII.o [2]
acGUI_Font20_ASCII_0059
                         0x803'20a8     0x28  Data  Lc  F20_ASCII.o [2]
acGUI_Font20_ASCII_005A
                         0x803'2080     0x28  Data  Lc  F20_ASCII.o [2]
acGUI_Font20_ASCII_005B
                         0x803'206c     0x14  Data  Lc  F20_ASCII.o [2]
acGUI_Font20_ASCII_005C
                         0x803'2058     0x14  Data  Lc  F20_ASCII.o [2]
acGUI_Font20_ASCII_005D
                         0x803'2044     0x14  Data  Lc  F20_ASCII.o [2]
acGUI_Font20_ASCII_005E
                         0x803'2030     0x14  Data  Lc  F20_ASCII.o [2]
acGUI_Font20_ASCII_005F
                         0x803'2008     0x28  Data  Lc  F20_ASCII.o [2]
acGUI_Font20_ASCII_0060
                         0x803'1ff4     0x14  Data  Lc  F20_ASCII.o [2]
acGUI_Font20_ASCII_0061
                         0x803'1fcc     0x28  Data  Lc  F20_ASCII.o [2]
acGUI_Font20_ASCII_0062
                         0x803'1fa4     0x28  Data  Lc  F20_ASCII.o [2]
acGUI_Font20_ASCII_0063
                         0x803'1f7c     0x28  Data  Lc  F20_ASCII.o [2]
acGUI_Font20_ASCII_0064
                         0x803'1f54     0x28  Data  Lc  F20_ASCII.o [2]
acGUI_Font20_ASCII_0065
                         0x803'1f2c     0x28  Data  Lc  F20_ASCII.o [2]
acGUI_Font20_ASCII_0066
                         0x803'1f18     0x14  Data  Lc  F20_ASCII.o [2]
acGUI_Font20_ASCII_0067
                         0x803'1ef0     0x28  Data  Lc  F20_ASCII.o [2]
acGUI_Font20_ASCII_0068
                         0x803'1ec8     0x28  Data  Lc  F20_ASCII.o [2]
acGUI_Font20_ASCII_0069
                         0x803'1eb4     0x14  Data  Lc  F20_ASCII.o [2]
acGUI_Font20_ASCII_006A
                         0x803'1ea0     0x14  Data  Lc  F20_ASCII.o [2]
acGUI_Font20_ASCII_006B
                         0x803'1e78     0x28  Data  Lc  F20_ASCII.o [2]
acGUI_Font20_ASCII_006C
                         0x803'1e64     0x14  Data  Lc  F20_ASCII.o [2]
acGUI_Font20_ASCII_006D
                         0x803'1e3c     0x28  Data  Lc  F20_ASCII.o [2]
acGUI_Font20_ASCII_006E
                         0x803'1e14     0x28  Data  Lc  F20_ASCII.o [2]
acGUI_Font20_ASCII_006F
                         0x803'1dec     0x28  Data  Lc  F20_ASCII.o [2]
acGUI_Font20_ASCII_0070
                         0x803'1dc4     0x28  Data  Lc  F20_ASCII.o [2]
acGUI_Font20_ASCII_0071
                         0x803'1d9c     0x28  Data  Lc  F20_ASCII.o [2]
acGUI_Font20_ASCII_0072
                         0x803'1d88     0x14  Data  Lc  F20_ASCII.o [2]
acGUI_Font20_ASCII_0073
                         0x803'1d60     0x28  Data  Lc  F20_ASCII.o [2]
acGUI_Font20_ASCII_0074
                         0x803'1d4c     0x14  Data  Lc  F20_ASCII.o [2]
acGUI_Font20_ASCII_0075
                         0x803'1d24     0x28  Data  Lc  F20_ASCII.o [2]
acGUI_Font20_ASCII_0076
                         0x803'1cfc     0x28  Data  Lc  F20_ASCII.o [2]
acGUI_Font20_ASCII_0077
                         0x803'1cd4     0x28  Data  Lc  F20_ASCII.o [2]
acGUI_Font20_ASCII_0078
                         0x803'1cc0     0x14  Data  Lc  F20_ASCII.o [2]
acGUI_Font20_ASCII_0079
                         0x803'1c98     0x28  Data  Lc  F20_ASCII.o [2]
acGUI_Font20_ASCII_007A
                         0x803'1c84     0x14  Data  Lc  F20_ASCII.o [2]
acGUI_Font20_ASCII_007B
                         0x803'1c70     0x14  Data  Lc  F20_ASCII.o [2]
acGUI_Font20_ASCII_007C
                         0x803'1c5c     0x14  Data  Lc  F20_ASCII.o [2]
acGUI_Font20_ASCII_007D
                         0x803'1c48     0x14  Data  Lc  F20_ASCII.o [2]
acGUI_Font20_ASCII_007E
                         0x803'1c20     0x28  Data  Lc  F20_ASCII.o [2]
adc_buffer              0x2000'a468    0x400  Data  Gb  WaveSignalWindowDLG.o [1]
alarm_hours             0x2000'b4d0      0x4  Data  Gb  SetAlarmWindowDLG.o [1]
alarm_minutes           0x2000'b4d4      0x4  Data  Gb  SetAlarmWindowDLG.o [1]
alarm_seconds           0x2000'b4d8      0x4  Data  Gb  SetAlarmWindowDLG.o [1]
apColorConvAPI          0x2000'0000      0x4  Data  Lc  STemwin_wrapper.o [1]
bytes_read              0x2000'b504      0x4  Data  Gb  WindowDLG.o [1]
calculate_weekday        0x803'c1b7     0x60  Code  Gb  SetTimeWindowDLG.o [1]
checkTouch               0x803'4d11     0x7c  Code  Gb  main.o [1]
check_fs                 0x802'bdf3     0x7c  Code  Lc  ff.o [1]
chinese_font_36_addr     0x805'5434     0x18  Data  Lc  WindowDLG.o [1]
chk_chr                  0x802'ab6b     0x14  Code  Lc  ff.o [1]
chk_lock                 0x802'ab7f     0x7a  Code  Lc  ff.o [1]
clear_lock               0x802'ad21     0x22  Code  Lc  ff.o [1]
clmt_clust               0x802'b255     0x3a  Code  Lc  ff.o [1]
clust2sect               0x802'ae75     0x1c  Code  Lc  ff.o [1]
cmp_lfn                  0x802'b535     0xb0  Code  Lc  ff.o [1]
create_chain             0x802'b155    0x100  Code  Lc  ff.o [1]
create_name              0x802'ba09    0x2f4  Code  Lc  ff.o [1]
create_xbf_font          0x803'86c7     0x14  Code  Gb  WindowDLG.o [1]
date                    0x2000'b4f4      0x4  Data  Gb  SetTimeWindowDLG.o [1]
dec_lock                 0x802'acd3     0x4e  Code  Lc  ff.o [1]
dir_alloc                0x802'b46f     0x74  Code  Lc  ff.o [1]
dir_find                 0x802'b775    0x12a  Code  Lc  ff.o [1]
dir_next                 0x802'b343    0x12c  Code  Lc  ff.o [1]
dir_register             0x802'b89f    0x16a  Code  Lc  ff.o [1]
dir_sdi                  0x802'b28f     0xb4  Code  Lc  ff.o [1]
disk                    0x2000'b42c      0xc  Data  Gb  ff_gen_drv.o [1]
disk_initialize          0x802'cb51     0x38  Code  Gb  diskio.o [1]
disk_ioctl               0x802'cbf1     0x2a  Code  Gb  diskio.o [1]
disk_read                0x802'cb89     0x34  Code  Gb  diskio.o [1]
disk_status              0x802'cb31     0x20  Code  Gb  diskio.o [1]
disk_write               0x802'cbbd     0x34  Code  Gb  diskio.o [1]
domain                  0x2000'b58e      0x1  Data  Gb  WaveSignalWindowDLG.o [1]
emWin_LCD_Init           0x803'91f9    0x110  Code  Gb  LCD.o [2]
enable_alarm            0x2000'b4dc      0x4  Data  Gb  SetAlarmWindowDLG.o [1]
enq_lock                 0x802'abf9     0x22  Code  Lc  ff.o [1]
exit                     0x805'53b7      0x4  Code  Gb  exit.o [3]
extMem                  0x2000'0468   0xa000  Data  Lc  GUIConf.o [1]
f_close                  0x802'c787     0x40  Code  Gb  ff.o [1]
f_lseek                  0x802'c7c7    0x2f0  Code  Gb  ff.o [1]
f_mount                  0x802'c1e3     0x60  Code  Gb  ff.o [1]
f_open                   0x802'c265    0x296  Code  Gb  ff.o [1]
f_read                   0x802'c4fb    0x1e2  Code  Gb  ff.o [1]
f_sync                   0x802'c6dd     0xaa  Code  Gb  ff.o [1]
fatfs_init_flag         0x2000'b58f      0x1  Data  Gb  WindowDLG.o [1]
ff_convert               0x802'cc21     0x80  Code  Gb  cc936.o [1]
ff_wtoupper              0x802'cca1     0xc4  Code  Gb  cc936.o [1]
ff_wtoupper::cvt1        0x804'fc24    0x1f4  Data  Lc  cc936.o [1]
ff_wtoupper::cvt2        0x805'331c     0xbc  Data  Lc  cc936.o [1]
find_volume              0x802'be6f    0x32a  Code  Lc  ff.o [1]
follow_path              0x802'bcfd     0xaa  Code  Lc  ff.o [1]
fp                      0x2000'aa9c    0x230  Data  Gb  WindowDLG.o [1]
fs                      0x2000'a868    0x234  Data  Gb  WindowDLG.o [1]
gen_numname              0x802'b689     0xcc  Code  Lc  ff.o [1]
get_fat                  0x802'ae91     0xe8  Code  Lc  ff.o [1]
get_fattime              0x802'cd91      0x4  Code  Gb  fatfs.o [1]
get_ldnumber             0x802'bda7     0x4c  Code  Lc  ff.o [1]
hTimeDomainGraph        0x2000'b4fc      0x4  Data  Gb  ShowWaveSignalWindowDLG.o [1]
hadc3                   0x2000'b1cc     0x48  Data  Gb  adc.o [1]
hcrc                    0x2000'b2a0     0x24  Data  Gb  crc.o [1]
hdma_adc3               0x2000'af5c     0x60  Data  Gb  adc.o [1]
hdma_sdmmc1_rx          0x2000'afbc     0x60  Data  Gb  sdmmc.o [1]
hdma_sdmmc1_tx          0x2000'b01c     0x60  Data  Gb  sdmmc.o [1]
hi2c3                   0x2000'b134     0x4c  Data  Gb  i2c.o [1]
hltdc                   0x2000'ad8c     0xa8  Data  Gb  HW_Init.o [1]
hours                   0x2000'b4e0      0x4  Data  Gb  SetTimeWindowDLG.o [1]
hrtc                    0x2000'b308     0x20  Data  Gb  rtc.o [1]
hsd1                    0x2000'aed8     0x84  Data  Gb  sdmmc.o [1]
hsdram1                 0x2000'b214     0x34  Data  Gb  HW_Init.o [1]
iWin.10679              0x2000'b274      0x4  Data  Lc  WM.o [2]
inc_lock                 0x802'ac1b     0xb8  Code  Lc  ff.o [1]
is_adc_ok               0x2000'b58d      0x1  Data  Gb  ShowWaveSignalWindowDLG.o [1]
is_alarm                 0x803'9965     0x48  Code  Gb  SetAlarmWindowDLG.o [1]
layer_prop              0x2000'b348     0x1c  Data  Lc  STemwin_wrapper.o [1]
ld_clust                 0x802'b4e3     0x28  Code  Lc  ff.o [1]
ld_dword                 0x802'aadf     0x18  Code  Lc  ff.o [1]
ld_word                  0x802'aad1      0xe  Code  Lc  ff.o [1]
ldexp                    0x803'dc61           Code  Gb  ldexp.o [4]
ldexpl                   0x803'dc61           Code  Gb  ldexp.o [4]
localeconv               0x803'd8ed      0x4  Code  Gb  xlocale_c.o [3]
main                     0x803'4d8d     0x38  Code  Gb  main.o [1]
mem_cmp                  0x802'ab47     0x24  Code  Lc  ff.o [1]
mem_cpy                  0x802'ab1d     0x1c  Code  Lc  ff.o [1]
mem_set                  0x802'ab39      0xe  Code  Lc  ff.o [1]
memchr                   0x803'd989           Code  Gb  memchr.o [5]
memcmp                   0x803'8ac5           Code  Gb  memcmp.o [5]
memcpy                   0x803'fca9      0xc  Code  Gb  memcpy.o [5]
memmove                  0x803'd115      0xc  Code  Gb  memmove.o [5]
memset                   0x805'1a41     0x14  Code  Gb  memset.o [5]
minutes                 0x2000'b4e4      0x4  Data  Gb  SetTimeWindowDLG.o [1]
month                   0x2000'b4f0      0x4  Data  Gb  SetTimeWindowDLG.o [1]
move_window              0x802'ad9d     0x42  Code  Lc  ff.o [1]
oem2uni                  0x801'564c  0x15484  Data  Lc  cc936.o [1]
put_fat                  0x802'af79    0x12c  Code  Lc  ff.o [1]
put_lfn                  0x802'b5e5     0x90  Code  Lc  ff.o [1]
remove_chain             0x802'b0a5     0xb0  Code  Lc  ff.o [1]
retSD                   0x2000'b58c      0x1  Data  Gb  fatfs.o [1]
root_dir                 0x803'4ed6      0x1  Data  Lc  WindowDLG.o [1]
scalbln                  0x803'dc61           Code  Gb  ldexp.o [4]
scalblnl                 0x803'dc61           Code  Gb  ldexp.o [4]
scalbn                   0x803'dc61           Code  Gb  ldexp.o [4]
scalbnl                  0x803'dc61           Code  Gb  ldexp.o [4]
scale                    0x803'b3f3     0x46  Code  Lc  xprintffull.o [3]
sec_hand                0x2000'b57c      0x4  Data  Lc  xfail_s.o [3]
seconds                 0x2000'b4e8      0x4  Data  Gb  SetTimeWindowDLG.o [1]
set_alarm_dropdown_time_init
                         0x803'98e9     0x7c  Code  Gb  SetAlarmWindowDLG.o [1]
set_rtc_time             0x803'c217     0xd8  Code  Gb  SetTimeWindowDLG.o [1]
set_time_dropdown_time_init
                         0x803'c109     0xae  Code  Gb  SetTimeWindowDLG.o [1]
sprintf                  0x803'9521     0x40  Code  Gb  sprintf.o [3]
st_clust                 0x802'b50b     0x2a  Code  Lc  ff.o [1]
st_dword                 0x802'ab05     0x18  Code  Lc  ff.o [1]
st_word                  0x802'aaf7      0xe  Code  Lc  ff.o [1]
strchr                   0x803'd8f9           Code  Gb  strchr.o [5]
strlen                   0x803'd951           Code  Gb  strlen.o [5]
sum_sfn                  0x802'b755     0x20  Code  Lc  ff.o [1]
sync_fs                  0x802'addf     0x96  Code  Lc  ff.o [1]
sync_window              0x802'ad43     0x5a  Code  Lc  ff.o [1]
uni2oem                  0x800'01c8  0x15484  Data  Lc  cc936.o [1]
update_date              0x803'8569     0xf6  Code  Gb  WindowDLG.o [1]
uwTick                  0x2000'b500      0x4  Data  Gb  stm32f7xx_hal.o [1]
uwTickFreq              0x2000'0465      0x1  Data  Gb  stm32f7xx_hal.o [1]
uwTickPrio              0x2000'0004      0x4  Data  Gb  stm32f7xx_hal.o [1]
validate                 0x802'c199     0x4a  Code  Lc  ff.o [1]
weekday                 0x2000'b4f8      0x4  Data  Gb  SetTimeWindowDLG.o [1]
year                    0x2000'b4ec      0x4  Data  Gb  SetTimeWindowDLG.o [1]


[1] = F:\none\Study\Electron\Embedded-System-Design\cubemx540_test\EWARM\cubemx540_test\Obj
[2] = STemWin_CM7_wc32_ot_ARGB.a
[3] = dl7M_tlf.a
[4] = m7M_tls.a
[5] = rt7M_tl.a
[6] = shb_l.a

  136 736 bytes of readonly  code memory
  214 942 bytes of readonly  data memory
   62 870 bytes of readwrite data memory

Errors: none
Warnings: none
