###############################################################################
#
# IAR ELF Linker V8.32.1.169/W32 for ARM                  25/Oct/2025  22:23:49
# Copyright 2007-2018 IAR Systems AB.
#
#    Output file  =  
#        F:\none\Study\Electron\Embedded-System-Design\design\EWARM\design\Exe\design.out
#    Map file     =  
#        F:\none\Study\Electron\Embedded-System-Design\design\EWARM\design\List\design.map
#    Command line =  
#        -f C:\Users\86136\AppData\Local\Temp\EW57D2.tmp
#        (F:\none\Study\Electron\Embedded-System-Design\design\EWARM\design\Obj\adc.o
#        F:\none\Study\Electron\Embedded-System-Design\design\EWARM\design\Obj\AlarmWindowDLG.o
#        F:\none\Study\Electron\Embedded-System-Design\design\EWARM\design\Obj\bsp_driver_sd.o
#        F:\none\Study\Electron\Embedded-System-Design\design\EWARM\design\Obj\cc936.o
#        F:\none\Study\Electron\Embedded-System-Design\design\EWARM\design\Obj\crc.o
#        F:\none\Study\Electron\Embedded-System-Design\design\EWARM\design\Obj\diskio.o
#        F:\none\Study\Electron\Embedded-System-Design\design\EWARM\design\Obj\dma.o
#        F:\none\Study\Electron\Embedded-System-Design\design\EWARM\design\Obj\fatfs.o
#        F:\none\Study\Electron\Embedded-System-Design\design\EWARM\design\Obj\fatfs_platform.o
#        F:\none\Study\Electron\Embedded-System-Design\design\EWARM\design\Obj\ff.o
#        F:\none\Study\Electron\Embedded-System-Design\design\EWARM\design\Obj\ff_gen_drv.o
#        F:\none\Study\Electron\Embedded-System-Design\design\EWARM\design\Obj\gpio.o
#        F:\none\Study\Electron\Embedded-System-Design\design\EWARM\design\Obj\GUI_App.o
#        F:\none\Study\Electron\Embedded-System-Design\design\EWARM\design\Obj\GUI_X.o
#        F:\none\Study\Electron\Embedded-System-Design\design\EWARM\design\Obj\GUIConf.o
#        F:\none\Study\Electron\Embedded-System-Design\design\EWARM\design\Obj\HW_Init.o
#        F:\none\Study\Electron\Embedded-System-Design\design\EWARM\design\Obj\i2c.o
#        F:\none\Study\Electron\Embedded-System-Design\design\Drivers\CMSIS\Lib\IAR\iar_cortexM7ls_math.a
#        F:\none\Study\Electron\Embedded-System-Design\design\EWARM\design\Obj\main.o
#        F:\none\Study\Electron\Embedded-System-Design\design\EWARM\design\Obj\midi.o
#        F:\none\Study\Electron\Embedded-System-Design\design\EWARM\design\Obj\MidiWindowDLG.o
#        F:\none\Study\Electron\Embedded-System-Design\design\EWARM\design\Obj\rtc.o
#        F:\none\Study\Electron\Embedded-System-Design\design\EWARM\design\Obj\sai.o
#        F:\none\Study\Electron\Embedded-System-Design\design\EWARM\design\Obj\sd_diskio.o
#        F:\none\Study\Electron\Embedded-System-Design\design\EWARM\design\Obj\sdmmc.o
#        F:\none\Study\Electron\Embedded-System-Design\design\EWARM\design\Obj\SetAlarmWindowDLG.o
#        F:\none\Study\Electron\Embedded-System-Design\design\EWARM\design\Obj\SetTimeWindowDLG.o
#        F:\none\Study\Electron\Embedded-System-Design\design\EWARM\design\Obj\SettingsWindowDLG.o
#        F:\none\Study\Electron\Embedded-System-Design\design\EWARM\design\Obj\ShowWaveSignalWindowDLG.o
#        F:\none\Study\Electron\Embedded-System-Design\design\EWARM\design\Obj\startup_stm32f746xx.o
#        F:\none\Study\Electron\Embedded-System-Design\design\Middlewares\ST\STemWin\Lib\STemWin_CM7_wc32_ot_ARGB.a
#        F:\none\Study\Electron\Embedded-System-Design\design\EWARM\design\Obj\STemwin_wrapper.o
#        F:\none\Study\Electron\Embedded-System-Design\design\EWARM\design\Obj\stm32746g_discovery.o
#        F:\none\Study\Electron\Embedded-System-Design\design\EWARM\design\Obj\stm32746g_discovery_audio.o
#        F:\none\Study\Electron\Embedded-System-Design\design\EWARM\design\Obj\stm32f7xx_hal.o
#        F:\none\Study\Electron\Embedded-System-Design\design\EWARM\design\Obj\stm32f7xx_hal_adc.o
#        F:\none\Study\Electron\Embedded-System-Design\design\EWARM\design\Obj\stm32f7xx_hal_adc_ex.o
#        F:\none\Study\Electron\Embedded-System-Design\design\EWARM\design\Obj\stm32f7xx_hal_cortex.o
#        F:\none\Study\Electron\Embedded-System-Design\design\EWARM\design\Obj\stm32f7xx_hal_crc.o
#        F:\none\Study\Electron\Embedded-System-Design\design\EWARM\design\Obj\stm32f7xx_hal_crc_ex.o
#        F:\none\Study\Electron\Embedded-System-Design\design\EWARM\design\Obj\stm32f7xx_hal_dma.o
#        F:\none\Study\Electron\Embedded-System-Design\design\EWARM\design\Obj\stm32f7xx_hal_dma_ex.o
#        F:\none\Study\Electron\Embedded-System-Design\design\EWARM\design\Obj\stm32f7xx_hal_dsi.o
#        F:\none\Study\Electron\Embedded-System-Design\design\EWARM\design\Obj\stm32f7xx_hal_exti.o
#        F:\none\Study\Electron\Embedded-System-Design\design\EWARM\design\Obj\stm32f7xx_hal_flash.o
#        F:\none\Study\Electron\Embedded-System-Design\design\EWARM\design\Obj\stm32f7xx_hal_flash_ex.o
#        F:\none\Study\Electron\Embedded-System-Design\design\EWARM\design\Obj\stm32f7xx_hal_gpio.o
#        F:\none\Study\Electron\Embedded-System-Design\design\EWARM\design\Obj\stm32f7xx_hal_i2c.o
#        F:\none\Study\Electron\Embedded-System-Design\design\EWARM\design\Obj\stm32f7xx_hal_i2c_ex.o
#        F:\none\Study\Electron\Embedded-System-Design\design\EWARM\design\Obj\stm32f7xx_hal_ltdc.o
#        F:\none\Study\Electron\Embedded-System-Design\design\EWARM\design\Obj\stm32f7xx_hal_ltdc_ex.o
#        F:\none\Study\Electron\Embedded-System-Design\design\EWARM\design\Obj\stm32f7xx_hal_msp.o
#        F:\none\Study\Electron\Embedded-System-Design\design\EWARM\design\Obj\stm32f7xx_hal_pcd.o
#        F:\none\Study\Electron\Embedded-System-Design\design\EWARM\design\Obj\stm32f7xx_hal_pcd_ex.o
#        F:\none\Study\Electron\Embedded-System-Design\design\EWARM\design\Obj\stm32f7xx_hal_pwr.o
#        F:\none\Study\Electron\Embedded-System-Design\design\EWARM\design\Obj\stm32f7xx_hal_pwr_ex.o
#        F:\none\Study\Electron\Embedded-System-Design\design\EWARM\design\Obj\stm32f7xx_hal_rcc.o
#        F:\none\Study\Electron\Embedded-System-Design\design\EWARM\design\Obj\stm32f7xx_hal_rcc_ex.o
#        F:\none\Study\Electron\Embedded-System-Design\design\EWARM\design\Obj\stm32f7xx_hal_rtc.o
#        F:\none\Study\Electron\Embedded-System-Design\design\EWARM\design\Obj\stm32f7xx_hal_rtc_ex.o
#        F:\none\Study\Electron\Embedded-System-Design\design\EWARM\design\Obj\stm32f7xx_hal_sai.o
#        F:\none\Study\Electron\Embedded-System-Design\design\EWARM\design\Obj\stm32f7xx_hal_sai_ex.o
#        F:\none\Study\Electron\Embedded-System-Design\design\EWARM\design\Obj\stm32f7xx_hal_sd.o
#        F:\none\Study\Electron\Embedded-System-Design\design\EWARM\design\Obj\stm32f7xx_hal_sdram.o
#        F:\none\Study\Electron\Embedded-System-Design\design\EWARM\design\Obj\stm32f7xx_hal_tim.o
#        F:\none\Study\Electron\Embedded-System-Design\design\EWARM\design\Obj\stm32f7xx_hal_tim_ex.o
#        F:\none\Study\Electron\Embedded-System-Design\design\EWARM\design\Obj\stm32f7xx_hal_uart.o
#        F:\none\Study\Electron\Embedded-System-Design\design\EWARM\design\Obj\stm32f7xx_hal_uart_ex.o
#        F:\none\Study\Electron\Embedded-System-Design\design\EWARM\design\Obj\stm32f7xx_it.o
#        F:\none\Study\Electron\Embedded-System-Design\design\EWARM\design\Obj\stm32f7xx_ll_fmc.o
#        F:\none\Study\Electron\Embedded-System-Design\design\EWARM\design\Obj\stm32f7xx_ll_sdmmc.o
#        F:\none\Study\Electron\Embedded-System-Design\design\EWARM\design\Obj\stm32f7xx_ll_usb.o
#        F:\none\Study\Electron\Embedded-System-Design\design\EWARM\design\Obj\sys.o
#        F:\none\Study\Electron\Embedded-System-Design\design\EWARM\design\Obj\syscall.o
#        F:\none\Study\Electron\Embedded-System-Design\design\EWARM\design\Obj\system_stm32f7xx.o
#        F:\none\Study\Electron\Embedded-System-Design\design\EWARM\design\Obj\tim.o
#        F:\none\Study\Electron\Embedded-System-Design\design\EWARM\design\Obj\usart.o
#        F:\none\Study\Electron\Embedded-System-Design\design\EWARM\design\Obj\usb_device.o
#        F:\none\Study\Electron\Embedded-System-Design\design\EWARM\design\Obj\usbd_conf.o
#        F:\none\Study\Electron\Embedded-System-Design\design\EWARM\design\Obj\usbd_core.o
#        F:\none\Study\Electron\Embedded-System-Design\design\EWARM\design\Obj\usbd_ctlreq.o
#        F:\none\Study\Electron\Embedded-System-Design\design\EWARM\design\Obj\usbd_desc.o
#        F:\none\Study\Electron\Embedded-System-Design\design\EWARM\design\Obj\usbd_ioreq.o
#        F:\none\Study\Electron\Embedded-System-Design\design\EWARM\design\Obj\usbd_msc.o
#        F:\none\Study\Electron\Embedded-System-Design\design\EWARM\design\Obj\usbd_msc_bot.o
#        F:\none\Study\Electron\Embedded-System-Design\design\EWARM\design\Obj\usbd_msc_data.o
#        F:\none\Study\Electron\Embedded-System-Design\design\EWARM\design\Obj\usbd_msc_scsi.o
#        F:\none\Study\Electron\Embedded-System-Design\design\EWARM\design\Obj\usbd_storage_if.o
#        F:\none\Study\Electron\Embedded-System-Design\design\EWARM\design\Obj\WaveSignalWindowDLG.o
#        F:\none\Study\Electron\Embedded-System-Design\design\EWARM\design\Obj\WindowDLG.o
#        F:\none\Study\Electron\Embedded-System-Design\design\EWARM\design\Obj\wm8994.o
#        --redirect _Printf=_PrintfFull --redirect _Scanf=_ScanfFull
#        --no_out_extension -o
#        F:\none\Study\Electron\Embedded-System-Design\design\EWARM\design\Exe\design.out
#        --map
#        F:\none\Study\Electron\Embedded-System-Design\design\EWARM\design\List\design.map
#        --config
#        F:\none\Study\Electron\Embedded-System-Design\design\EWARM/stm32f746xx_flash.icf
#        --semihosting --entry __iar_program_start --vfe --text_out locale)
#
###############################################################################

*******************************************************************************
*** RUNTIME MODEL ATTRIBUTES
***

CppFlavor       = *
__Heap_Handler  = DLMalloc
__SystemLibrary = DLib
__dlib_version  = 6


*******************************************************************************
*** HEAP SELECTION
***

The advanced heap was selected because the application calls memory
allocation functions outside of system library functions, and there
are calls to deallocation functions in the application.


*******************************************************************************
*** PLACEMENT SUMMARY
***

"A0":  place at 0x800'0000 { ro section .intvec };
"P1":  place in [from 0x800'0000 to 0x80f'ffff] { ro };
define block CSTACK with size = 16K, alignment = 8 { };
define block HEAP with size = 24K, alignment = 8 { };
"P2":  place in [from 0x2000'0000 to 0x2004'ffff] {
          rw, block CSTACK, block HEAP };
initialize by copy { rw };

  Section                 Kind         Address     Size  Object
  -------                 ----         -------     ----  ------
"A0":                                             0x1c8
  .intvec                 ro code   0x800'0000    0x1c8  startup_stm32f746xx.o [1]
                                  - 0x800'01c8    0x1c8

"P1":                                           0x6e2cd
  .rodata                 const     0x800'01c8  0x2a908  cc936.o [1]
  .rodata                 const     0x802'aad0  0x13458  arm_common_tables.o [4]
  .rodata                 const     0x803'df28   0x1e30  F32_1.o [2]
  .rodata                 const     0x803'fd58   0x1c48  F32_ASCII.o [2]
  .text                   ro code   0x804'19a0   0x14e0  dlmalloc.o [3]
  .text                   ro code   0x804'2e80      0x6  abort.o [3]
  .text                   ro code   0x804'2e86     0x7a  lz77_init_single.o [6]
  .text                   ro code   0x804'2f00     0x2c  xgetmemchunk.o [3]
  .text                   ro code   0x804'2f2c     0x14  exit.o [7]
  .rodata                 const     0x804'2f40   0x108c  F20_1.o [2]
  .text                   ro code   0x804'3fcc   0x108a  ff.o [1]
  .text                   ro code   0x804'5056     0x3a  zero_init3.o [6]
  .text                   ro code   0x804'5090     0x64  diskio.o [1]
  .text                   ro code   0x804'50f4     0xc8  cc936.o [1]
  .rodata                 const     0x804'51bc    0xfd0  F20_ASCII.o [2]
  .text                   ro code   0x804'618c    0xf46  xprintffull.o [3]
  .text                   ro code   0x804'70d2     0x1e  xencoding_8859_1.o [3]
  .text                   ro code   0x804'70f0     0x78  xlocale_c.o [3]
  .text                   ro code   0x804'7168     0x16  strchr.o [6]
  .text                   ro code   0x804'717e      0xa  xsprout.o [3]
  .text                   ro code   0x804'7188     0x40  xfail_s.o [3]
  .text                   ro code   0x804'71c8     0x36  strlen.o [6]
  .text                   ro code   0x804'7200     0x58  memchr.o [6]
  .text                   ro code   0x804'7258      0xa  xmbcurmax.o [3]
  .text                   ro code   0x804'7264     0x18  ABImemcpy_small.o [6]
  .text                   ro code   0x804'727c    0x106  I64DivMod_small.o [6]
  .text                   ro code   0x804'7384    0x1a2  DblMul.o [5]
  .text                   ro code   0x804'7528     0x70  frexp.o [5]
  .text                   ro code   0x804'7598     0x2e  DblCmpLe.o [5]
  .text                   ro code   0x804'75c8     0x2e  DblCmpGe.o [5]
  .text                   ro code   0x804'75f8    0x13a  ldexp.o [5]
  .text                   ro code   0x804'7734     0x3a  DblToS32.o [5]
  .text                   ro code   0x804'7770     0x22  S32ToDbl.o [5]
  .text                   ro code   0x804'7794     0xe2  DblSub.o [5]
  .text                   ro code   0x804'7878    0x246  DblDiv.o [5]
  .text                   ro code   0x804'7ac0     0x28  DblToU32.o [5]
  .text                   ro code   0x804'7ae8     0x1a  U32ToDbl.o [5]
  .text                   ro code   0x804'7b04      0x2  I64DivZer.o [6]
  .text                   ro code   0x804'7b08    0x16a  DblAdd.o [5]
  .text                   ro code   0x804'7c74    0xe56  stm32f7xx_hal_sd.o [1]
  .text                   ro code   0x804'8acc    0x17c  sdmmc.o [1]
  .text                   ro code   0x804'8c48    0x540  stm32f7xx_ll_sdmmc.o [1]
  .text                   ro code   0x804'9188     0x28  stm32f7xx_hal.o [1]
  .text                   ro code   0x804'91b0      0xc  stm32f7xx_hal.o [1]
  .text                   ro code   0x804'91bc    0x46c  stm32f7xx_hal_dma.o [1]
  .text                   ro code   0x804'9628     0x9e  bsp_driver_sd.o [1]
  .text                   ro code   0x804'96c6      0x2  stm32f7xx_hal_sd.o [1]
  .text                   ro code   0x804'96c8      0x6  ABImemclr4.o [6]
  .text                   ro code   0x804'96d0    0x30c  stm32f7xx_hal_gpio.o [1]
  .text                   ro code   0x804'99dc    0x1c6  main.o [1]
  .text                   ro code   0x804'9ba4     0xe8  stm32f7xx_hal_cortex.o [1]
  .text                   ro code   0x804'9c8c    0x258  sd_diskio.o [1]
  .text                   ro code   0x804'9ee4     0x1c  fatfs_platform.o [1]
  .text                   ro code   0x804'9f00     0x32  ABImemset48.o [6]
  .text                   ro code   0x804'9f34    0x590  stm32f7xx_hal_i2c.o [1]
  .text.GUI_TOUCH_StoreState
                          ro code   0x804'a4c4     0x28  GUI_TOUCH_StoreState.o [2]
  .text                   ro code   0x804'a4ec     0x16  stm32f7xx_hal.o [1]
  .text                   ro code   0x804'a504    0x14a  gpio.o [1]
  .text                   ro code   0x804'a650     0x54  crc.o [1]
  .text                   ro code   0x804'a6a4     0xa8  rtc.o [1]
  .text                   ro code   0x804'a74c     0xfc  i2c.o [1]
  .text                   ro code   0x804'a848     0x70  dma.o [1]
  .text                   ro code   0x804'a8b8     0x18  fatfs.o [1]
  .text                   ro code   0x804'a8d0    0x11c  adc.o [1]
  .text                   ro code   0x804'a9ec    0x298  sai.o [1]
  .text                   ro code   0x804'ac84    0x18c  tim.o [1]
  .text                   ro code   0x804'ae10     0xa0  usart.o [1]
  .text                   ro code   0x804'aeb0     0x54  usb_device.o [1]
  .text                   ro code   0x804'af04    0x1b2  STemwin_wrapper.o [1]
  .text                   ro code   0x804'b0b8     0x20  GUI_App.o [1]
  .text                   ro code   0x804'b0d8     0x10  stm32f7xx_hal_pwr.o [1]
  .text                   ro code   0x804'b0e8    0x4bc  stm32f7xx_hal_rcc.o [1]
  .text                   ro code   0x804'b5a4     0x74  stm32f7xx_hal_pwr_ex.o [1]
  .text                   ro code   0x804'b618    0x660  stm32f7xx_hal_rcc_ex.o [1]
  .text.GUI_TOUCH_StoreStateEx
                          ro code   0x804'bc78     0x54  GUI_TOUCH.o [2]
  .text                   ro code   0x804'bccc     0x40  stm32f7xx_hal.o [1]
  .text                   ro code   0x804'bd0c     0x30  stm32f7xx_hal_msp.o [1]
  .text                   ro code   0x804'bd3c     0x78  stm32f7xx_hal_crc.o [1]
  .text                   ro code   0x804'bdb4    0x356  stm32f7xx_hal_rtc.o [1]
  .text                   ro code   0x804'c10a     0x7e  stm32f7xx_hal_i2c_ex.o [1]
  .text                   ro code   0x804'c188     0x44  ff_gen_drv.o [1]
  .text                   ro code   0x804'c1cc    0x3d0  stm32f7xx_hal_adc.o [1]
  .text                   ro code   0x804'c59c    0x608  stm32f7xx_hal_sai.o [1]
  .text                   ro code   0x804'cba4    0x6da  stm32f7xx_hal_tim.o [1]
  .text                   ro code   0x804'd280     0x5c  stm32f7xx_hal_tim_ex.o [1]
  .text                   ro code   0x804'd2dc    0x43e  stm32f7xx_hal_uart.o [1]
  .text                   ro code   0x804'd71a    0x29c  usbd_core.o [1]
  .text                   ro code   0x804'd9b8    0x20a  usbd_msc.o [1]
  .text.GUI_DEVICE_CreateAndLink
                          ro code   0x804'dbc4    0x130  GUI_Device.o [2]
  .text.LCD_GetSwapXYEx   ro code   0x804'dcf4     0x20  LCD_GetEx.o [2]
  .text.LCD_SetSizeEx     ro code   0x804'dd14     0x34  LCD_Set.o [2]
  .text.LCD_SetVSizeEx    ro code   0x804'dd48     0x34  LCD_Set.o [2]
  .text.LCD_GetBitsPerPixelEx
                          ro code   0x804'dd7c     0x20  LCD_GetEx.o [2]
  .text.LCD_SetVRAMAddrEx
                          ro code   0x804'dd9c     0x30  LCD_Set.o [2]
  .text                   ro code   0x804'ddcc    0x3fc  stm32f7xx_hal_ltdc.o [1]
  .text.GUI_GetLayerPosEx
                          ro code   0x804'e1c8     0x14  GUI_SelectLayer.o [2]
  .text                   ro code   0x804'e1dc    0x314  HW_Init.o [1]
  .text.GUI_Init          ro code   0x804'e4f0    0x188  GUI_Core.o [2]
  .text                   ro code   0x804'e678    0x254  WindowDLG.o [1]
  .text.GUI_Delay         ro code   0x804'e8cc     0x30  GUI_Time.o [2]
  .text.GUI_ALLOC_GetNumFreeBytes
                          ro code   0x804'e8fc     0x10  GUI_Alloc.o [2]
  .text                   ro code   0x804'e90c     0x68  memcmp.o [6]
  .text.GUI_PID_StoreState
                          ro code   0x804'e974    0x10c  GUI_PID.o [2]
  .text                   ro code   0x804'ea80     0x4c  stm32f7xx_hal_crc_ex.o [1]
  .text                   ro code   0x804'eacc      0x2  stm32f7xx_hal_adc.o [1]
  .text                   ro code   0x804'ead0      0x2  stm32f7xx_hal_adc_ex.o [1]
  .text                   ro code   0x804'ead2      0x2  stm32f7xx_hal_adc.o [1]
  .text                   ro code   0x804'ead4      0x2  stm32f7xx_hal_adc.o [1]
  .text                   ro code   0x804'ead8    0x1fc  stm32746g_discovery_audio.o [1]
  .text                   ro code   0x804'ecd4      0x2  stm32f7xx_hal_tim.o [1]
  .text                   ro code   0x804'ecd6      0x2  stm32f7xx_hal_tim.o [1]
  .text                   ro code   0x804'ecd8      0x2  stm32f7xx_hal_tim.o [1]
  .text                   ro code   0x804'ecda      0x2  stm32f7xx_hal_tim.o [1]
  .text                   ro code   0x804'ecdc      0x2  stm32f7xx_hal_tim_ex.o [1]
  .text                   ro code   0x804'ecde      0x2  stm32f7xx_hal_tim_ex.o [1]
  .text                   ro code   0x804'ece0      0x2  stm32f7xx_hal_tim.o [1]
  .text                   ro code   0x804'ece2      0x2  stm32f7xx_hal_tim_ex.o [1]
  .text                   ro code   0x804'ece4      0x2  stm32f7xx_hal_tim.o [1]
  .text                   ro code   0x804'ece8    0x2ae  usbd_conf.o [1]
  .text                   ro code   0x804'ef98    0x458  usbd_ctlreq.o [1]
  .text                   ro code   0x804'f3f0     0x50  usbd_ioreq.o [1]
  .text                   ro code   0x804'f440    0x21e  usbd_msc_bot.o [1]
  .text                   ro code   0x804'f65e      0x4  heaptramp0.o [3]
  .text.GUI_ALLOC_GetFixedBlock
                          ro code   0x804'f664    0x238  GUI_Alloc.o [2]
  .text.GUI_DEVICE__GetpDriver
                          ro code   0x804'f89c     0x2c  GUI_Device.o [2]
  .text.LCD_GetPosEx      ro code   0x804'f8c8     0x34  LCD_Set.o [2]
  .text                   ro code   0x804'f8fc     0x9a  stm32f7xx_hal_sdram.o [1]
  .text.GUI__Config       ro code   0x804'f998     0x80  GUI_Core.o [2]
  .text                   ro code   0x804'fa18     0x1e  GUI_X.o [1]
  .text._InitContext      ro code   0x804'fa38     0x80  GUI_Core.o [2]
  .text.emWin_LCD_Init    ro code   0x804'fab8    0x110  LCD.o [2]
  .text.LCD_GetXSizeDisplay
                          ro code   0x804'fbc8      0xc  LCD_GetEx.o [2]
  .text.LCD_GetYSizeDisplay
                          ro code   0x804'fbd4      0xc  LCD_GetEx.o [2]
  .text.LCD_GetXSizeMax   ro code   0x804'fbe0     0x34  LCD_GetEx.o [2]
  .text.LCD_GetYSizeMax   ro code   0x804'fc14     0x34  LCD_GetEx.o [2]
  .text.LCD_SetDisplaySize
                          ro code   0x804'fc48      0xc  LCD_GetEx.o [2]
  .text.GUI_SetOrg        ro code   0x804'fc54     0x34  GUI_Common.o [2]
  .text.WM_Init           ro code   0x804'fc88    0x150  WM.o [2]
  .text.WM_GetDialogItem  ro code   0x804'fdd8      0x8  WM_Lib.o [2]
  .text                   ro code   0x804'fde0     0x40  sprintf.o [3]
  .text.TEXT_SetText      ro code   0x804'fe20     0x5c  TEXT.o [2]
  .text.TEXT_SetFont      ro code   0x804'fe7c     0x2c  TEXT.o [2]
  .text.TEXT_SetTextAlign
                          ro code   0x804'fea8     0x2c  TEXT.o [2]
  .text.BUTTON_SetFont    ro code   0x804'fed4     0x28  BUTTON.o [2]
  .text.WM_CreateTimer    ro code   0x804'fefc     0x70  WM_Timer.o [2]
  .text.WM_GetId          ro code   0x804'ff6c     0x20  WM_Lib.o [2]
  .text.WM_DeleteWindow   ro code   0x804'ff8c      0x8  WM.o [2]
  .text                   ro code   0x804'ff94    0x11c  SettingsWindowDLG.o [1]
  .text.WM_RestartTimer   ro code   0x805'00b0     0x30  WM_Timer.o [2]
  .text                   ro code   0x805'00e0    0x2f4  SetAlarmWindowDLG.o [1]
  .text                   ro code   0x805'03d4     0x94  AlarmWindowDLG.o [1]
  .text.WM_DefaultProc    ro code   0x805'0468     0x60  WM.o [2]
  .text.WM_GetDesktopWindow
                          ro code   0x805'04c8     0x18  WM_Lib.o [2]
  .text.GUI_CreateDialogBox
                          ro code   0x805'04e0     0xc0  DIALOG.o [2]
  .text.GUI_Exec          ro code   0x805'05a0     0x5c  GUI_Common.o [2]
  .text.GUI_SignalEvent   ro code   0x805'05fc     0x10  GUI_WaitEvent.o [2]
  .text.GUI__RegisterExit
                          ro code   0x805'060c     0x28  GUI_Core.o [2]
  .text                   ro code   0x805'0634      0x2  stm32746g_discovery_audio.o [1]
  .text                   ro code   0x805'0636      0x2  stm32746g_discovery_audio.o [1]
  .text                   ro code   0x805'0638     0x56  stm32746g_discovery_audio.o [1]
  .text                   ro code   0x805'0690    0x154  stm32746g_discovery_audio.o [1]
  .text                   ro code   0x805'07e4    0x10c  stm32746g_discovery_audio.o [1]
  .text                   ro code   0x805'08f0    0x294  ShowWaveSignalWindowDLG.o [1]
  .text                   ro code   0x805'0b84      0x2  stm32746g_discovery_audio.o [1]
  .text                   ro code   0x805'0b88    0x8c4  stm32f7xx_hal_pcd.o [1]
  .text                   ro code   0x805'144c     0x70  stm32f7xx_hal_pcd_ex.o [1]
  .text                   ro code   0x805'14bc    0x548  usbd_msc_scsi.o [1]
  .text._AddFreeMemory    ro code   0x805'1a04    0x35c  GUI_Alloc.o [2]
  .text._EnlargeBlocks    ro code   0x805'1d60     0xd8  GUI_Alloc.o [2]
  .text._RemoveHoles      ro code   0x805'1e38    0x1b0  GUI_Alloc.o [2]
  .text                   ro code   0x805'1fe8    0x124  stm32f7xx_ll_fmc.o [1]
  .text.GUI_GetVersionString
                          ro code   0x805'210c     0x18  GUI_Common.o [2]
  .text                   ro code   0x805'2124     0x10  GUIConf.o [1]
  .text.LCD_SetBkColor    ro code   0x805'2134      0xc  LCD.o [2]
  .text.LCD_SetColor      ro code   0x805'2140      0xc  LCD.o [2]
  .text.LCD_InitColors    ro code   0x805'214c     0x40  LCD_Color.o [2]
  .text.LCD_InitLUT       ro code   0x805'218c     0x80  LCD_Color.o [2]
  .text.GUI_SelectLayer   ro code   0x805'220c     0x34  GUI_SelectLayer.o [2]
  .text.WM_CreateWindowAsChild
                          ro code   0x805'2240    0x1c4  WM.o [2]
  .text.WM__AddCriticalHandle
                          ro code   0x805'2404     0x10  WM__Private.o [2]
  .text.GUI_ALLOC_h2p     ro code   0x805'2414     0x14  GUI_Alloc.o [2]
  .text.LCD_SetClipRectMax
                          ro code   0x805'2428     0x1c  LCD.o [2]
  .text.WM_InvalidateRect.part.2
                          ro code   0x805'2444     0xd4  WM.o [2]
  .text.__GetDialogItem   ro code   0x805'2518     0xb0  WM_Lib.o [2]
  .text.GUI_ALLOC_LockH   ro code   0x805'25c8     0x28  GUI_Alloc.o [2]
  .text.GUI_ALLOC_UnlockH
                          ro code   0x805'25f0     0x34  GUI_Alloc.o [2]
  .text.GUI__SetText      ro code   0x805'2624     0xd8  GUI__Private.o [2]
  .text.WM_InvalidateWindow
                          ro code   0x805'26fc     0xac  WM.o [2]
  .text.GUI_ALLOC_AllocZero
                          ro code   0x805'27a8     0x70  GUI_Alloc.o [2]
  .text.GUI_GetTime       ro code   0x805'2818      0x4  GUI_Time.o [2]
  .text.GUI_TIMER_Create  ro code   0x805'281c     0x98  GUI_Timer.o [2]
  .text.GUI_ALLOC_Free    ro code   0x805'28b4     0x34  GUI_Alloc.o [2]
  .text.GUI_TIMER_SetPeriod
                          ro code   0x805'28e8     0x20  GUI_Timer.o [2]
  .text.WM_SendMessage    ro code   0x805'2908      0x8  WM.o [2]
  .text.WM_DeleteWindow.part.3
                          ro code   0x805'2910    0x230  WM.o [2]
  .text                   ro code   0x805'2b40    0x480  SetTimeWindowDLG.o [1]
  .text                   ro code   0x805'2fc0     0xc4  WaveSignalWindowDLG.o [1]
  .text                   ro code   0x805'3084    0x228  MidiWindowDLG.o [1]
  .text.GUI_TIMER_Restart
                          ro code   0x805'32ac     0x7c  GUI_Timer.o [2]
  .text.DROPDOWN_SetSel   ro code   0x805'3328     0x54  DROPDOWN.o [2]
  .text.CHECKBOX_SetText  ro code   0x805'337c     0x50  CHECKBOX.o [2]
  .text.CHECKBOX_SetFont  ro code   0x805'33cc     0x2c  CHECKBOX.o [2]
  .text.DROPDOWN_SetListHeight
                          ro code   0x805'33f8     0x44  DROPDOWN.o [2]
  .text.DROPDOWN_AddString
                          ro code   0x805'343c     0x3c  DROPDOWN.o [2]
  .text.CHECKBOX_SetState
                          ro code   0x805'3478     0x40  CHECKBOX.o [2]
  .text.DROPDOWN_GetSel   ro code   0x805'34b8     0x28  DROPDOWN.o [2]
  .text.CHECKBOX_GetState
                          ro code   0x805'34e0     0x28  CHECKBOX.o [2]
  .text.DROPDOWN_SetAutoScroll
                          ro code   0x805'3508     0x54  DROPDOWN.o [2]
  .text.WM__GetClientRectEx
                          ro code   0x805'355c     0x28  WM__Private.o [2]
  .text.WM_SendToParent   ro code   0x805'3584     0x24  WM_Lib.o [2]
  .text.WM_GetClientWindow
                          ro code   0x805'35a8     0x1c  WM_Lib.o [2]
  .text.WIDGET_OrState    ro code   0x805'35c4     0x30  WIDGET.o [2]
  .text.WM_ShowWindow     ro code   0x805'35f4     0x30  WM_Lib.o [2]
  .text.WM_SendMessageNoPara
                          ro code   0x805'3624      0x4  WM_Lib.o [2]
  .text.WM_GetFocusedWindow
                          ro code   0x805'3628     0x14  WM_Lib.o [2]
  .text.WM_SetFocusOnNextChild
                          ro code   0x805'363c     0x88  WM_SetFocusOnNextChild.o [2]
  .text.WM_Exec           ro code   0x805'36c4    0x284  WM.o [2]
  .text                   ro code   0x805'3948    0x192  arm_rfft_fast_f32.o [4]
  .text                   ro code   0x805'3adc    0x160  arm_cmplx_mag_f32.o [4]
  .text.GRAPH_SetGridVis  ro code   0x805'3c3c     0x38  GRAPH.o [2]
  .text.GRAPH_SetVSizeX   ro code   0x805'3c74     0x44  GRAPH.o [2]
  .text.GRAPH_SetGridDistY
                          ro code   0x805'3cb8     0x34  GRAPH.o [2]
  .text                   ro code   0x805'3cec    0x140  arm_rfft_fast_init_f32.o [4]
  .text.GRAPH_AttachData  ro code   0x805'3e2c     0x48  GRAPH.o [2]
  .text.GRAPH_DATA_YT_Clear
                          ro code   0x805'3e74     0x28  GRAPH_DATA_YT.o [2]
  .text.GRAPH_DATA_YT_AddValue
                          ro code   0x805'3e9c     0x38  GRAPH_DATA_YT.o [2]
  .text                   ro code   0x805'3ed4     0x48  FltToDbl.o [5]
  .text.GRAPH_DATA_YT_Create
                          ro code   0x805'3f1c     0x94  GRAPH_DATA_YT.o [2]
  .text                   ro code   0x805'3fb0    0x8b2  stm32f7xx_ll_usb.o [1]
  .text._Alloc            ro code   0x805'4864    0x374  GUI_Alloc.o [2]
  .text                   ro code   0x805'4bd8      0xc  memmove.o [6]
  .text.GUI_ALLOC_AssignMemory
                          ro code   0x805'4be4     0x10  GUI_Alloc.o [2]
  .text.LCD_GetNumLayers  ro code   0x805'4bf4     0x20  LCD_GetNumDisplays.o [2]
  .text.LCD_GetNumColorsEx
                          ro code   0x805'4c14     0x20  LCD_GetEx.o [2]
  .text.LCD_Index2Color   ro code   0x805'4c34     0x1c  LCD.o [2]
  .text.LCD_SetLUTEntryEx
                          ro code   0x805'4c50     0x34  LCD_Set.o [2]
  .text.GUI_SelectLCD     ro code   0x805'4c84     0x14  GUI_Common.o [2]
  .text.WM__InsertWindowIntoList
                          ro code   0x805'4c98     0xd4  WM.o [2]
  .text.WM__SendMessage   ro code   0x805'4d6c     0x3c  WM__Private.o [2]
  .text.WM_BringToBottom  ro code   0x805'4da8     0x8c  WM_Lib.o [2]
  .text.GUI_MoveRect      ro code   0x805'4e34     0x24  GUI_Common.o [2]
  .text.GUI__IntersectRect
                          ro code   0x805'4e58     0x3c  GUI__Private.o [2]
  .text._Invalidate1Abs   ro code   0x805'4e94     0xe4  WM.o [2]
  .text.WM__InvalidateDrawAndDescs
                          ro code   0x805'4f78    0x2a4  WM.o [2]
  .text.WM__InvalidateRect
                          ro code   0x805'521c     0xd8  WM.o [2]
  .text._GetDialogItem    ro code   0x805'52f4     0x50  WM_Lib.o [2]
  .text.GUI_ALLOC_GetSize
                          ro code   0x805'5344     0x18  GUI_Alloc.o [2]
  .text.GUI_ALLOC_AllocNoInit
                          ro code   0x805'535c      0x8  GUI_Alloc.o [2]
  .text                   ro code   0x805'5364     0x8c  strcpy_fast.o [6]
  .text.GUI_ALLOC_FreePtr
                          ro code   0x805'53f0     0x38  GUI_Alloc.o [2]
  .text._Link             ro code   0x805'5428     0x9c  GUI_Timer.o [2]
  .text.WM__DeleteAssocTimer
                          ro code   0x805'54c4     0x70  WM_Timer.o [2]
  .text.WM_NotifyParent   ro code   0x805'5534     0x28  WM_Lib.o [2]
  .text.GUI_MEMDEV_Delete
                          ro code   0x805'555c     0x4c  GUIDEV.o [2]
  .text                   ro code   0x805'55a8     0x1a  strrchr.o [3]
  .text                   ro code   0x805'55c4     0x12  strcmp.o [6]
  .text                   ro code   0x805'55d6     0x1e  strcat.o [3]
  .text.DROPDOWN_DeleteItem
                          ro code   0x805'55f4     0x5c  DROPDOWN.o [2]
  .text.GUI_ARRAY_GetNumItems
                          ro code   0x805'5650     0x28  GUI_ARRAY.o [2]
  .text.WM_GetWindowSizeX
                          ro code   0x805'5678     0x2c  WM_GetWindowSize.o [2]
  .text.WM_SetSize        ro code   0x805'56a4     0x58  WM_Lib.o [2]
  .text.GUI_ARRAY_AddItem
                          ro code   0x805'56fc     0x9c  GUI_ARRAY.o [2]
  .text.LISTBOX_SetAutoScrollV
                          ro code   0x805'5798     0x60  LISTBOX.o [2]
  .text.WM__GetClientRectWin
                          ro code   0x805'57f8     0x1c  WM.o [2]
  .text.WM_InvalidateWindowAndDescs.part.14
                          ro code   0x805'5814     0xac  WM_Lib.o [2]
  .text.WM__SendMessageNoPara
                          ro code   0x805'58c0     0x28  WM__Private.o [2]
  .text.WM__GetFocusedChild
                          ro code   0x805'58e8     0x4c  WM__Private.o [2]
  .text.WM_IsFocusable    ro code   0x805'5934     0x38  WM_Lib.o [2]
  .text.WM__GetTopLevelLayer
                          ro code   0x805'596c     0x34  WM.o [2]
  .text.WM_SetFocus       ro code   0x805'59a0     0xa4  WM_Lib.o [2]
  .text._Exec1Input       ro code   0x805'5a44     0x8c  WM.o [2]
  .text.GUI_SaveContext_W
                          ro code   0x805'5ad0     0x14  GUI_Common.o [2]
  .text.GUI_SetColor      ro code   0x805'5ae4      0x4  GUI_Common.o [2]
  .text.GUI_SetBkColor    ro code   0x805'5ae8      0x4  GUI_Common.o [2]
  .text.GUI_RestoreContext
                          ro code   0x805'5aec     0x14  GUI_Common.o [2]
  .text.GUI_MEMDEV_Draw   ro code   0x805'5b00    0x170  GUIDEV_Banding.o [2]
  .text.WM__PaintWinAndOverlays
                          ro code   0x805'5c70     0xa0  WM.o [2]
  .text.GUI__ManageCache  ro code   0x805'5d10     0xf4  GUI__ManageCache.o [2]
  .text                   ro code   0x805'5e04    0x706  arm_cfft_f32.o [4]
  .text._ManageScrollbars
                          ro code   0x805'650c     0xc8  GRAPH.o [2]
  .text.GRAPH__AddValue   ro code   0x805'65d4     0xb8  GRAPH.o [2]
  .text                   ro code   0x805'668c     0x1e  ABImemmove_small.o [6]
  .text.LCD_SelectLCD     ro code   0x805'66ac     0x44  LCD_SelectLCD.o [2]
  .text.LCD_UpdateColorIndices
                          ro code   0x805'66f0     0x24  LCD_UpdateColorIndices.o [2]
  .text.WM_Activate       ro code   0x805'6714     0x10  WM.o [2]
  .text.WM__GetPrevSibling
                          ro code   0x805'6724     0x34  WM__Private.o [2]
  .text.WM__InvalidateRectEx
                          ro code   0x805'6758     0xc4  WM.o [2]
  .text.GUI__IntersectRects
                          ro code   0x805'681c     0x58  GUI__Private.o [2]
  .text.GUI_MergeRect     ro code   0x805'6874     0x5c  GUI_Common.o [2]
  .text.WM_GetFirstChild  ro code   0x805'68d0     0x14  WM_Lib.o [2]
  .text.WM_InvalidateWindowAndDescsEx
                          ro code   0x805'68e4    0x364  WM.o [2]
  .text._GetDialogItem.part.5
                          ro code   0x805'6c48    0x1f8  WM_Lib.o [2]
  .text.GUI_TIMER__GetFirstTimer
                          ro code   0x805'6e40     0x30  GUI_Timer.o [2]
  .text.GUI_TIMER_GetFlag
                          ro code   0x805'6e70     0x30  GUI_Timer.o [2]
  .text.GUI_TIMER__GetNextTimerLin
                          ro code   0x805'6ea0     0x40  GUI_Timer.o [2]
  .text.GUI_TIMER_Delete  ro code   0x805'6ee0     0xc8  GUI_Timer.o [2]
  .text.GUI_DEVICE_Delete
                          ro code   0x805'6fa8      0x4  GUI_Device.o [2]
  .text.GUI_USAGE_DecUseCnt
                          ro code   0x805'6fac     0x2c  GUIDEV_Usage.o [2]
  .text.GUI_ARRAY_DeleteItem
                          ro code   0x805'6fd8     0x60  GUI_ARRAY_DeleteItem.o [2]
  .text.LISTBOX_DeleteItem
                          ro code   0x805'7038    0x108  LISTBOX.o [2]
  .text.WM_GetActiveWindow
                          ro code   0x805'7140      0xc  WM.o [2]
  .text.WM_ResizeWindow.part.11
                          ro code   0x805'714c     0xf8  WM_Lib.o [2]
  .text.GUI_ALLOC_Realloc
                          ro code   0x805'7244     0xe0  GUI_Alloc.o [2]
  .text.GUI_ALLOC_AllocInit
                          ro code   0x805'7324     0x94  GUI_Alloc.o [2]
  .text._ManageAutoScroll
                          ro code   0x805'73b8    0x170  LISTBOX.o [2]
  .text._CalcScrollParas  ro code   0x805'7528    0x154  LISTBOX.o [2]
  .text.WM_SetScrollbarV  ro code   0x805'767c     0x54  WM_SetScrollbar.o [2]
  .text.WM__IsWindow      ro code   0x805'76d0     0x2c  WM.o [2]
  .text.GUI_PollKeyMsg    ro code   0x805'76fc     0x30  GUI_OnKey.o [2]
  .text                   ro code   0x805'772c      0xc  memcpy.o [6]
  .text.LCD_GetXSizeEx    ro code   0x805'7738     0x20  LCD_GetEx.o [2]
  .text.LCD_GetYSizeEx    ro code   0x805'7758     0x20  LCD_GetEx.o [2]
  .text.GUI_GetOrg        ro code   0x805'7778     0x1c  GUI_Common.o [2]
  .text.GUI_MEMDEV_CreateEx
                          ro code   0x805'7794     0x84  GUIDEV.o [2]
  .text.GUI_MEMDEV_GetYSize
                          ro code   0x805'7818     0x38  GUIDEV_GetYSize.o [2]
  .text.GUI_MEMDEV_Select
                          ro code   0x805'7850     0x54  GUIDEV.o [2]
  .text.GUI_MEMDEV_CopyToLCD
                          ro code   0x805'78a4     0x10  GUIDEV.o [2]
  .text.GUI_MEMDEV_ReduceYSize
                          ro code   0x805'78b4     0x34  GUIDEV_ReduceYSize.o [2]
  .text.GUI_MEMDEV_SetOrg
                          ro code   0x805'78e8     0x64  GUIDEV_SetOrg.o [2]
  .text.GUI_MEMDEV_Clear  ro code   0x805'794c     0x48  GUIDEV_Clear.o [2]
  .text.LCD_GetVXSizeEx   ro code   0x805'7994     0x20  LCD_GetEx.o [2]
  .text.LCD_GetVYSizeEx   ro code   0x805'79b4     0x20  LCD_GetEx.o [2]
  .text._PaintTransChildren
                          ro code   0x805'79d4     0xd8  WM.o [2]
  .text._Paint1Trans      ro code   0x805'7aac     0xc0  WM.o [2]
  .text                   ro code   0x805'7b6c    0x5ae  arm_cfft_radix8_f32.o [4]
  .text                   ro code   0x805'811c     0xc0  arm_bitreversal2.o [4]
  .text.WM_GetInsideRectExScrollbar
                          ro code   0x805'81dc     0xd8  WM_Lib.o [2]
  .text.WM_SetScrollbarH  ro code   0x805'82b4     0x54  WM_SetScrollbar.o [2]
  .text.WM_CheckScrollBounds
                          ro code   0x805'8308     0x20  WM_Lib.o [2]
  .text.WIDGET__SetScrollState
                          ro code   0x805'8328     0x28  WIDGET.o [2]
  .text.WM_InvalidateRect
                          ro code   0x805'8350      0x8  WM.o [2]
  .text.GUI_DEVICE_Unlink
                          ro code   0x805'8358     0x44  GUI_Device.o [2]
  .text.LCD_Color2Index   ro code   0x805'839c     0x1c  LCD.o [2]
  .text.LCD_SetColorIndex
                          ro code   0x805'83b8     0x18  LCD.o [2]
  .text.LCD_SetBkColorIndex
                          ro code   0x805'83d0     0x18  LCD.o [2]
  .text.WM_GetParent      ro code   0x805'83e8     0x14  WM_Lib.o [2]
  .text.GUI_ALLOC_FreeFixedBlock
                          ro code   0x805'83fc     0x14  GUI_Alloc.o [2]
  .text.GUI_ARRAY_GetpItemLocked
                          ro code   0x805'8410     0x54  GUI_ARRAY.o [2]
  .text._GetItemPosY      ro code   0x805'8464     0xe8  LISTBOX.o [2]
  .text.WM__UpdateChildPositions
                          ro code   0x805'854c    0x124  WM__Private.o [2]
  .text.WM__SendMsgNoData
                          ro code   0x805'8670     0x18  WM.o [2]
  .text.SCROLLBAR_SetWidth
                          ro code   0x805'8688     0x28  SCROLLBAR.o [2]
  .text.SCROLLBAR_SetColor
                          ro code   0x805'86b0     0x40  SCROLLBAR.o [2]
  .text._GetContentsSizeX
                          ro code   0x805'86f0     0xd0  LISTBOX.o [2]
  .text._GetItemSizeY     ro code   0x805'87c0     0xa8  LISTBOX.o [2]
  .text.GUI_SetFont       ro code   0x805'8868     0x14  GUI_Common.o [2]
  .text._UpdateScrollPos  ro code   0x805'887c    0x10c  LISTBOX.o [2]
  .text.SCROLLBAR_CreateAttached
                          ro code   0x805'8988    0x11c  SCROLLBAR.o [2]
  .text.WM_HideWindow     ro code   0x805'8aa4     0x38  WM_Hide.o [2]
  .text.WM__DeleteSecure  ro code   0x805'8adc     0x1c  WM.o [2]
  .text.WM_OnKey          ro code   0x805'8af8     0x3c  WM_Lib.o [2]
  .text.GUI_MEMDEV__CreateFixed
                          ro code   0x805'8b34    0x138  GUIDEV.o [2]
  .text.WM_Deactivate     ro code   0x805'8c6c     0x14  WM.o [2]
  .text.GUI_DEVICE_Link   ro code   0x805'8c80     0x9c  GUI_Device.o [2]
  .text.GUI_MEMDEV_CopyToLCDAt.part.0
                          ro code   0x805'8d1c     0xfc  GUIDEV.o [2]
  .text.GUI_RectsIntersect
                          ro code   0x805'8e18     0x3c  GUI_Common.o [2]
  .text.WM_SetScrollState
                          ro code   0x805'8e54     0x20  WM_Lib.o [2]
  .text.WM_MoveWindow     ro code   0x805'8e74     0xac  WM_Move.o [2]
  .text.WM_ResizeWindow   ro code   0x805'8f20     0x18  WM_Lib.o [2]
  .text.WIDGET_SetWidth   ro code   0x805'8f38     0x38  WIDGET.o [2]
  .text.WM_GetScrollPartner
                          ro code   0x805'8f70     0x48  WM_Lib.o [2]
  .text.WM_GetInsideRectEx
                          ro code   0x805'8fb8     0x1c  WM_Lib.o [2]
  .text.WIDGET__Init      ro code   0x805'8fd4     0x10  WIDGET.o [2]
  .text.GUI_DEVICE_Create
                          ro code   0x805'8fe4     0x5c  GUI_Device.o [2]
  .text.LCD__GetBPPDevice
                          ro code   0x805'9040     0x68  LCD_GetEx.o [2]
  .text.GUI_ALLOC_RequestSize
                          ro code   0x805'90a8    0x160  GUI_Alloc.o [2]
  .text.GUI_USAGE_BM_Create
                          ro code   0x805'9208     0x54  GUIDEV_UsageBM.o [2]
  .text.GUI_SetDrawMode   ro code   0x805'925c      0x4  GUI_Common.o [2]
  .text.WM__InitIVRSearch
                          ro code   0x805'9260    0x198  WM.o [2]
  .text.GUI_MEMDEV__WriteToActiveOpaque
                          ro code   0x805'93f8    0x9c0  GUIDEV_WriteToActiveOpaque.o [2]
  .text.WM__GetNextIVR    ro code   0x805'9db8    0x254  WM.o [2]
  .text._MoveDescendents  ro code   0x805'a00c    0x258  WM_Move.o [2]
  .text.WM__InvalidateParent
                          ro code   0x805'a264     0xe8  WM.o [2]
  .text.WM_SetYSize       ro code   0x805'a34c     0x50  WM_Lib.o [2]
  .text.WM_SetXSize       ro code   0x805'a39c     0x50  WM_Lib.o [2]
  .text.LCD_SetDrawMode   ro code   0x805'a3ec      0xc  LCD.o [2]
  .text.WM__ActivateClipRect
                          ro code   0x805'a3f8    0x128  WM.o [2]
  .text.GUI_MEMDEV_GetBitsPerPixel
                          ro code   0x805'a520     0x34  GUIDEV.o [2]
  .text.GUI_GetBitsPerPixelEx
                          ro code   0x805'a554     0x14  LCD_GetEx.o [2]
  .text.GUI_GetpfIndex2ColorEx
                          ro code   0x805'a568     0x10  LCD_GetEx.o [2]
  .text.GUI_GetpfColor2IndexEx
                          ro code   0x805'a578     0x10  LCD_GetEx.o [2]
  .text.GUI_MEMDEV_GetDataPtr
                          ro code   0x805'a588     0x24  GUIDEV_GetDataPtr.o [2]
  .text.GUI__CompactPixelIndices
                          ro code   0x805'a5ac    0x1a8  GUI__CompactPixelIndices.o [2]
  .text.LCD_DrawBitmap    ro code   0x805'a754    0x30c  LCD.o [2]
  .text.LCD__DrawBitmap_1bpp
                          ro code   0x805'aa60    0x21c  LCD.o [2]
  .text._Findx0.constprop.10
                          ro code   0x805'ac7c     0x8c  WM.o [2]
  .text._Findx1           ro code   0x805'ad08     0x90  WM.o [2]
  .text._Findy1.constprop.11
                          ro code   0x805'ad98     0xa8  WM.o [2]
  .text.LCD_SetClipRectEx
                          ro code   0x805'ae40     0x34  LCD_SetClipRectEx.o [2]
  .text._Findx0           ro code   0x805'ae74     0xa4  WM.o [2]
  .text._Findy1           ro code   0x805'af18     0xd0  WM.o [2]
  .rodata                 const     0x805'afe8    0xb40  F16_1.o [2]
  .rodata                 const     0x805'bb28    0xaa0  F16_ASCII.o [2]
  .text._DrawBitmap       ro code   0x805'c5c8    0xa38  GUIDEV_16.o [2]
  .text.GUI_USAGE_AddRect
                          ro code   0x805'd000     0x24  GUIDEV_Usage.o [2]
  .text._DrawBitmap       ro code   0x805'd024    0x9c0  GUIDEV_32.o [2]
  .rodata                 const     0x805'd9e4    0x981  F13_1.o [2]
  .rodata                 const     0x805'e368    0x939  F13_ASCII.o [2]
  .text.LISTBOX_Callback  ro code   0x805'eca4    0x7fc  LISTBOX.o [2]
  .text.WIDGET_HandleActive
                          ro code   0x805'f4a0    0x1c4  WIDGET.o [2]
  .text.WM_SetUserClipRect
                          ro code   0x805'f664     0x18  WM_Lib.o [2]
  .text.WM_IsWindow       ro code   0x805'f67c      0x4  WM_Lib.o [2]
  .text.GUI_ARRAY_Delete  ro code   0x805'f680     0x60  GUI_ARRAY.o [2]
  .text.WM_GetHasTrans    ro code   0x805'f6e0     0x14  WM_SetTrans.o [2]
  .text.WIDGET__EFFECT_DrawDown
                          ro code   0x805'f6f4     0xa0  WIDGET.o [2]
  .text._GetItemFromPos   ro code   0x805'f794    0x11c  LISTBOX.o [2]
  .text.GUI_ClearRectEx   ro code   0x805'f8b0     0x6c  GUI_Core.o [2]
  .text.WM_GetScrollbarV  ro code   0x805'f91c     0x50  WM_Lib.o [2]
  .text.WM_GetScrollbarH  ro code   0x805'f96c     0x50  WM_Lib.o [2]
  .text.WM_GetScrollState
                          ro code   0x805'f9bc     0x18  WM_Lib.o [2]
  .text.GUI_ARRAY_GethItem
                          ro code   0x805'f9d4     0x48  GUI_ARRAY.o [2]
  .text.LISTBOX__InvalidateItem.part.2
                          ro code   0x805'fa1c     0x60  LISTBOX.o [2]
  .text.WM_SetScrollValue
                          ro code   0x805'fa7c     0x40  WM_Lib.o [2]
  .text._MoveSel          ro code   0x805'fabc    0x13c  LISTBOX.o [2]
  .text.LISTBOX_SetSel.part.6
                          ro code   0x805'fbf8    0x1b8  LISTBOX.o [2]
  .text.GUI__ReduceRect   ro code   0x805'fdb0     0x20  GUI__Private.o [2]
  .text.WM_BringToTop     ro code   0x805'fdd0     0x7c  WM_BringToTop.o [2]
  .text.WM_GetClientRect  ro code   0x805'fe4c     0x1c  WM_Lib.o [2]
  .text.WM__Screen2Client
                          ro code   0x805'fe68     0x14  WM__Private.o [2]
  .text.LCD_FillRect      ro code   0x805'fe7c     0x60  LCD.o [2]
  .text.WM__RemoveWindowFromList
                          ro code   0x805'fedc     0x44  WM.o [2]
  .text.WM_ForEachDesc    ro code   0x805'ff20      0x4  WM_Lib.o [2]
  .text.WM__ForEachDesc   ro code   0x805'ff24    0x15c  WM__Private.o [2]
  .text                   ro code   0x806'0080    0x7f6  wm8994.o [1]
  .text                   ro code   0x806'0878    0x210  stm32746g_discovery.o [1]
  .rodata                 const     0x806'0a88    0x73c  F6x8.o [2]
  .text._DrawBitmap       ro code   0x806'11c4    0x724  GUIDRV_Lin_16.o [2]
  .text.SCROLLBAR_Callback
                          ro code   0x806'18e8    0x660  SCROLLBAR.o [2]
  .text.WM_SetCapture     ro code   0x806'1f48     0x44  WM_SetCapture.o [2]
  .text.WIDGET_AndState   ro code   0x806'1f8c     0x30  WIDGET.o [2]
  .text.WM_DeleteTimer    ro code   0x806'1fbc     0x2c  WM_Timer.o [2]
  .text.GUI__DivideRound32
                          ro code   0x806'1fe8     0x18  GUI__Private.o [2]
  .text.GUI_SPRITE_SetPosition
                          ro code   0x806'2000    0x630  GUI_SPRITE.o [2]
  .text._CreateBuffer.isra.4
                          ro code   0x806'2630     0xb4  GUI_SPRITE.o [2]
  .text.GUI_GetBitmapPixelIndex
                          ro code   0x806'26e4     0xa8  GUI_Common.o [2]
  .text._SetBkIndexBuffered
                          ro code   0x806'278c     0xd0  GUI_SPRITE.o [2]
  .text._ReleaseBuffer.isra.7
                          ro code   0x806'285c     0x8c  GUI_SPRITE.o [2]
  .text.GUI_ALLOC_GetMaxSize
                          ro code   0x806'28e8    0x134  GUI_Alloc.o [2]
  .text.GL_FillPolygon    ro code   0x806'2a1c    0x5ec  GUI_FillPolygon.o [2]
  .text.GRAPH_Callback    ro code   0x806'3008    0x5d8  GRAPH.o [2]
  .text.WIDGET__EFFECT_DrawDownRect
                          ro code   0x806'35e0     0xa8  WIDGET.o [2]
  .text.GUI_Clear         ro code   0x806'3688     0x70  GUI_Core.o [2]
  .text.SCROLLBAR_GetValue
                          ro code   0x806'36f8     0x28  SCROLLBAR.o [2]
  .text.WM_GetOrgX        ro code   0x806'3720     0x18  WM_Lib.o [2]
  .text.WM_GetOrgY        ro code   0x806'3738     0x18  WM_Lib.o [2]
  .text.GUI_ClearRect     ro code   0x806'3750     0x64  GUI_Core.o [2]
  .text.GUI_DrawHLine     ro code   0x806'37b4     0x4c  GUI_DrawLib.o [2]
  .text.GUI_GetLineStyle  ro code   0x806'3800      0xc  GUI_Common.o [2]
  .text.GUI_SetLineStyle  ro code   0x806'380c     0x10  GUI_Common.o [2]
  .text.GUI_DrawLine      ro code   0x806'381c    0x2dc  GUI_DrawLine.o [2]
  .text.GUI_DrawVLine     ro code   0x806'3af8     0x48  GUI_DrawLib.o [2]
  .text.GUI_GotoXY        ro code   0x806'3b40     0x10  GUI_Common.o [2]
  .text.GL_DrawPoint      ro code   0x806'3b50     0x20  GUI_DrawLib.o [2]
  .text.GL_DrawLine1Ex    ro code   0x806'3b70    0x408  GUI_DrawLine.o [2]
  .text.LCD_DrawVLine     ro code   0x806'3f78     0x50  LCD.o [2]
  .text.GL_FillCircle     ro code   0x806'3fc8     0xe4  GUI_Circ.o [2]
  .text.CHECKBOX_DrawSkinFlex
                          ro code   0x806'40ac    0x57c  CHECKBOX_SkinFlex.o [2]
  .text.WM__IsEnabled     ro code   0x806'4628     0x14  WM__Private.o [2]
  .text.WM_SetHasTrans    ro code   0x806'463c     0x4c  WM_SetTrans.o [2]
  .text.GUI_DrawBitmap    ro code   0x806'4688    0x100  GUI_DrawBitmap.o [2]
  .text.GUI_DrawRect      ro code   0x806'4788     0x84  GUI_2DLib.o [2]
  .text.GUI_DrawGradientV
                          ro code   0x806'480c    0x1a0  GUI_DrawGradient.o [2]
  .text.GUI_GetStringDistX
                          ro code   0x806'49ac     0x14  GUI_DispString.o [2]
  .text.GUI_GetYSizeOfFont
                          ro code   0x806'49c0      0xc  GUI_Common.o [2]
  .text.GUI_DrawFocusRect
                          ro code   0x806'49cc     0xb0  GUI_DrawLib.o [2]
  .text.GUI_SetTextMode   ro code   0x806'4a7c     0x14  GUI_Common.o [2]
  .text.GUI_DispStringInRect
                          ro code   0x806'4a90     0x48  GUI_DispString.o [2]
  .text.CHECKBOX_GetBkColor
                          ro code   0x806'4ad8     0x30  CHECKBOX.o [2]
  .text.WM_ValidateWindow
                          ro code   0x806'4b08     0x34  WM_Lib.o [2]
  .text.LCD_DrawHLine     ro code   0x806'4b3c     0x50  LCD.o [2]
  .text.GUI_GetColor      ro code   0x806'4b8c     0x10  GUI_Common.o [2]
  .text.GUI__GetNumChars  ro code   0x806'4b9c     0x34  GUI_UC.o [2]
  .text.GUI__GetLineDistX
                          ro code   0x806'4bd0     0x80  GUI_CharLine.o [2]
  .text.LCD_DrawPixel     ro code   0x806'4c50     0x64  LCD.o [2]
  .text.GUI__DispStringInRect
                          ro code   0x806'4cb4    0x18c  GUI_DispString.o [2]
  .text.LCD_GetColorIndex
                          ro code   0x806'4e40     0x10  LCD_GetColorIndex.o [2]
  .text.GUI_UC__GetCharCodeInc
                          ro code   0x806'4e50     0x28  GUI_UC.o [2]
  .text.GUI_GetCharDistX  ro code   0x806'4e78     0x10  GUI_Char.o [2]
  .text.GUI_GetCharDistXEx
                          ro code   0x806'4e88     0x10  GUI_Char.o [2]
  .text.GUI_GetFontDistY  ro code   0x806'4e98     0x10  GUI_Char.o [2]
  .text.GUI__DispLine     ro code   0x806'4ea8     0xc4  GUI_CharLine.o [2]
  .text.GUI_UC__NumChars2NumBytes
                          ro code   0x806'4f6c     0x28  GUI_UC.o [2]
  .text.GUI__HandleEOLine
                          ro code   0x806'4f94     0x30  GUI__Private.o [2]
  .text.GUI__GetLineNumChars
                          ro code   0x806'4fc4     0x50  GUI_CharLine.o [2]
  .text.GUI_GetClientRect
                          ro code   0x806'5014      0x8  GUI_Common.o [2]
  .text._DispLine         ro code   0x806'501c     0x9c  GUI_CharLine.o [2]
  .text.WM_HandlePID      ro code   0x806'50b8    0x4ec  WM_Touch.o [2]
  .text.GUI_PID_IsEmpty   ro code   0x806'55a4     0x14  GUI_PID.o [2]
  .text.GUI_PID_GetState  ro code   0x806'55b8     0x58  GUI_PID.o [2]
  .text.GUI_CURSOR_SetPositionEx
                          ro code   0x806'5610     0x7c  GUI_Cursor.o [2]
  .text.WM__IsAncestor    ro code   0x806'568c     0x24  WM__Private.o [2]
  .text.WM__SendTouchMessage
                          ro code   0x806'56b0     0x78  WM_Touch.o [2]
  .text.WM_PID__SetPrevState
                          ro code   0x806'5728     0x1c  WM_PID__GetPrevState.o [2]
  .text.WM__RemoveCriticalHandle
                          ro code   0x806'5744     0x3c  WM__Private.o [2]
  .text.WM_Screen2hWin    ro code   0x806'5780     0x84  WM_Screen2Win.o [2]
  .text.WM__SendMessageIfEnabled
                          ro code   0x806'5804     0x48  WM__Private.o [2]
  .text.WM_ReleaseCapture
                          ro code   0x806'584c     0x30  WM_SetCapture.o [2]
  .text.GUI_GetCursorLayer
                          ro code   0x806'587c     0x14  GUI_SelectLayer.o [2]
  .text.GUI_SetLayerPosEx
                          ro code   0x806'5890      0x4  GUI_SelectLayer.o [2]
  .text.WM_GetDesktopWindowEx
                          ro code   0x806'5894     0x14  WM_Lib.o [2]
  .text._Screen2hWin      ro code   0x806'58a8    0x3a4  WM_Screen2Win.o [2]
  .text.LCD_SetPosEx      ro code   0x806'5c4c     0x34  LCD_Set.o [2]
  .rodata                 const     0x806'5c80    0x370  GUI__DivTbl.o [2]
  .text.GUI_DrawGraphEx   ro code   0x806'5ff0    0x2c4  GUI_DrawGraphEx.o [2]
  .rodata                 const     0x806'62b4    0x2b0  cc936.o [1]
  .text.LISTBOX_OwnerDraw
                          ro code   0x806'6564    0x2ac  LISTBOX.o [2]
  .text.WM_GetInsideRect  ro code   0x806'6810     0x24  WM_Lib.o [2]
  .text.GUI_GetYDistOfFont
                          ro code   0x806'6834      0x4  GUI_Common.o [2]
  .text.DROPDOWN_Callback
                          ro code   0x806'6838    0x284  DROPDOWN.o [2]
  .text.LISTBOX_GetSel    ro code   0x806'6abc     0x28  LISTBOX.o [2]
  .text.DROPDOWN_Expand.part.2
                          ro code   0x806'6ae4    0x1f8  DROPDOWN.o [2]
  .text.DROPDOWN_AddKey.part.5
                          ro code   0x806'6cdc    0x170  DROPDOWN.o [2]
  .text.LISTBOX_CreateAsChild
                          ro code   0x806'6e4c    0x204  LISTBOX.o [2]
  .text.LISTBOX_AddStringH
                          ro code   0x806'7050    0x170  LISTBOX.o [2]
  .text.LISTBOX_SetBkColor
                          ro code   0x806'71c0     0x3c  LISTBOX.o [2]
  .text.LISTBOX_SetTextColor
                          ro code   0x806'71fc     0x4c  LISTBOX.o [2]
  .text.LISTBOX_SetScrollbarColor
                          ro code   0x806'7248     0x7c  LISTBOX.o [2]
  .text.LISTBOX_SetItemSpacing
                          ro code   0x806'72c4     0xbc  LISTBOX.o [2]
  .text.LISTBOX_SetFont   ro code   0x806'7380     0xb8  LISTBOX.o [2]
  .text.LISTBOX_SetTextAlign
                          ro code   0x806'7438     0x2c  LISTBOX.o [2]
  .text.LISTBOX_SetOwner  ro code   0x806'7464     0x34  LISTBOX.o [2]
  .text.LISTBOX_SetSel    ro code   0x806'7498      0x8  LISTBOX.o [2]
  .text.LISTBOX_SetScrollbarWidth
                          ro code   0x806'74a0     0x60  LISTBOX.o [2]
  .text.LISTBOX_SetItemDisabled
                          ro code   0x806'7500     0xc0  LISTBOX.o [2]
  .text.GUI_ARRAY_Create  ro code   0x806'75c0      0x8  GUI_ARRAY.o [2]
  .text.LISTBOX_InvalidateItem.part.4
                          ro code   0x806'75c8    0x120  LISTBOX.o [2]
  .text.SCROLLBAR_GetDefaultWidth
                          ro code   0x806'76e8      0xc  SCROLLBAR_Defaults.o [2]
  .text.GUI__DrawTwinArc4
                          ro code   0x806'76f4    0x284  GUI__DrawTwinArc.o [2]
  .text.GUI__sqrt32       ro code   0x806'7978    0x13c  GUI__Private.o [2]
  .text.GUI__DoAlphaBlending
                          ro code   0x806'7ab4    0x27c  GUI__Alpha.o [2]
  .text.GUI_ReadRectEx    ro code   0x806'7d30     0x60  LCD_ReadRect.o [2]
  .text.GUI__ExpandPixelIndicesEx
                          ro code   0x806'7d90    0x188  GUI__ExpandPixelIndices.o [2]
  .text.LCD_GetVXSizeMax  ro code   0x806'7f18     0x34  LCD_GetEx.o [2]
  .text.LCD_ReadRectEx    ro code   0x806'7f4c    0x220  LCD_ReadRect.o [2]
  .text._FillRect         ro code   0x806'816c    0x27c  GUIDRV_Lin_16.o [2]
  .text.DROPDOWN_DrawSkinFlex
                          ro code   0x806'83e8    0x26c  DROPDOWN_SkinFlex.o [2]
  .text.GUI_FillRect      ro code   0x806'8654     0x48  GUI_DrawLib.o [2]
  .text.BUTTON_DrawSkinFlex
                          ro code   0x806'869c    0x264  BUTTON_SkinFlex.o [2]
  .text.GUI_DRAW__Draw    ro code   0x806'8900     0x38  GUI_DRAW.o [2]
  .text.SCROLLBAR_DrawSkinFlex
                          ro code   0x806'8938    0x20c  SCROLLBAR_SkinFlex.o [2]
  .text.WIDGET__RotateRect90
                          ro code   0x806'8b44     0x2c  WIDGET.o [2]
  .text.WIDGET__DrawTriangle
                          ro code   0x806'8b70     0x5c  WIDGET.o [2]
  .rodata                 const     0x806'8bcc    0x1a4  SetTimeWindowDLG.o [1]
  .text.GUI_DrawGradientH
                          ro code   0x806'8d70    0x1a0  GUI_DrawGradient.o [2]
  .text._WriteToActiveAlpha
                          ro code   0x806'8f10    0x198  GUIDEV_WriteToActiveAlpha.o [2]
  .text.GUI__AllocAlphaBuffer
                          ro code   0x806'90a8     0x9c  GUI__Alpha.o [2]
  .text.GUI__CompactPixelIndicesEx
                          ro code   0x806'9144    0x18c  GUI__CompactPixelIndices.o [2]
  .text.GUI_MEMDEV_Paint1Static
                          ro code   0x806'92d0    0x194  GUIDEV_StaticDevices.o [2]
  .text.GUI__AlphaPreserveTrans
                          ro code   0x806'9464     0x2c  GUI_SetAlpha.o [2]
  .text.WM_GetWindowOrgX  ro code   0x806'9490     0x10  WM_Lib.o [2]
  .text.WM__Paint1        ro code   0x806'94a0     0xb8  WM.o [2]
  .text.GUI_MEMDEV_Write  ro code   0x806'9558     0x5c  GUIDEV_Write.o [2]
  .text.LCD_GetXSize      ro code   0x806'95b4     0x2c  LCD_GetEx.o [2]
  .text.LCD_GetYSize      ro code   0x806'95e0     0x2c  LCD_GetEx.o [2]
  .text.LCD_AA_SetOrMask  ro code   0x806'960c     0x10  LCD_AA.o [2]
  .text.GL_SetDefault     ro code   0x806'961c     0x48  GUI_Common.o [2]
  .text.GUI_MEMDEV__WriteToActiveAt
                          ro code   0x806'9664     0x3c  GUIDEV.o [2]
  .text.GUI_MEMDEV__WriteToActiveAlpha
                          ro code   0x806'96a0    0x194  GUIDEV_WriteToActiveAlpha.o [2]
  .text.GUI_DispStringInRectWrap.part.1
                          ro code   0x806'9834    0x190  GUI_DispString.o [2]
  .text.GUI__WrapGetNumBytesToNextLine
                          ro code   0x806'99c4     0xc4  GUI__Wrap.o [2]
  .text.GUI__WrapGetNumCharsDisp
                          ro code   0x806'9a88     0x24  GUI__Wrap.o [2]
  .text.CHECKBOX_Callback
                          ro code   0x806'9aac    0x188  CHECKBOX.o [2]
  .text.WM_HasCaptured    ro code   0x806'9c34     0x1c  WM_Lib.o [2]
  .text.GUI_StoreKey      ro code   0x806'9c50     0x10  GUI_OnKey.o [2]
  .text.GUIMONO_DispChar  ro code   0x806'9c60    0x17c  GUI_CharM.o [2]
  .text._CalcPositions    ro code   0x806'9ddc    0x17c  SCROLLBAR_Skin.o [2]
  .text.SCROLLBAR__Rect2VRect
                          ro code   0x806'9f58     0x38  SCROLLBAR.o [2]
  .text.WM_GetWindowRectEx
                          ro code   0x806'9f90     0x18  WM_Lib.o [2]
  .text._SetPos           ro code   0x806'9fa8    0x178  GUIDRV_Lin_16.o [2]
  .text.GUI__memset       ro code   0x806'a120     0x80  GUI__Private.o [2]
  .text                   ro code   0x806'a1a0     0x14  memset.o [6]
  .text                   ro code   0x806'a1b4     0x12  ABImemset_small.o [6]
  .text._FillRect         ro code   0x806'a1c8    0x174  GUIDEV_16.o [2]
  .text.GUI__memset16     ro code   0x806'a33c     0x68  GUI__Private.o [2]
  .text.BUTTON_Callback   ro code   0x806'a3a4    0x170  BUTTON.o [2]
  .text.GUI_ALLOC_FreePtrArray
                          ro code   0x806'a514     0x60  GUI_Alloc.o [2]
  .rodata                 const     0x806'a574    0x150  SetAlarmWindowDLG.o [1]
  .text.WINDOW_Callback   ro code   0x806'a6c4    0x144  WINDOW.o [2]
  .text.WM_SetFocusOnPrevChild
                          ro code   0x806'a808     0x64  WM_SetFocusOnPrevChild.o [2]
  .text.WM_HasFocus       ro code   0x806'a86c     0x1c  WM_Lib.o [2]
  .text.WM__IsAncestorOrSelf
                          ro code   0x806'a888     0x34  WM__Private.o [2]
  .text.WM__GetLastSibling
                          ro code   0x806'a8bc     0x1c  WM__Private.o [2]
  .text                   ro code   0x806'a8d8    0x108  usbd_desc.o [1]
  .rodata                 const     0x806'a9e0    0x100  LCD_Mirror.o [2]
  .text.DROPDOWN_CreateIndirect
                          ro code   0x806'aae0    0x100  DROPDOWN.o [2]
  .text.WM__GetWindowSizeX
                          ro code   0x806'abe0     0x10  WM_GetWindowSize.o [2]
  .text.CHECKBOX_CreateIndirect
                          ro code   0x806'abf0     0xf8  CHECKBOX.o [2]
  .text._OnPaint          ro code   0x806'ace8     0xf8  GRAPH_DATA_YT.o [2]
  .text.GUIPROP_DispChar  ro code   0x806'ade0     0xf4  GUI_CharP.o [2]
  .text.GUI_GetBkColor    ro code   0x806'aed4     0x10  GUI_Common.o [2]
  .text.LCD_GetBkColorIndex
                          ro code   0x806'aee4     0x10  LCD_GetColorIndex.o [2]
  .text._DrawFrame        ro code   0x806'aef4     0xf4  SCROLLBAR_SkinFlex.o [2]
  .text.GUI_DrawPixel     ro code   0x806'afe8     0x48  GUI_DrawLib.o [2]
  .text._GetWordWrap      ro code   0x806'b030     0xf0  GUI__Wrap.o [2]
  .text._FillRect         ro code   0x806'b120     0xec  GUIDEV_32.o [2]
  .text._DrawVLine        ro code   0x806'b20c     0xe8  GUIDEV_16.o [2]
  .text._GetDevFunc       ro code   0x806'b2f4     0xe8  GUIDRV_Lin_16.o [2]
  .text._DrawVLine        ro code   0x806'b3dc     0xe4  GUIDEV_32.o [2]
  .text.BUTTON_CreateIndirect
                          ro code   0x806'b4c0     0xd4  BUTTON.o [2]
  .text._SetOrg           ro code   0x806'b594     0xd0  GUIDRV_Lin_16.o [2]
  .text.LCD_GetMirrorXEx  ro code   0x806'b664     0x20  LCD_GetEx.o [2]
  .text.LCD_GetMirrorYEx  ro code   0x806'b684     0x20  LCD_GetEx.o [2]
  .text.TEXT_Callback     ro code   0x806'b6a4     0xcc  TEXT.o [2]
  .text.GUI_DispStringInRectWrap
                          ro code   0x806'b770      0x8  GUI_DispString.o [2]
  .text._ReadRect         ro code   0x806'b778     0xc8  GUIDRV_Lin_16.o [2]
  .text.GUI_USAGE_BM_GetNextDirty
                          ro code   0x806'b840     0xc0  GUIDEV_UsageBM.o [2]
  .text._OnTouchDefault   ro code   0x806'b900     0xbc  BUTTON.o [2]
  .text._Paint            ro code   0x806'b9bc     0xb8  SCROLLBAR_Skin.o [2]
  .text.WIDGET__GetClientRect
                          ro code   0x806'ba74     0x38  WIDGET.o [2]
  .rodata                 const     0x806'baac     0xb4  main.o [1]
  .text._cbBackWin        ro code   0x806'bb60     0xb0  WM.o [2]
  .text.LISTBOX_CreateIndirect
                          ro code   0x806'bc10     0xac  LISTBOX.o [2]
  .rodata                 const     0x806'bcbc     0xa8  MidiWindowDLG.o [1]
  .rodata                 const     0x806'bd64     0xa8  SettingsWindowDLG.o [1]
  .text.TEXT_CreateIndirect
                          ro code   0x806'be0c     0xa8  TEXT.o [2]
  .text._Paint            ro code   0x806'beb4     0xa4  CHECKBOX_Skin.o [2]
  .text.WM_GetWindowSizeY
                          ro code   0x806'bf58     0x2c  WM_GetWindowSize.o [2]
  .text._OnExit           ro code   0x806'bf84     0xa0  WM.o [2]
  .text                   ro code   0x806'c024     0x9c  stm32f7xx_it.o [1]
  .text                   ro code   0x806'c0c0     0x10  stm32f7xx_hal.o [1]
  .text.GRAPH_CreateIndirect
                          ro code   0x806'c0d0     0x94  GRAPH.o [2]
  .text.GUI__MixColorsBulk
                          ro code   0x806'c164     0x94  GUI__Alpha.o [2]
  .rodata                 const     0x806'c1f8     0x8c  WindowDLG.o [1]
  .text._Paint            ro code   0x806'c284     0x88  BUTTON_Skin.o [2]
  .text._CopyBuffer       ro code   0x806'c30c     0x84  GUIDRV_Lin_16.o [2]
  .text._XorPixel         ro code   0x806'c390     0x84  GUIDEV_16.o [2]
  .text._XorPixel         ro code   0x806'c414     0x84  GUIDEV_32.o [2]
  .text.GUI_TIMER_Exec    ro code   0x806'c498     0x78  GUI_Timer.o [2]
  .text._SetPixelIndex    ro code   0x806'c510     0x78  GUIDEV_16.o [2]
  .text._SetPixelIndex    ro code   0x806'c588     0x78  GUIDEV_32.o [2]
  .rodata                 const     0x806'c600     0x74  GUIDEV_16.o [2]
  .rodata                 const     0x806'c674     0x74  GUIDEV_32.o [2]
  .text.GUI_USAGE_BM_AddHLine
                          ro code   0x806'c6e8     0x74  GUIDEV_UsageBM.o [2]
  .text.LCD_GetpPalConvTableBM
                          ro code   0x806'c75c     0x74  LCD_Color.o [2]
  .rodata                 const     0x806'c7d0     0x70  ShowWaveSignalWindowDLG.o [1]
  .rodata                 const     0x806'c840     0x70  WaveSignalWindowDLG.o [1]
  .text._Index2ColorBulk  ro code   0x806'c8b0     0x70  GUICC_M565.o [2]
  .text._Paint            ro code   0x806'c920     0x70  DROPDOWN_Skin.o [2]
  .text.WM_GetClientRectEx
                          ro code   0x806'c990      0x4  WM_Lib.o [2]
  .text.DROPDOWN__GetpItemLocked
                          ro code   0x806'c994     0x2c  DROPDOWN.o [2]
  .text._SetDevFunc       ro code   0x806'c9c0     0x70  GUIDRV_Lin_16.o [2]
  .text._cbPaintMemDev    ro code   0x806'ca30     0x70  WM.o [2]
  .text.WINDOW_CreateIndirect
                          ro code   0x806'caa0     0x6c  WINDOW.o [2]
  .text._InvalidateNewItem
                          ro code   0x806'cb0c     0x6c  GRAPH_DATA_YT.o [2]
  .text.GRAPH__InvalidateGraph
                          ro code   0x806'cb78     0x64  GRAPH.o [2]
  .rodata                 const     0x806'cbdc     0x68  CHECKBOX_Image.o [2]
  .rodata                 const     0x806'cc44     0x60  SetAlarmWindowDLG.o [1]
  .text                   ro code   0x806'cca4     0x60  system_stm32f7xx.o [1]
  .text._DrawBackgroundH  ro code   0x806'cd04     0x60  SCROLLBAR_SkinFlex.o [2]
  .text._DrawBackgroundV  ro code   0x806'cd64     0x60  SCROLLBAR_SkinFlex.o [2]
  .text._DrawGraspH       ro code   0x806'cdc4     0x60  SCROLLBAR_SkinFlex.o [2]
  .text._DrawGraspV       ro code   0x806'ce24     0x60  SCROLLBAR_SkinFlex.o [2]
  .text._Color2IndexBulk  ro code   0x806'ce84     0x5c  GUICC_M565.o [2]
  .text._SetSize          ro code   0x806'cee0     0x5c  GUIDRV_Lin_16.o [2]
  .rodata                 const     0x806'cf3c     0x58  SetTimeWindowDLG.o [1]
  .text                   ro code   0x806'cf94     0x58  usbd_storage_if.o [1]
  .text.GUI__MixColors    ro code   0x806'cfec     0x58  GUI__Alpha.o [2]
  .rodata                 const     0x806'd044     0x54  AlarmWindowDLG.o [1]
  .text.GUI_CalcColorDist
                          ro code   0x806'd098     0x54  GUI_Common.o [2]
  .text._Color2Index_0    ro code   0x806'd0ec     0x54  GUICC_0.o [2]
  .text.LCD_GetNumColors  ro code   0x806'd140     0x2c  LCD_GetEx.o [2]
  .text.LCD_GetPalette    ro code   0x806'd16c     0x20  LCD_GetEx.o [2]
  .text.GUIPROP_GetCharDistX
                          ro code   0x806'd18c     0x4c  GUI_CharP.o [2]
  .text._GetIndexMask_0   ro code   0x806'd1d8     0x4c  GUICC_0.o [2]
  .rodata                 const     0x806'd224     0x48  SettingsWindowDLG.o [1]
  .text.LCD_AA_MixColors16
                          ro code   0x806'd26c     0x48  LCD_AA.o [2]
  .rodata                 const     0x806'd2b4     0x46  GUI_DrawLine.o [2]
  .text._OnExit           ro code   0x806'd2fc     0x44  GUI_Core.o [2]
  .text._GetPixelIndex    ro code   0x806'd340     0x40  GUIDEV_16.o [2]
  .text._GetPixelIndex    ro code   0x806'd380     0x40  GUIDEV_32.o [2]
  .text._SetAlpha         ro code   0x806'd3c0     0x40  GUIDRV_Lin_16.o [2]
  .text._SetVRAMAddr      ro code   0x806'd400     0x40  GUIDRV_Lin_16.o [2]
  .text._SetVis           ro code   0x806'd440     0x40  GUIDRV_Lin_16.o [2]
  .rodata                 const     0x806'd480     0x3c  WaveSignalWindowDLG.o [1]
  .text._DrawDown         ro code   0x806'd4bc     0x3c  WIDGET_Effect_Simple.o [2]
  .text._DrawUp           ro code   0x806'd4f8     0x3c  WIDGET_Effect_Simple.o [2]
  .text._GetCharWrap      ro code   0x806'd534     0x3c  GUI__Wrap.o [2]
  .text._GetDevProp       ro code   0x806'd570     0x3c  GUIDRV_Lin_16.o [2]
  .text._ShowBuffer       ro code   0x806'd5ac     0x3c  GUIDRV_Lin_16.o [2]
  .rodata                 const     0x806'd5e8     0x38  MidiWindowDLG.o [1]
  .text.GUIMONO_IsInFont  ro code   0x806'd620     0x38  GUI_CharM.o [2]
  .text._Create           ro code   0x806'd658     0x38  BUTTON_Skin.o [2]
  .text._Create           ro code   0x806'd690     0x38  SCROLLBAR_Skin.o [2]
  .text._DrawDownRect     ro code   0x806'd6c8     0x38  WIDGET_Effect_Simple.o [2]
  .text._DrawUpRect       ro code   0x806'd700     0x38  WIDGET_Effect_Simple.o [2]
  .text._GetRect          ro code   0x806'd738     0x38  GUIDEV_16.o [2]
  .text._GetRect          ro code   0x806'd770     0x38  GUIDEV_32.o [2]
  .text._SetBkColor       ro code   0x806'd7a8     0x38  LCD.o [2]
  .text._SetColor         ro code   0x806'd7e0     0x38  LCD.o [2]
  .text._SetVSize         ro code   0x806'd818     0x38  GUIDRV_Lin_16.o [2]
  .rodata                 const     0x806'd850     0x34  ShowWaveSignalWindowDLG.o [1]
  .rodata                 const     0x806'd884     0x34  WindowDLG.o [1]
  .rodata                 const     0x806'd8b8     0x34  GUIDRV_Lin_16.o [2]
  .text.LCD_Index2Color_M565
                          ro code   0x806'd8ec     0x34  GUICC_M565.o [2]
  .text._Create           ro code   0x806'd920     0x30  DROPDOWN_Skin.o [2]
  .text._GetPos           ro code   0x806'd950     0x30  GUIDRV_Lin_16.o [2]
  .text._Init             ro code   0x806'd980     0x30  GUIDRV_Lin_16.o [2]
  .text._SetDrawMode      ro code   0x806'd9b0     0x30  LCD.o [2]
  .text._XorPixel         ro code   0x806'd9e0     0x30  GUIDRV_Lin_16.o [2]
  .text._cbTimer          ro code   0x806'da10     0x30  WM_Timer.o [2]
  .text.GUI_USAGE_BM_AddPixel
                          ro code   0x806'da40     0x2c  GUIDEV_UsageBM.o [2]
  .text._Color2Index_M565
                          ro code   0x806'da6c     0x2c  GUICC_M565.o [2]
  .text._Create           ro code   0x806'da98     0x2c  CHECKBOX_Skin.o [2]
  .text._OnDelete         ro code   0x806'dac4     0x2c  GRAPH_DATA_YT.o [2]
  .text._SetVRAM_BufferPTR
                          ro code   0x806'daf0     0x2c  GUIDRV_Lin_16.o [2]
  .text.CHECKBOX__GetButtonSize
                          ro code   0x806'db1c     0x28  CHECKBOX.o [2]
  .text._OnExit           ro code   0x806'db44     0x28  GUI__Alpha.o [2]
  .text                   ro code   0x806'db6c     0x28  data_init.o [6]
  .rodata                 const     0x806'db94     0x24  AlarmWindowDLG.o [1]
  .rodata                 const     0x806'dbb8     0x24  usbd_storage_if.o [1]
  .text                   ro code   0x806'dbdc     0x22  fpinit_M.o [5]
  .iar.init_table         const     0x806'dc00     0x20  - Linker created -
  .text._Index2Color_0    ro code   0x806'dc20     0x20  GUICC_0.o [2]
  .text                   ro code   0x806'dc40     0x1e  cmain.o [6]
  .text                   ro code   0x806'dc5e      0x4  low_level_init.o [3]
  .text                   ro code   0x806'dc62      0x4  exit.o [3]
  .text                   ro code   0x806'dc68      0xa  cexit.o [6]
  .rodata                 const     0x806'dc74     0x1c  WIDGET_Effect_Simple.o [2]
  .text.GUIPROP_IsInFont  ro code   0x806'dc90     0x1c  GUI_CharP.o [2]
  .text._OnExit           ro code   0x806'dcac     0x1c  LCD_Color.o [2]
  .rodata                 const     0x806'dcc8     0x18  usbd_msc_data.o [1]
  .rodata                 const     0x806'dce0     0x18  GUICC_M565.o [2]
  .rodata                 const     0x806'dcf8     0x18  GUICC_M8888I.o [2]
  .rodata                 const     0x806'dd10     0x18  GUIDEV_UsageBM.o [2]
  .rodata                 const     0x806'dd28     0x18  GUICC_0.o [2]
  .text.GUIMONO_GetCharDistX
                          ro code   0x806'dd40     0x18  GUI_CharM.o [2]
  .text._GetDevProp       ro code   0x806'dd58     0x18  GUIDEV_16.o [2]
  .text._GetRect          ro code   0x806'dd70     0x18  GUIDRV_Lin_16.o [2]
  .text._OnExit           ro code   0x806'dd88     0x18  GUI_PID.o [2]
  .text._SetAlphaMode     ro code   0x806'dda0     0x18  GUIDRV_Lin_16.o [2]
  .text._SetChroma        ro code   0x806'ddb8     0x18  GUIDRV_Lin_16.o [2]
  .text._SetChromaMode    ro code   0x806'ddd0     0x18  GUIDRV_Lin_16.o [2]
  .text._SetPixelIndex    ro code   0x806'dde8     0x18  GUIDRV_Lin_16.o [2]
  .rodata                 const     0x806'de00     0x17  GUI_Core.o [2]
  .rodata                 const     0x806'de18     0x14  sd_diskio.o [1]
  .text.GUI_USAGE_BM_Clear
                          ro code   0x806'de2c     0x14  GUIDEV_UsageBM.o [2]
  .text._Color2IndexBulk_M8888I
                          ro code   0x806'de40     0x14  GUICC_M8888I.o [2]
  .text._DrawVLine        ro code   0x806'de54     0x14  GUIDRV_Lin_16.o [2]
  .text._Index2ColorBulk_M8888I
                          ro code   0x806'de68     0x14  GUICC_M8888I.o [2]
  .rodata                 const     0x806'de7c     0x10  BUTTON_SkinFlex.o [2]
  .rodata                 const     0x806'de8c     0x10  GUI_UC_EncodeNone.o [2]
  .text                   ro code   0x806'de9c     0x10  startup_stm32f746xx.o [1]
  .text._DrawHLine        ro code   0x806'deac     0x10  GUIDRV_Lin_16.o [2]
  .text._DrawHLine        ro code   0x806'debc     0x10  GUIDEV_16.o [2]
  .text._DrawHLine        ro code   0x806'decc     0x10  GUIDEV_32.o [2]
  .text._GetDevData       ro code   0x806'dedc     0x10  GUIDRV_Lin_16.o [2]
  .text._GetDevData       ro code   0x806'deec     0x10  GUIDEV_16.o [2]
  .text._GetDevData       ro code   0x806'defc     0x10  GUIDEV_32.o [2]
  .text._GetDevFunc       ro code   0x806'df0c     0x10  GUIDEV_16.o [2]
  .text._GetDevFunc       ro code   0x806'df1c     0x10  GUIDEV_32.o [2]
  .text._GetPixelIndex    ro code   0x806'df2c     0x10  GUIDRV_Lin_16.o [2]
  .text._OnExit           ro code   0x806'df3c     0x10  GUI_Timer.o [2]
  .rodata                 const     0x806'df4c      0xc  LCD.o [2]
  .text                   ro code   0x806'df58      0xc  cstartup_M.o [6]
  .text._GetDevProp       ro code   0x806'df64      0xc  GUIDEV_32.o [2]
  .text._Off              ro code   0x806'df70      0xc  GUIDRV_Lin_16.o [2]
  .text._On               ro code   0x806'df7c      0xc  GUIDRV_Lin_16.o [2]
  .text._SetOrg           ro code   0x806'df88      0xc  GUIDEV_16.o [2]
  .rodata                 const     0x806'df94      0x8  system_stm32f7xx.o [1]
  .rodata                 const     0x806'df9c      0x8  CHECKBOX_SkinFlex.o [2]
  .text.GUIMONO_GetFontInfo
                          ro code   0x806'dfa4      0x8  GUI_CharM.o [2]
  .text.GUIPROP_GetFontInfo
                          ro code   0x806'dfac      0x8  GUI_CharP.o [2]
  .text.LCD_Index2Color_M888
                          ro code   0x806'dfb4      0x8  GUICC_M888_Index2Color.o [2]
  .text._Encode           ro code   0x806'dfbc      0x8  GUI_UC_EncodeNone.o [2]
  .text._GetIndexMask_M565
                          ro code   0x806'dfc4      0x8  GUICC_M565.o [2]
  .text._GetIndexMask_M8888I
                          ro code   0x806'dfcc      0x8  GUICC_M8888I.o [2]
  .text._SetOrg           ro code   0x806'dfd4      0x8  GUIDEV_32.o [2]
  .rodata                 const     0x806'dfdc      0x6  xlocale_c.o [3]
  .text                   ro code   0x806'dfe2      0x4  startup_stm32f746xx.o [1]
  .text                   ro code   0x806'dfe6      0x4  startup_stm32f746xx.o [1]
  .text                   ro code   0x806'dfea      0x4  startup_stm32f746xx.o [1]
  .text                   ro code   0x806'dfee      0x4  startup_stm32f746xx.o [1]
  .text                   ro code   0x806'dff2      0x4  startup_stm32f746xx.o [1]
  .text                   ro code   0x806'dff6      0x4  startup_stm32f746xx.o [1]
  .text                   ro code   0x806'dffa      0x4  startup_stm32f746xx.o [1]
  .text                   ro code   0x806'dffe      0x4  startup_stm32f746xx.o [1]
  .text                   ro code   0x806'e002      0x4  startup_stm32f746xx.o [1]
  .text                   ro code   0x806'e006      0x4  startup_stm32f746xx.o [1]
  .text                   ro code   0x806'e00a      0x4  startup_stm32f746xx.o [1]
  .text                   ro code   0x806'e00e      0x4  startup_stm32f746xx.o [1]
  .text                   ro code   0x806'e012      0x4  startup_stm32f746xx.o [1]
  .text                   ro code   0x806'e016      0x4  startup_stm32f746xx.o [1]
  .text                   ro code   0x806'e01a      0x4  startup_stm32f746xx.o [1]
  .text                   ro code   0x806'e01e      0x4  startup_stm32f746xx.o [1]
  .text                   ro code   0x806'e022      0x4  startup_stm32f746xx.o [1]
  .text                   ro code   0x806'e026      0x4  startup_stm32f746xx.o [1]
  .text                   ro code   0x806'e02a      0x4  startup_stm32f746xx.o [1]
  .text                   ro code   0x806'e02e      0x4  startup_stm32f746xx.o [1]
  .text                   ro code   0x806'e032      0x4  startup_stm32f746xx.o [1]
  .text                   ro code   0x806'e036      0x4  startup_stm32f746xx.o [1]
  .text                   ro code   0x806'e03a      0x4  startup_stm32f746xx.o [1]
  .text                   ro code   0x806'e03e      0x4  startup_stm32f746xx.o [1]
  .text                   ro code   0x806'e042      0x4  startup_stm32f746xx.o [1]
  .text                   ro code   0x806'e046      0x4  startup_stm32f746xx.o [1]
  .text                   ro code   0x806'e04a      0x4  startup_stm32f746xx.o [1]
  .text                   ro code   0x806'e04e      0x4  startup_stm32f746xx.o [1]
  .text                   ro code   0x806'e052      0x4  startup_stm32f746xx.o [1]
  .text                   ro code   0x806'e056      0x4  startup_stm32f746xx.o [1]
  .text                   ro code   0x806'e05a      0x4  startup_stm32f746xx.o [1]
  .text                   ro code   0x806'e05e      0x4  startup_stm32f746xx.o [1]
  .text                   ro code   0x806'e062      0x4  startup_stm32f746xx.o [1]
  .text                   ro code   0x806'e066      0x4  startup_stm32f746xx.o [1]
  .text                   ro code   0x806'e06a      0x4  startup_stm32f746xx.o [1]
  .text                   ro code   0x806'e06e      0x4  startup_stm32f746xx.o [1]
  .text                   ro code   0x806'e072      0x4  startup_stm32f746xx.o [1]
  .text                   ro code   0x806'e076      0x4  startup_stm32f746xx.o [1]
  .text                   ro code   0x806'e07a      0x4  startup_stm32f746xx.o [1]
[...]
acGUI_Font20_ASCII_004D
                         0x804'5b60     0x28  Data  Lc  F20_ASCII.o [2]
acGUI_Font20_ASCII_004E
                         0x804'5b38     0x28  Data  Lc  F20_ASCII.o [2]
acGUI_Font20_ASCII_004F
                         0x804'5b10     0x28  Data  Lc  F20_ASCII.o [2]
acGUI_Font20_ASCII_0050
                         0x804'5ae8     0x28  Data  Lc  F20_ASCII.o [2]
acGUI_Font20_ASCII_0051
                         0x804'5ac0     0x28  Data  Lc  F20_ASCII.o [2]
acGUI_Font20_ASCII_0052
                         0x804'5a98     0x28  Data  Lc  F20_ASCII.o [2]
acGUI_Font20_ASCII_0053
                         0x804'5a70     0x28  Data  Lc  F20_ASCII.o [2]
acGUI_Font20_ASCII_0054
                         0x804'5a48     0x28  Data  Lc  F20_ASCII.o [2]
acGUI_Font20_ASCII_0055
                         0x804'5a20     0x28  Data  Lc  F20_ASCII.o [2]
acGUI_Font20_ASCII_0056
                         0x804'59f8     0x28  Data  Lc  F20_ASCII.o [2]
acGUI_Font20_ASCII_0057
                         0x804'59bc     0x3c  Data  Lc  F20_ASCII.o [2]
acGUI_Font20_ASCII_0058
                         0x804'5994     0x28  Data  Lc  F20_ASCII.o [2]
acGUI_Font20_ASCII_0059
                         0x804'596c     0x28  Data  Lc  F20_ASCII.o [2]
acGUI_Font20_ASCII_005A
                         0x804'5944     0x28  Data  Lc  F20_ASCII.o [2]
acGUI_Font20_ASCII_005B
                         0x804'5930     0x14  Data  Lc  F20_ASCII.o [2]
acGUI_Font20_ASCII_005C
                         0x804'591c     0x14  Data  Lc  F20_ASCII.o [2]
acGUI_Font20_ASCII_005D
                         0x804'5908     0x14  Data  Lc  F20_ASCII.o [2]
acGUI_Font20_ASCII_005E
                         0x804'58f4     0x14  Data  Lc  F20_ASCII.o [2]
acGUI_Font20_ASCII_005F
                         0x804'58cc     0x28  Data  Lc  F20_ASCII.o [2]
acGUI_Font20_ASCII_0060
                         0x804'58b8     0x14  Data  Lc  F20_ASCII.o [2]
acGUI_Font20_ASCII_0061
                         0x804'5890     0x28  Data  Lc  F20_ASCII.o [2]
acGUI_Font20_ASCII_0062
                         0x804'5868     0x28  Data  Lc  F20_ASCII.o [2]
acGUI_Font20_ASCII_0063
                         0x804'5840     0x28  Data  Lc  F20_ASCII.o [2]
acGUI_Font20_ASCII_0064
                         0x804'5818     0x28  Data  Lc  F20_ASCII.o [2]
acGUI_Font20_ASCII_0065
                         0x804'57f0     0x28  Data  Lc  F20_ASCII.o [2]
acGUI_Font20_ASCII_0066
                         0x804'57dc     0x14  Data  Lc  F20_ASCII.o [2]
acGUI_Font20_ASCII_0067
                         0x804'57b4     0x28  Data  Lc  F20_ASCII.o [2]
acGUI_Font20_ASCII_0068
                         0x804'578c     0x28  Data  Lc  F20_ASCII.o [2]
acGUI_Font20_ASCII_0069
                         0x804'5778     0x14  Data  Lc  F20_ASCII.o [2]
acGUI_Font20_ASCII_006A
                         0x804'5764     0x14  Data  Lc  F20_ASCII.o [2]
acGUI_Font20_ASCII_006B
                         0x804'573c     0x28  Data  Lc  F20_ASCII.o [2]
acGUI_Font20_ASCII_006C
                         0x804'5728     0x14  Data  Lc  F20_ASCII.o [2]
acGUI_Font20_ASCII_006D
                         0x804'5700     0x28  Data  Lc  F20_ASCII.o [2]
acGUI_Font20_ASCII_006E
                         0x804'56d8     0x28  Data  Lc  F20_ASCII.o [2]
acGUI_Font20_ASCII_006F
                         0x804'56b0     0x28  Data  Lc  F20_ASCII.o [2]
acGUI_Font20_ASCII_0070
                         0x804'5688     0x28  Data  Lc  F20_ASCII.o [2]
acGUI_Font20_ASCII_0071
                         0x804'5660     0x28  Data  Lc  F20_ASCII.o [2]
acGUI_Font20_ASCII_0072
                         0x804'564c     0x14  Data  Lc  F20_ASCII.o [2]
acGUI_Font20_ASCII_0073
                         0x804'5624     0x28  Data  Lc  F20_ASCII.o [2]
acGUI_Font20_ASCII_0074
                         0x804'5610     0x14  Data  Lc  F20_ASCII.o [2]
acGUI_Font20_ASCII_0075
                         0x804'55e8     0x28  Data  Lc  F20_ASCII.o [2]
acGUI_Font20_ASCII_0076
                         0x804'55c0     0x28  Data  Lc  F20_ASCII.o [2]
acGUI_Font20_ASCII_0077
                         0x804'5598     0x28  Data  Lc  F20_ASCII.o [2]
acGUI_Font20_ASCII_0078
                         0x804'5584     0x14  Data  Lc  F20_ASCII.o [2]
acGUI_Font20_ASCII_0079
                         0x804'555c     0x28  Data  Lc  F20_ASCII.o [2]
acGUI_Font20_ASCII_007A
                         0x804'5548     0x14  Data  Lc  F20_ASCII.o [2]
acGUI_Font20_ASCII_007B
                         0x804'5534     0x14  Data  Lc  F20_ASCII.o [2]
acGUI_Font20_ASCII_007C
                         0x804'5520     0x14  Data  Lc  F20_ASCII.o [2]
acGUI_Font20_ASCII_007D
                         0x804'550c     0x14  Data  Lc  F20_ASCII.o [2]
acGUI_Font20_ASCII_007E
                         0x804'54e4     0x28  Data  Lc  F20_ASCII.o [2]
add_segment              0x804'1d69    0x1f2  Code  Lc  dlmalloc.o [3]
alarm_hours             0x2000'b8e0      0x4  Data  Gb  SetAlarmWindowDLG.o [1]
alarm_minutes           0x2000'b8e4      0x4  Data  Gb  SetAlarmWindowDLG.o [1]
alarm_seconds           0x2000'b8e8      0x4  Data  Gb  SetAlarmWindowDLG.o [1]
armBitRevIndexTable1024
                         0x803'33d8    0xe10  Data  Gb  arm_common_tables.o [4]
armBitRevIndexTable128   0x803'2b48    0x1a0  Data  Gb  arm_common_tables.o [4]
armBitRevIndexTable16    0x803'2a50     0x28  Data  Gb  arm_common_tables.o [4]
armBitRevIndexTable2048
                         0x803'41e8   0x1dc0  Data  Gb  arm_common_tables.o [4]
armBitRevIndexTable256   0x803'2ce8    0x370  Data  Gb  arm_common_tables.o [4]
armBitRevIndexTable32    0x803'2a78     0x60  Data  Gb  arm_common_tables.o [4]
armBitRevIndexTable512   0x803'3058    0x380  Data  Gb  arm_common_tables.o [4]
armBitRevIndexTable64    0x803'2ad8     0x70  Data  Gb  arm_common_tables.o [4]
arm_bitreversal_16       0x805'8187           Code  Gb  arm_bitreversal2.o [4]
arm_bitreversal_32       0x805'811d           Code  Gb  arm_bitreversal2.o [4]
arm_cfft_f32             0x805'6385    0x186  Code  Gb  arm_cfft_f32.o [4]
arm_cfft_radix8by2_f32   0x805'5e05    0x16a  Code  Gb  arm_cfft_f32.o [4]
arm_cfft_radix8by4_f32   0x805'5f71    0x412  Code  Gb  arm_cfft_f32.o [4]
arm_cmplx_mag_f32        0x805'3add    0x160  Code  Gb  arm_cmplx_mag_f32.o [4]
arm_radix8_butterfly_f32
                         0x805'7b6d    0x5ae  Code  Gb  arm_cfft_radix8_f32.o [4]
arm_rfft_fast_f32        0x805'3a95     0x46  Code  Gb  arm_rfft_fast_f32.o [4]
arm_rfft_fast_init_f32   0x805'3ced    0x140  Code  Gb  arm_rfft_fast_init_f32.o [4]
audio_drv               0x2000'0060      0x4  Data  Gb  stm32746g_discovery_audio.o [1]
calculate_weekday        0x805'2bd3     0x50  Code  Gb  SetTimeWindowDLG.o [1]
checkTouch               0x804'99dd     0x6c  Code  Gb  main.o [1]
check_fs                 0x804'4be9     0x6c  Code  Lc  ff.o [1]
chk_chr                  0x804'400b     0x10  Code  Lc  ff.o [1]
clear_lock               0x804'40c1     0x1a  Code  Lc  ff.o [1]
clust2sect               0x804'4161     0x1a  Code  Lc  ff.o [1]
create_chain             0x804'4327     0xa2  Code  Lc  ff.o [1]
create_name              0x804'4909    0x20e  Code  Lc  ff.o [1]
date                    0x2000'b86c      0x4  Data  Gb  SetTimeWindowDLG.o [1]
dec_lock                 0x804'408d     0x34  Code  Lc  ff.o [1]
dir_find                 0x804'469d    0x150  Code  Lc  ff.o [1]
dir_next                 0x804'4459     0xde  Code  Lc  ff.o [1]
dir_read                 0x804'457f    0x114  Code  Lc  ff.o [1]
dir_sdi                  0x804'43cf     0x8a  Code  Lc  ff.o [1]
disk                    0x2000'b930      0xc  Data  Gb  ff_gen_drv.o [1]
disk_initialize          0x804'50a3     0x26  Code  Gb  diskio.o [1]
disk_read                0x804'50c9      0xc  Code  Gb  diskio.o [1]
disk_status              0x804'5091     0x12  Code  Gb  diskio.o [1]
disk_write               0x804'50d5      0xc  Code  Gb  diskio.o [1]
domain                  0x2000'ba65      0x1  Data  Gb  WaveSignalWindowDLG.o [1]
emWin_LCD_Init           0x804'fab9    0x110  Code  Gb  LCD.o [2]
enable_alarm            0x2000'b8ec      0x4  Data  Gb  SetAlarmWindowDLG.o [1]
exit                     0x806'dc63      0x4  Code  Gb  exit.o [3]
extMem                  0x2000'060c   0x7800  Data  Lc  GUIConf.o [1]
f_closedir               0x804'4fd3     0x1e  Code  Gb  ff.o [1]
f_mount                  0x804'4ed7     0x58  Code  Gb  ff.o [1]
f_opendir                0x804'4f45     0x8e  Code  Gb  ff.o [1]
f_readdir                0x804'4ff9     0x50  Code  Gb  ff.o [1]
fatfs_init_flag         0x2000'ba58      0x1  Data  Gb  WindowDLG.o [1]
ff_convert               0x804'50f5     0x46  Code  Gb  cc936.o [1]
ff_wtoupper              0x804'513d     0x74  Code  Gb  cc936.o [1]
ff_wtoupper::cvt1        0x806'62b4    0x1f4  Data  Lc  cc936.o [1]
ff_wtoupper::cvt2        0x806'64a8     0xbc  Data  Lc  cc936.o [1]
fft_app                  0x805'0905     0x46  Code  Gb  ShowWaveSignalWindowDLG.o [1]
fft_input               0x2000'7e0c    0x800  Data  Gb  ShowWaveSignalWindowDLG.o [1]
fft_instance            0x2000'9610     0x18  Data  Gb  ShowWaveSignalWindowDLG.o [1]
fft_output              0x2000'860c    0x800  Data  Gb  ShowWaveSignalWindowDLG.o [1]
fft_output_mag          0x2000'9628    0x800  Data  Gb  ShowWaveSignalWindowDLG.o [1]
find_volume              0x804'4c55    0x24c  Code  Lc  ff.o [1]
follow_path              0x804'4b2d     0x78  Code  Lc  ff.o [1]
free                     0x804'f65f      0x4  Code  Gb  heaptramp0.o [3]
free_bytes              0x2000'b9d0      0x4  Data  Gb  main.o [1]
get_fat                  0x804'417b     0xae  Code  Lc  ff.o [1]
get_fileinfo             0x804'4805    0x102  Code  Lc  ff.o [1]
get_ldnumber             0x804'4ba5     0x44  Code  Lc  ff.o [1]
hData                   0x2000'b8c0      0x4  Data  Gb  ShowWaveSignalWindowDLG.o [1]
hGraph                  0x2000'b8bc      0x4  Data  Gb  ShowWaveSignalWindowDLG.o [1]
hI2cAudioHandler        0x2000'b5a0     0x4c  Data  Lc  stm32746g_discovery.o [1]
hUsbDeviceFS            0x2000'a22c    0x29c  Data  Gb  usb_device.o [1]
hadc3                   0x2000'b638     0x48  Data  Gb  adc.o [1]
haudio_in_sai           0x2000'b278     0x84  Data  Gb  stm32746g_discovery_audio.o [1]
haudio_out_sai          0x2000'b1f4     0x84  Data  Gb  stm32746g_discovery_audio.o [1]
hcrc                    0x2000'b79c     0x24  Data  Gb  crc.o [1]
hdma_adc3               0x2000'b37c     0x60  Data  Gb  adc.o [1]
hdma_sai2_a             0x2000'ade4     0x60  Data  Gb  sai.o [1]
hdma_sai2_b             0x2000'ae44     0x60  Data  Gb  sai.o [1]
hdma_sdmmc1_rx          0x2000'aea4     0x60  Data  Gb  sdmmc.o [1]
hdma_sdmmc1_tx          0x2000'af04     0x60  Data  Gb  sdmmc.o [1]
hi2c3                   0x2000'b554     0x4c  Data  Gb  i2c.o [1]
hltdc                   0x2000'b024     0xa8  Data  Gb  HW_Init.o [1]
hours                   0x2000'b858      0x4  Data  Gb  SetTimeWindowDLG.o [1]
hpcd_USB_OTG_FS         0x2000'9e28    0x404  Data  Gb  usbd_conf.o [1]
hrtc                    0x2000'b7e0     0x20  Data  Gb  rtc.o [1]
hsai_BlockA2            0x2000'acdc     0x84  Data  Gb  sai.o [1]
hsai_BlockB2            0x2000'ad60     0x84  Data  Gb  sai.o [1]
hsd1                    0x2000'b170     0x84  Data  Gb  sdmmc.o [1]
hsdram1                 0x2000'b680     0x34  Data  Gb  HW_Init.o [1]
htim12                  0x2000'b704     0x40  Data  Gb  tim.o [1]
htim2                   0x2000'b6c4     0x40  Data  Gb  tim.o [1]
huart1                  0x2000'b2fc     0x80  Data  Gb  usart.o [1]
iWin.10679              0x2000'b770      0x4  Data  Lc  WM.o [2]
inc_lock                 0x804'401b     0x72  Code  Lc  ff.o [1]
init_mparams             0x804'19bb     0x32  Code  Lc  dlmalloc.o [3]
init_top                 0x804'19ed     0x36  Code  Lc  dlmalloc.o [3]
inputEnabled            0x2000'01d0      0x4  Data  Lc  wm8994.o [1]
is_alarm                 0x805'014b     0x44  Code  Gb  SetAlarmWindowDLG.o [1]
is_fft_init             0x2000'b8b8      0x1  Data  Gb  ShowWaveSignalWindowDLG.o [1]
is_transfer_ok          0x2000'8e0c      0x1  Data  Gb  ShowWaveSignalWindowDLG.o [1]
layer_prop              0x2000'b820     0x1c  Data  Lc  STemwin_wrapper.o [1]
ld_clust                 0x804'453d     0x26  Code  Lc  ff.o [1]
ld_dword                 0x804'3fd3     0x10  Code  Lc  ff.o [1]
ld_word                  0x804'3fcd      0x6  Code  Lc  ff.o [1]
ldexp                    0x804'75f9           Code  Gb  ldexp.o [5]
ldexpl                   0x804'75f9           Code  Gb  ldexp.o [5]
localeconv               0x804'715d      0x4  Code  Gb  xlocale_c.o [3]
main                     0x804'9a49     0x50  Code  Gb  main.o [1]
max_fre                 0x2000'b8c4      0x4  Data  Gb  ShowWaveSignalWindowDLG.o [1]
max_fre_mag             0x2000'b8c8      0x4  Data  Gb  ShowWaveSignalWindowDLG.o [1]
mem_set                  0x804'4001      0xa  Code  Lc  ff.o [1]
memchr                   0x804'7201           Code  Gb  memchr.o [6]
memcmp                   0x804'e90d           Code  Gb  memcmp.o [6]
memcpy                   0x805'772d      0xc  Code  Gb  memcpy.o [6]
memmove                  0x805'4bd9      0xc  Code  Gb  memmove.o [6]
memset                   0x806'a1a1     0x14  Code  Gb  memset.o [6]
merge_rfft_f32           0x805'39f5     0xa0  Code  Gb  arm_rfft_fast_f32.o [4]
merge_str                0x805'311d     0x2e  Code  Gb  MidiWindowDLG.o [1]
midi_files              0x2000'0004     0x50  Data  Gb  MidiWindowDLG.o [1]
midi_folder             0x2000'0054      0x8  Data  Gb  MidiWindowDLG.o [1]
midi_num                0x2000'0000      0x1  Data  Gb  MidiWindowDLG.o [1]
minutes                 0x2000'b85c      0x4  Data  Gb  SetTimeWindowDLG.o [1]
month                   0x2000'b868      0x4  Data  Gb  SetTimeWindowDLG.o [1]
move_window              0x804'4127     0x34  Code  Lc  ff.o [1]
mparams                 0x2000'b8a0     0x18  Data  Lc  dlmalloc.o [3]
oem2uni                  0x801'564c  0x15484  Data  Lc  cc936.o [1]
outputEnabled           0x2000'01cc      0x4  Data  Lc  wm8994.o [1]
prepend_alloc            0x804'1a23    0x346  Code  Lc  dlmalloc.o [3]
put_fat                  0x804'4229     0xea  Code  Lc  ff.o [1]
retSD                   0x2000'b960      0x1  Data  Gb  fatfs.o [1]
root_dir                0x2000'ba59      0x1  Data  Gb  WindowDLG.o [1]
scalbln                  0x804'75f9           Code  Gb  ldexp.o [5]
scalblnl                 0x804'75f9           Code  Gb  ldexp.o [5]
scalbn                   0x804'75f9           Code  Gb  ldexp.o [5]
scalbnl                  0x804'75f9           Code  Gb  ldexp.o [5]
scale                    0x804'6963     0x46  Code  Lc  xprintffull.o [3]
scratch                 0x2000'a704    0x200  Data  Lc  sd_diskio.o [1]
sec_hand                0x2000'ba54      0x4  Data  Lc  xfail_s.o [3]
seconds                 0x2000'b860      0x4  Data  Gb  SetTimeWindowDLG.o [1]
segment_holding          0x804'19a1     0x1a  Code  Lc  dlmalloc.o [3]
set_alarm_dropdown_time_init
                         0x805'00e1     0x6a  Code  Gb  SetAlarmWindowDLG.o [1]
set_rtc_time             0x805'2c25     0x8e  Code  Gb  SetTimeWindowDLG.o [1]
set_time_dropdown_time_init
                         0x805'2b41     0x92  Code  Gb  SetTimeWindowDLG.o [1]
signal_input            0x2000'9210    0x400  Data  Lc  ShowWaveSignalWindowDLG.o [1]
sprintf                  0x804'fde1     0x40  Code  Gb  sprintf.o [3]
st_dword                 0x804'3ff1     0x10  Code  Lc  ff.o [1]
st_word                  0x804'3fe9      0x8  Code  Lc  ff.o [1]
stage_rfft_f32           0x805'3949     0xac  Code  Gb  arm_rfft_fast_f32.o [4]
strcat                   0x805'55d7     0x1e  Code  Gb  strcat.o [3]
strchr                   0x804'7169           Code  Gb  strchr.o [6]
strcmp                   0x805'55c5           Code  Gb  strcmp.o [6]
strlen                   0x804'71c9           Code  Gb  strlen.o [6]
strrchr                  0x805'55a9     0x1a  Code  Gb  strrchr.o [3]
sum_sfn                  0x804'4563     0x1c  Code  Lc  ff.o [1]
sync_window              0x804'40db     0x4c  Code  Lc  ff.o [1]
sys_alloc                0x804'1f61    0x164  Code  Lc  dlmalloc.o [3]
sys_trim                 0x804'20c5     0x64  Code  Lc  dlmalloc.o [3]
tmalloc_large            0x804'2135    0x386  Code  Lc  dlmalloc.o [3]
tmalloc_small            0x804'24bb    0x200  Code  Lc  dlmalloc.o [3]
twiddleCoef_1024         0x802'ca50   0x2000  Data  Gb  arm_common_tables.o [4]
twiddleCoef_128          0x802'ae50    0x400  Data  Gb  arm_common_tables.o [4]
twiddleCoef_16           0x802'aad0     0x80  Data  Gb  arm_common_tables.o [4]
twiddleCoef_2048         0x802'ea50   0x4000  Data  Gb  arm_common_tables.o [4]
twiddleCoef_256          0x802'b250    0x800  Data  Gb  arm_common_tables.o [4]
twiddleCoef_32           0x802'ab50    0x100  Data  Gb  arm_common_tables.o [4]
twiddleCoef_512          0x802'ba50   0x1000  Data  Gb  arm_common_tables.o [4]
twiddleCoef_64           0x802'ac50    0x200  Data  Gb  arm_common_tables.o [4]
twiddleCoef_rfft_1024    0x803'6f28   0x1000  Data  Gb  arm_common_tables.o [4]
twiddleCoef_rfft_128     0x803'6128    0x200  Data  Gb  arm_common_tables.o [4]
twiddleCoef_rfft_2048    0x803'7f28   0x2000  Data  Gb  arm_common_tables.o [4]
twiddleCoef_rfft_256     0x803'6328    0x400  Data  Gb  arm_common_tables.o [4]
twiddleCoef_rfft_32      0x803'5fa8     0x80  Data  Gb  arm_common_tables.o [4]
twiddleCoef_rfft_4096    0x803'9f28   0x4000  Data  Gb  arm_common_tables.o [4]
twiddleCoef_rfft_512     0x803'6728    0x800  Data  Gb  arm_common_tables.o [4]
twiddleCoef_rfft_64      0x803'6028    0x100  Data  Gb  arm_common_tables.o [4]
uni2oem                  0x800'01c8  0x15484  Data  Lc  cc936.o [1]
update_date              0x804'e679     0xc4  Code  Gb  WindowDLG.o [1]
uwTick                  0x2000'0068      0x4  Data  Gb  stm32f7xx_hal.o [1]
uwTickFreq              0x2000'0064      0x1  Data  Gb  stm32f7xx_hal.o [1]
uwTickPrio              0x2000'006c      0x4  Data  Gb  stm32f7xx_hal.o [1]
validate                 0x804'4ea1     0x36  Code  Lc  ff.o [1]
wave_signal             0x2000'8e10    0x400  Data  Gb  ShowWaveSignalWindowDLG.o [1]
weekday                 0x2000'b9d8      0x4  Data  Gb  SetTimeWindowDLG.o [1]
wm8994_DeInit            0x806'05ad      0x4  Code  Gb  wm8994.o [1]
wm8994_Init              0x806'0081    0x516  Code  Gb  wm8994.o [1]
wm8994_Pause             0x806'05c7     0x14  Code  Gb  wm8994.o [1]
wm8994_Play              0x806'05c5      0x2  Code  Gb  wm8994.o [1]
wm8994_ReadID            0x806'05b1     0x14  Code  Gb  wm8994.o [1]
wm8994_Reset             0x806'084f     0x14  Code  Gb  wm8994.o [1]
wm8994_Resume            0x806'05e1      0x2  Code  Gb  wm8994.o [1]
wm8994_SetFrequency      0x806'07ef     0x60  Code  Gb  wm8994.o [1]
wm8994_SetMute           0x806'0711     0x36  Code  Gb  wm8994.o [1]
wm8994_SetOutputMode     0x806'0747     0xa2  Code  Gb  wm8994.o [1]
wm8994_SetVolume         0x806'0641     0xc4  Code  Gb  wm8994.o [1]
wm8994_Stop              0x806'05e7     0x5a  Code  Gb  wm8994.o [1]
wm8994_drv              0x2000'0198     0x30  Data  Gb  wm8994.o [1]
year                    0x2000'b864      0x4  Data  Gb  SetTimeWindowDLG.o [1]


[1] = F:\none\Study\Electron\Embedded-System-Design\design\EWARM\design\Obj
[2] = STemWin_CM7_wc32_ot_ARGB.a
[3] = dl7M_tlf.a
[4] = iar_cortexM7ls_math.a
[5] = m7M_tls.a
[6] = rt7M_tl.a
[7] = shb_l.a

  157 283 bytes of readonly  code memory
  294 450 bytes of readonly  data memory
   88 682 bytes of readwrite data memory

Errors: none
Warnings: none
